Component: ARM Compiler 5.05 update 1 (build 106) Tool: armlink [4d0efa]

==============================================================================

Section Cross References

    startup_stm32f103xe.o(RESET) refers to startup_stm32f103xe.o(STACK) for __initial_sp
    startup_stm32f103xe.o(RESET) refers to startup_stm32f103xe.o(.text) for Reset_Handler
    startup_stm32f103xe.o(RESET) refers to stm32f1xx_it.o(i.NMI_Handler) for NMI_Handler
    startup_stm32f103xe.o(RESET) refers to stm32f1xx_it.o(i.HardFault_Handler) for HardFault_Handler
    startup_stm32f103xe.o(RESET) refers to stm32f1xx_it.o(i.MemManage_Handler) for MemManage_Handler
    startup_stm32f103xe.o(RESET) refers to stm32f1xx_it.o(i.BusFault_Handler) for BusFault_Handler
    startup_stm32f103xe.o(RESET) refers to stm32f1xx_it.o(i.UsageFault_Handler) for UsageFault_Handler
    startup_stm32f103xe.o(RESET) refers to stm32f1xx_it.o(i.SVC_Handler) for SVC_Handler
    startup_stm32f103xe.o(RESET) refers to stm32f1xx_it.o(i.DebugMon_Handler) for DebugMon_Handler
    startup_stm32f103xe.o(RESET) refers to stm32f1xx_it.o(i.PendSV_Handler) for PendSV_Handler
    startup_stm32f103xe.o(RESET) refers to stm32f1xx_it.o(i.SysTick_Handler) for SysTick_Handler
    startup_stm32f103xe.o(RESET) refers to stm32f1xx_it.o(i.DMA1_Channel6_IRQHandler) for DMA1_Channel6_IRQHandler
    startup_stm32f103xe.o(RESET) refers to stm32f1xx_it.o(i.DMA1_Channel7_IRQHandler) for DMA1_Channel7_IRQHandler
    startup_stm32f103xe.o(RESET) refers to stm32f1xx_it.o(i.SPI2_IRQHandler) for SPI2_IRQHandler
    startup_stm32f103xe.o(RESET) refers to stm32f1xx_it.o(i.USART2_IRQHandler) for USART2_IRQHandler
    startup_stm32f103xe.o(RESET) refers to stm32f1xx_it.o(i.SDIO_IRQHandler) for SDIO_IRQHandler
    startup_stm32f103xe.o(RESET) refers to stm32f1xx_it.o(i.TIM6_IRQHandler) for TIM6_IRQHandler
    startup_stm32f103xe.o(RESET) refers to stm32f1xx_it.o(i.DMA2_Channel4_5_IRQHandler) for DMA2_Channel4_5_IRQHandler
    startup_stm32f103xe.o(.text) refers to system_stm32f1xx.o(i.SystemInit) for SystemInit
    startup_stm32f103xe.o(.text) refers to entry.o(.ARM.Collect$$$$00000000) for __main
    main.o(i.Enter_StandBy) refers to stm32f1xx_hal_pwr.o(i.HAL_PWR_DisableWakeUpPin) for HAL_PWR_DisableWakeUpPin
    main.o(i.Enter_StandBy) refers to stm32f1xx_hal_pwr.o(i.HAL_PWR_EnableWakeUpPin) for HAL_PWR_EnableWakeUpPin
    main.o(i.Enter_StandBy) refers to tftlcd.o(i.LCD_Clear) for LCD_Clear
    main.o(i.Enter_StandBy) refers to stm32f1xx_hal_pwr.o(i.HAL_PWR_EnterSTANDBYMode) for HAL_PWR_EnterSTANDBYMode
    main.o(i.HAL_TIM_PeriodElapsedCallback) refers to main.o(i.Enter_StandBy) for Enter_StandBy
    main.o(i.HAL_TIM_PeriodElapsedCallback) refers to lv_hal_tick.o(i.lv_tick_inc) for lv_tick_inc
    main.o(i.HAL_TIM_PeriodElapsedCallback) refers to mpu6050.o(.data) for MPU_Sample
    main.o(i.HAL_TIM_PeriodElapsedCallback) refers to main.o(.data) for .data
    main.o(i.HAL_TIM_PeriodElapsedCallback) refers to main.o(.bss) for .bss
    main.o(i.MPU_Init_Wrap) refers to printf3.o(i.__0printf$3) for __2printf
    main.o(i.MPU_Init_Wrap) refers to mpu6050.o(i.MPU_Init) for MPU_Init
    main.o(i.MPU_Init_Wrap) refers to mpu6050.o(i.MPU_INT_Init) for MPU_INT_Init
    main.o(i.MX_ADC1_Init) refers to stm32f1xx_hal_adc.o(i.HAL_ADC_Init) for HAL_ADC_Init
    main.o(i.MX_ADC1_Init) refers to stm32f1xx_hal_adc.o(i.HAL_ADC_ConfigChannel) for HAL_ADC_ConfigChannel
    main.o(i.MX_ADC1_Init) refers to main.o(.bss) for .bss
    main.o(i.MX_DMA_Init) refers to stm32f1xx_hal_cortex.o(i.HAL_NVIC_SetPriority) for HAL_NVIC_SetPriority
    main.o(i.MX_DMA_Init) refers to stm32f1xx_hal_cortex.o(i.HAL_NVIC_EnableIRQ) for HAL_NVIC_EnableIRQ
    main.o(i.MX_GPIO_Init) refers to stm32f1xx_hal_gpio.o(i.HAL_GPIO_WritePin) for HAL_GPIO_WritePin
    main.o(i.MX_GPIO_Init) refers to stm32f1xx_hal_gpio.o(i.HAL_GPIO_Init) for HAL_GPIO_Init
    main.o(i.MX_SPI2_Init) refers to stm32f1xx_hal_spi.o(i.HAL_SPI_Init) for HAL_SPI_Init
    main.o(i.MX_SPI2_Init) refers to main.o(.bss) for .bss
    main.o(i.SD_FAT_WRITE) refers to ff.o(i.f_open) for f_open
    main.o(i.SD_FAT_WRITE) refers to printf3.o(i.__0printf$3) for __2printf
    main.o(i.SD_FAT_WRITE) refers to ff.o(i.f_write) for f_write
    main.o(i.SD_FAT_WRITE) refers to ff.o(i.f_close) for f_close
    main.o(i.SD_FAT_WRITE) refers to main.o(.bss) for .bss
    main.o(i.SD_FAT_WRITE) refers to fatfs.o(.data) for retSD
    main.o(i.SystemClock_Config) refers to memseta.o(.text) for __aeabi_memclr4
    main.o(i.SystemClock_Config) refers to stm32f1xx_hal_rcc.o(i.HAL_RCC_OscConfig) for HAL_RCC_OscConfig
    main.o(i.SystemClock_Config) refers to stm32f1xx_hal_rcc.o(i.HAL_RCC_ClockConfig) for HAL_RCC_ClockConfig
    main.o(i.SystemClock_Config) refers to stm32f1xx_hal_rcc_ex.o(i.HAL_RCCEx_PeriphCLKConfig) for HAL_RCCEx_PeriphCLKConfig
    main.o(i.main) refers to stm32f1xx_hal.o(i.HAL_Init) for HAL_Init
[...]
    _lv_disp_ll                              0x20001d1c   Data          12  lv_gc.o(.bss)
    _lv_indev_ll                             0x20001d28   Data          12  lv_gc.o(.bss)
    _lv_drv_ll                               0x20001d34   Data          12  lv_gc.o(.bss)
    _lv_anim_ll                              0x20001d40   Data          12  lv_gc.o(.bss)
    _lv_group_ll                             0x20001d4c   Data          12  lv_gc.o(.bss)
    _lv_img_defoder_ll                       0x20001d58   Data          12  lv_gc.o(.bss)
    fs_lv_sd                                 0x20007de4   Data         560  lv_port_fs.o(.bss)
    disk                                     0x2000802c   Data          12  ff_gen_drv.o(.bss)
    __initial_sp                             0x20009038   Data           0  startup_stm32f103xe.o(STACK)



==============================================================================

Memory Map of the image

  Image Entry point : 0x08000131

  Load Region LR_IROM1 (Base: 0x08000000, Size: 0x0001dce4, Max: 0x00040000, ABSOLUTE, COMPRESSED[0x0001d604])

    Execution Region ER_IROM1 (Base: 0x08000000, Size: 0x0001cf84, Max: 0x00040000, ABSOLUTE)

    Base Addr    Size         Type   Attr      Idx    E Section Name        Object

    0x08000000   0x00000130   Data   RO            3    RESET               startup_stm32f103xe.o
    0x08000130   0x00000000   Code   RO        14525  * .ARM.Collect$$$$00000000  mc_w.l(entry.o)
    0x08000130   0x00000004   Code   RO        14815    .ARM.Collect$$$$00000001  mc_w.l(entry2.o)
    0x08000134   0x00000004   Code   RO        14818    .ARM.Collect$$$$00000004  mc_w.l(entry5.o)
    0x08000138   0x00000000   Code   RO        14820    .ARM.Collect$$$$00000008  mc_w.l(entry7b.o)
    0x08000138   0x00000000   Code   RO        14822    .ARM.Collect$$$$0000000A  mc_w.l(entry8b.o)
    0x08000138   0x00000008   Code   RO        14823    .ARM.Collect$$$$0000000B  mc_w.l(entry9a.o)
    0x08000140   0x00000000   Code   RO        14825    .ARM.Collect$$$$0000000D  mc_w.l(entry10a.o)
    0x08000140   0x00000000   Code   RO        14827    .ARM.Collect$$$$0000000F  mc_w.l(entry11a.o)
    0x08000140   0x00000004   Code   RO        14816    .ARM.Collect$$$$00002712  mc_w.l(entry2.o)
    0x08000144   0x00000024   Code   RO            4    .text               startup_stm32f103xe.o
    0x08000168   0x00000024   Code   RO        14530    .text               mc_w.l(memcpya.o)
    0x0800018c   0x00000024   Code   RO        14532    .text               mc_w.l(memseta.o)
    0x080001b0   0x0000000e   Code   RO        14534    .text               mc_w.l(strlen.o)
    0x080001be   0x0000001c   Code   RO        14536    .text               mc_w.l(strcmp.o)
    0x080001da   0x00000012   Code   RO        14538    .text               mc_w.l(strcpy.o)
    0x080001ec   0x0000002c   Code   RO        14830    .text               mc_w.l(uidiv.o)
    0x08000218   0x00000024   Code   RO        14849    .text               mc_w.l(init.o)
    0x0800023c   0x00000056   Code   RO        14859    .text               mc_w.l(__dczerorl2.o)
    0x08000292   0x00000002   PAD
    0x08000294   0x0000004c   Code   RO          926    i.ADC_ConversionStop_Disable  stm32f1xx_hal_adc.o
    0x080002e0   0x00000070   Code   RO          930    i.ADC_Enable        stm32f1xx_hal_adc.o
    0x08000350   0x00000002   Code   RO        13865    i.BSP_SD_AbortCallback  bsp_driver_sd.o
    0x08000352   0x00000002   PAD
    0x08000354   0x0000000c   Code   RO        13868    i.BSP_SD_GetCardInfo  bsp_driver_sd.o
    0x08000360   0x00000018   Code   RO        13869    i.BSP_SD_GetCardState  bsp_driver_sd.o
    0x08000378   0x00000030   Code   RO        13871    i.BSP_SD_Init       bsp_driver_sd.o
    0x080003a8   0x0000000e   Code   RO        13872    i.BSP_SD_IsDetected  bsp_driver_sd.o
    0x080003b6   0x00000002   PAD
    0x080003b8   0x00000020   Code   RO        13873    i.BSP_SD_ReadBlocks  bsp_driver_sd.o
    0x080003d8   0x00000002   Code   RO        13875    i.BSP_SD_ReadCpltCallback  bsp_driver_sd.o
    0x080003da   0x00000002   PAD
    0x080003dc   0x00000020   Code   RO        13876    i.BSP_SD_WriteBlocks  bsp_driver_sd.o
    0x080003fc   0x00000002   Code   RO        13878    i.BSP_SD_WriteCpltCallback  bsp_driver_sd.o
    0x080003fe   0x00000002   PAD
    0x08000400   0x0000005c   Code   RO         4679    i.Ble_DataProcess   ble.o
    0x0800045c   0x00000002   Code   RO          515    i.BusFault_Handler  stm32f1xx_it.o
    0x0800045e   0x00000012   Code   RO           13    i.Char_alt          main.o
    0x08000470   0x0000000c   Code   RO          516    i.DMA1_Channel6_IRQHandler  stm32f1xx_it.o
    0x0800047c   0x0000000c   Code   RO          517    i.DMA1_Channel7_IRQHandler  stm32f1xx_it.o
    0x08000488   0x0000000c   Code   RO          518    i.DMA2_Channel4_5_IRQHandler  stm32f1xx_it.o
    0x08000494   0x0000002a   Code   RO         1580    i.DMA_SetConfig     stm32f1xx_hal_dma.o
    0x080004be   0x00000002   Code   RO          519    i.DebugMon_Handler  stm32f1xx_it.o
    0x080004c0   0x00000030   Code   RO           14    i.Enter_StandBy     main.o
    0x080004f0   0x00000004   Code   RO           15    i.Error_Handler     main.o
    0x080004f4   0x00000006   Code   RO        14402    i.FATFS_LinkDriver  ff_gen_drv.o
    0x080004fa   0x00000002   PAD
    0x080004fc   0x00000040   Code   RO        14403    i.FATFS_LinkDriverEx  ff_gen_drv.o
    0x0800053c   0x0000006a   Code   RO         4631    i.Get_Adc1_Average  pulse.o
    0x080005a6   0x00000002   PAD
    0x080005a8   0x0000002c   Code   RO         4632    i.Get_Adc1_val      pulse.o
    0x080005d4   0x0000001e   Code   RO         4633    i.Get_Array_Max     pulse.o
    0x080005f2   0x00000002   PAD
    0x080005f4   0x00000098   Code   RO        13698    i.Gui_View          gui_test.o
    0x0800068c   0x000000fc   Code   RO          932    i.HAL_ADC_ConfigChannel  stm32f1xx_hal_adc.o
    0x08000788   0x00000004   Code   RO          938    i.HAL_ADC_GetState  stm32f1xx_hal_adc.o
    0x0800078c   0x00000006   Code   RO          939    i.HAL_ADC_GetValue  stm32f1xx_hal_adc.o
    0x08000792   0x00000002   PAD
    0x08000794   0x00000124   Code   RO          941    i.HAL_ADC_Init      stm32f1xx_hal_adc.o
    0x080008b8   0x00000058   Code   RO          806    i.HAL_ADC_MspInit   stm32f1xx_hal_msp.o
    0x08000910   0x00000130   Code   RO          945    i.HAL_ADC_PollForConversion  stm32f1xx_hal_adc.o
    0x08000a40   0x000000c0   Code   RO          947    i.HAL_ADC_Start     stm32f1xx_hal_adc.o
    0x08000b00   0x00000130   Code   RO         1582    i.HAL_DMA_Abort_IT  stm32f1xx_hal_dma.o
    0x08000c30   0x00000248   Code   RO         1586    i.HAL_DMA_IRQHandler  stm32f1xx_hal_dma.o
    0x08000e78   0x0000007c   Code   RO         1587    i.HAL_DMA_Init      stm32f1xx_hal_dma.o
    0x08000ef4   0x00000070   Code   RO         1591    i.HAL_DMA_Start_IT  stm32f1xx_hal_dma.o
    0x08000f64   0x00000024   Code   RO         1209    i.HAL_Delay         stm32f1xx_hal.o
    0x08000f88   0x000001f8   Code   RO         1517    i.HAL_GPIO_Init     stm32f1xx_hal_gpio.o
    0x08001180   0x0000000a   Code   RO         1519    i.HAL_GPIO_ReadPin  stm32f1xx_hal_gpio.o
    0x0800118a   0x0000000a   Code   RO         1521    i.HAL_GPIO_WritePin  stm32f1xx_hal_gpio.o
    0x08001194   0x0000000c   Code   RO         1213    i.HAL_GetTick       stm32f1xx_hal.o
    0x080011a0   0x00000010   Code   RO         1219    i.HAL_IncTick       stm32f1xx_hal.o
    0x080011b0   0x00000024   Code   RO         1220    i.HAL_Init          stm32f1xx_hal.o
    0x080011d4   0x00000040   Code   RO         1221    i.HAL_InitTick      stm32f1xx_hal.o
    0x08001214   0x0000003c   Code   RO          807    i.HAL_MspInit       stm32f1xx_hal_msp.o
    0x08001250   0x0000001a   Code   RO         1677    i.HAL_NVIC_EnableIRQ  stm32f1xx_hal_cortex.o
    0x0800126a   0x00000002   PAD
    0x0800126c   0x00000040   Code   RO         1683    i.HAL_NVIC_SetPriority  stm32f1xx_hal_cortex.o
    0x080012ac   0x00000024   Code   RO         1684    i.HAL_NVIC_SetPriorityGrouping  stm32f1xx_hal_cortex.o
    0x080012d0   0x0000001c   Code   RO         1798    i.HAL_PWR_DisableWakeUpPin  stm32f1xx_hal_pwr.o
    0x080012ec   0x0000001c   Code   RO         1803    i.HAL_PWR_EnableWakeUpPin  stm32f1xx_hal_pwr.o
    0x08001308   0x00000020   Code   RO         1805    i.HAL_PWR_EnterSTANDBYMode  stm32f1xx_hal_pwr.o
    0x08001328   0x000000d4   Code   RO         1479    i.HAL_RCCEx_GetPeriphCLKFreq  stm32f1xx_hal_rcc_ex.o
    0x080013fc   0x000000ec   Code   RO         1480    i.HAL_RCCEx_PeriphCLKConfig  stm32f1xx_hal_rcc_ex.o
    0x080014e8   0x0000012c   Code   RO         1377    i.HAL_RCC_ClockConfig  stm32f1xx_hal_rcc.o
    0x08001614   0x00000020   Code   RO         1384    i.HAL_RCC_GetPCLK1Freq  stm32f1xx_hal_rcc.o
    0x08001634   0x00000020   Code   RO         1385    i.HAL_RCC_GetPCLK2Freq  stm32f1xx_hal_rcc.o
    0x08001654   0x0000006c   Code   RO         1386    i.HAL_RCC_GetSysClockFreq  stm32f1xx_hal_rcc.o
    0x080016c0   0x00000320   Code   RO         1389    i.HAL_RCC_OscConfig  stm32f1xx_hal_rcc.o
    0x080019e0   0x00000008   Code   RO        13879    i.HAL_SD_AbortCallback  bsp_driver_sd.o
    0x080019e8   0x000000f4   Code   RO         2444    i.HAL_SD_ConfigWideBusOperation  stm32f1xx_hal_sd.o
    0x08001adc   0x00000002   Code   RO         2447    i.HAL_SD_ErrorCallback  stm32f1xx_hal_sd.o
    0x08001ade   0x00000002   PAD
    0x08001ae0   0x00000198   Code   RO         2449    i.HAL_SD_GetCardCSD  stm32f1xx_hal_sd.o
    0x08001c78   0x00000024   Code   RO         2450    i.HAL_SD_GetCardInfo  stm32f1xx_hal_sd.o
    0x08001c9c   0x0000002c   Code   RO         2451    i.HAL_SD_GetCardState  stm32f1xx_hal_sd.o
    0x08001cc8   0x00000208   Code   RO         2455    i.HAL_SD_IRQHandler  stm32f1xx_hal_sd.o
    0x08001ed0   0x00000036   Code   RO         2456    i.HAL_SD_Init       stm32f1xx_hal_sd.o
    0x08001f06   0x00000002   PAD
    0x08001f08   0x00000054   Code   RO         2457    i.HAL_SD_InitCard   stm32f1xx_hal_sd.o
    0x08001f5c   0x000000c8   Code   RO          809    i.HAL_SD_MspInit    stm32f1xx_hal_msp.o
    0x08002024   0x000001f8   Code   RO         2460    i.HAL_SD_ReadBlocks  stm32f1xx_hal_sd.o
    0x0800221c   0x00000008   Code   RO        13880    i.HAL_SD_RxCpltCallback  bsp_driver_sd.o
    0x08002224   0x00000008   Code   RO        13881    i.HAL_SD_TxCpltCallback  bsp_driver_sd.o
    0x0800222c   0x000001cc   Code   RO         2465    i.HAL_SD_WriteBlocks  stm32f1xx_hal_sd.o
    0x080023f8   0x00000002   Code   RO         2673    i.HAL_SPI_ErrorCallback  stm32f1xx_hal_spi.o
    0x080023fa   0x00000002   PAD
    0x080023fc   0x000000e0   Code   RO         2676    i.HAL_SPI_IRQHandler  stm32f1xx_hal_spi.o
    0x080024dc   0x000000b2   Code   RO         2677    i.HAL_SPI_Init      stm32f1xx_hal_spi.o
    0x0800258e   0x00000002   PAD
    0x08002590   0x00000070   Code   RO          811    i.HAL_SPI_MspInit   stm32f1xx_hal_msp.o
    0x08002600   0x00000166   Code   RO         2685    i.HAL_SPI_Transmit  stm32f1xx_hal_spi.o
    0x08002766   0x00000028   Code   RO         1688    i.HAL_SYSTICK_Config  stm32f1xx_hal_cortex.o
    0x0800278e   0x00000002   Code   RO         3694    i.HAL_TIMEx_BreakCallback  stm32f1xx_hal_tim_ex.o
    0x08002790   0x00000002   Code   RO         3695    i.HAL_TIMEx_CommutCallback  stm32f1xx_hal_tim_ex.o
    0x08002792   0x00000002   PAD
    0x08002794   0x0000007c   Code   RO         3713    i.HAL_TIMEx_MasterConfigSynchronization  stm32f1xx_hal_tim_ex.o
    0x08002810   0x0000005a   Code   RO         2990    i.HAL_TIM_Base_Init  stm32f1xx_hal_tim.o
    0x0800286a   0x00000002   PAD
    0x0800286c   0x0000003c   Code   RO          813    i.HAL_TIM_Base_MspInit  stm32f1xx_hal_msp.o
    0x080028a8   0x0000006c   Code   RO         2995    i.HAL_TIM_Base_Start_IT  stm32f1xx_hal_tim.o
    0x08002914   0x00000002   Code   RO         3024    i.HAL_TIM_IC_CaptureCallback  stm32f1xx_hal_tim.o
    0x08002916   0x00000166   Code   RO         3038    i.HAL_TIM_IRQHandler  stm32f1xx_hal_tim.o
    0x08002a7c   0x00000002   Code   RO         3041    i.HAL_TIM_OC_DelayElapsedCallback  stm32f1xx_hal_tim.o
    0x08002a7e   0x00000002   Code   RO         3068    i.HAL_TIM_PWM_PulseFinishedCallback  stm32f1xx_hal_tim.o
    0x08002a80   0x00000060   Code   RO           16    i.HAL_TIM_PeriodElapsedCallback  main.o
    0x08002ae0   0x00000002   Code   RO         3081    i.HAL_TIM_TriggerCallback  stm32f1xx_hal_tim.o
    0x08002ae2   0x00000002   Code   RO         3982    i.HAL_UART_ErrorCallback  stm32f1xx_hal_uart.o
    0x08002ae4   0x0000015c   Code   RO         3985    i.HAL_UART_IRQHandler  stm32f1xx_hal_uart.o
    0x08002c40   0x00000062   Code   RO         3986    i.HAL_UART_Init     stm32f1xx_hal_uart.o
    0x08002ca2   0x00000002   PAD
    0x08002ca4   0x00000134   Code   RO          815    i.HAL_UART_MspInit  stm32f1xx_hal_msp.o
    0x08002dd8   0x00000098   Code   RO         3990    i.HAL_UART_Receive_DMA  stm32f1xx_hal_uart.o
    0x08002e70   0x00000002   Code   RO         3992    i.HAL_UART_RxCpltCallback  stm32f1xx_hal_uart.o
    0x08002e72   0x00000002   Code   RO         3993    i.HAL_UART_RxHalfCpltCallback  stm32f1xx_hal_uart.o
    0x08002e74   0x000000b2   Code   RO         3994    i.HAL_UART_Transmit  stm32f1xx_hal_uart.o
    0x08002f26   0x00000002   Code   RO         3997    i.HAL_UART_TxCpltCallback  stm32f1xx_hal_uart.o
    0x08002f28   0x00000002   Code   RO          520    i.HardFault_Handler  stm32f1xx_it.o
    0x08002f2a   0x00000052   Code   RO         4348    i.LCD_Address_Set   tftlcd.o
    0x08002f7c   0x00000064   Code   RO         4349    i.LCD_Clear         tftlcd.o
    0x08002fe0   0x00000078   Code   RO         4350    i.LCD_Color_Fill    tftlcd.o
    0x08003058   0x0000003c   Code   RO         4354    i.LCD_Gpio_Init     tftlcd.o
    0x08003094   0x00000198   Code   RO         4355    i.LCD_Init          tftlcd.o
    0x0800322c   0x00000040   Code   RO         4356    i.LCD_SPI_Send      tftlcd.o
    0x0800326c   0x0000001c   Code   RO         4357    i.LCD_Write_Cmd     tftlcd.o
    0x08003288   0x0000001c   Code   RO         4358    i.LCD_Write_Data    tftlcd.o
    0x080032a4   0x00000032   Code   RO         4447    i.MPU_Get_Accelerometer  mpu6050.o
    0x080032d6   0x00000002   PAD
    0x080032d8   0x00000054   Code   RO         4559    i.MPU_IIC_Ack       mpuiic.o
    0x0800332c   0x0000000c   Code   RO         4560    i.MPU_IIC_Delay     mpuiic.o
    0x08003338   0x00000002   Code   RO         4561    i.MPU_IIC_Init      mpuiic.o
    0x0800333a   0x00000002   PAD
    0x0800333c   0x00000054   Code   RO         4562    i.MPU_IIC_NAck      mpuiic.o
    0x08003390   0x00000074   Code   RO         4563    i.MPU_IIC_Read_Byte  mpuiic.o
    0x08003404   0x00000068   Code   RO         4564    i.MPU_IIC_Send_Byte  mpuiic.o
    0x0800346c   0x00000054   Code   RO         4565    i.MPU_IIC_Start     mpuiic.o
    0x080034c0   0x00000054   Code   RO         4566    i.MPU_IIC_Stop      mpuiic.o
    0x08003514   0x0000006c   Code   RO         4567    i.MPU_IIC_Wait_Ack  mpuiic.o
    0x08003580   0x0000002a   Code   RO         4450    i.MPU_INT_Init      mpu6050.o
    0x080035aa   0x00000076   Code   RO         4451    i.MPU_Init          mpu6050.o
    0x08003620   0x00000024   Code   RO           17    i.MPU_Init_Wrap     main.o
    0x08003644   0x0000003a   Code   RO         4452    i.MPU_Read_Byte     mpu6050.o
    0x0800367e   0x00000002   PAD
    0x08003680   0x0000006c   Code   RO         4453    i.MPU_Read_Len      mpu6050.o
    0x080036ec   0x0000000a   Code   RO         4454    i.MPU_Set_Accel_Fsr  mpu6050.o
    0x080036f6   0x0000000a   Code   RO         4455    i.MPU_Set_Gyro_Fsr  mpu6050.o
    0x08003700   0x00000030   Code   RO         4456    i.MPU_Set_LPF       mpu6050.o
    0x08003730   0x0000002e   Code   RO         4457    i.MPU_Set_Rate      mpu6050.o
    0x0800375e   0x0000003c   Code   RO         4458    i.MPU_Write_Byte    mpu6050.o
    0x0800379a   0x00000002   PAD
    0x0800379c   0x0000004c   Code   RO           18    i.MX_ADC1_Init      main.o
    0x080037e8   0x0000005c   Code   RO           19    i.MX_DMA_Init       main.o
    0x08003844   0x0000001c   Code   RO        13998    i.MX_FATFS_Init     fatfs.o
    0x08003860   0x00000098   Code   RO           20    i.MX_GPIO_Init      main.o
    0x080038f8   0x00000040   Code   RO           21    i.MX_SPI2_Init      main.o
    0x08003938   0x00000002   Code   RO          521    i.MemManage_Handler  stm32f1xx_it.o
    0x0800393a   0x00000016   Code   RO         4460    i.Motion_Interrupt  mpu6050.o
    0x08003950   0x00000060   Code   RO         4461    i.Mpu_Key           mpu6050.o
    0x080039b0   0x00000002   Code   RO          522    i.NMI_Handler       stm32f1xx_it.o
    0x080039b2   0x00000002   PAD
    0x080039b4   0x00000054   Code   RO        13699    i.Navig_Process     gui_test.o
    0x08003a08   0x0000002c   Code   RO        13700    i.Note_Process      gui_test.o
    0x08003a34   0x00000002   Code   RO          523    i.PendSV_Handler    stm32f1xx_it.o
    0x08003a36   0x00000002   PAD
    0x08003a38   0x0000005c   Code   RO        13701    i.Pulse_Process     gui_test.o
    0x08003a94   0x0000002c   Code   RO        13702    i.QQ_Process        gui_test.o
    0x08003ac0   0x00000024   Code   RO         2177    i.SDIO_ConfigData   stm32f1xx_ll_sdmmc.o
    0x08003ae4   0x00000008   Code   RO         2181    i.SDIO_GetPowerState  stm32f1xx_ll_sdmmc.o
    0x08003aec   0x00000006   Code   RO         2182    i.SDIO_GetResponse  stm32f1xx_ll_sdmmc.o
    0x08003af2   0x00000002   PAD
    0x08003af4   0x0000000c   Code   RO          524    i.SDIO_IRQHandler   stm32f1xx_it.o
    0x08003b00   0x00000024   Code   RO         2183    i.SDIO_Init         stm32f1xx_ll_sdmmc.o
    0x08003b24   0x00000010   Code   RO         2185    i.SDIO_PowerState_ON  stm32f1xx_ll_sdmmc.o
    0x08003b34   0x00000006   Code   RO         2186    i.SDIO_ReadFIFO     stm32f1xx_ll_sdmmc.o
    0x08003b3a   0x00000020   Code   RO         2187    i.SDIO_SendCommand  stm32f1xx_ll_sdmmc.o
    0x08003b5a   0x0000000a   Code   RO         2189    i.SDIO_WriteFIFO    stm32f1xx_ll_sdmmc.o
    0x08003b64   0x00000032   Code   RO         2190    i.SDMMC_CmdAppCommand  stm32f1xx_ll_sdmmc.o
    0x08003b96   0x00000002   PAD
    0x08003b98   0x00000034   Code   RO         2191    i.SDMMC_CmdAppOperCommand  stm32f1xx_ll_sdmmc.o
    0x08003bcc   0x00000032   Code   RO         2192    i.SDMMC_CmdBlockLength  stm32f1xx_ll_sdmmc.o
    0x08003bfe   0x00000032   Code   RO         2193    i.SDMMC_CmdBusWidth  stm32f1xx_ll_sdmmc.o
    0x08003c30   0x00000050   Code   RO         2197    i.SDMMC_CmdGoIdleState  stm32f1xx_ll_sdmmc.o
    0x08003c80   0x00000074   Code   RO         2199    i.SDMMC_CmdOperCond  stm32f1xx_ll_sdmmc.o
    0x08003cf4   0x00000032   Code   RO         2200    i.SDMMC_CmdReadMultiBlock  stm32f1xx_ll_sdmmc.o
    0x08003d26   0x00000032   Code   RO         2201    i.SDMMC_CmdReadSingleBlock  stm32f1xx_ll_sdmmc.o
    0x08003d58   0x00000032   Code   RO         2204    i.SDMMC_CmdSelDesel  stm32f1xx_ll_sdmmc.o
    0x08003d8a   0x0000002c   Code   RO         2205    i.SDMMC_CmdSendCID  stm32f1xx_ll_sdmmc.o
    0x08003db6   0x0000002c   Code   RO         2206    i.SDMMC_CmdSendCSD  stm32f1xx_ll_sdmmc.o
    0x08003de2   0x00000030   Code   RO         2207    i.SDMMC_CmdSendSCR  stm32f1xx_ll_sdmmc.o
    0x08003e12   0x00000032   Code   RO         2208    i.SDMMC_CmdSendStatus  stm32f1xx_ll_sdmmc.o
    0x08003e44   0x00000030   Code   RO         2209    i.SDMMC_CmdSetRelAdd  stm32f1xx_ll_sdmmc.o
    0x08003e74   0x00000034   Code   RO         2211    i.SDMMC_CmdStopTransfer  stm32f1xx_ll_sdmmc.o
    0x08003ea8   0x00000032   Code   RO         2213    i.SDMMC_CmdWriteMultiBlock  stm32f1xx_ll_sdmmc.o
    0x08003eda   0x00000032   Code   RO         2214    i.SDMMC_CmdWriteSingleBlock  stm32f1xx_ll_sdmmc.o
    0x08003f0c   0x00000120   Code   RO         2215    i.SDMMC_GetCmdResp1  stm32f1xx_ll_sdmmc.o
    0x0800402c   0x00000050   Code   RO         2216    i.SDMMC_GetCmdResp2  stm32f1xx_ll_sdmmc.o
    0x0800407c   0x00000044   Code   RO         2217    i.SDMMC_GetCmdResp3  stm32f1xx_ll_sdmmc.o
    0x080040c0   0x00000088   Code   RO         2218    i.SDMMC_GetCmdResp6  stm32f1xx_ll_sdmmc.o
    0x08004148   0x00000044   Code   RO         2470    i.SD_DMARxAbort     stm32f1xx_hal_sd.o
    0x0800418c   0x00000044   Code   RO         2472    i.SD_DMATxAbort     stm32f1xx_hal_sd.o
    0x080041d0   0x00000108   Code   RO           22    i.SD_FAT_WRITE      main.o
    0x080042d8   0x000000d4   Code   RO         2473    i.SD_FindSCR        stm32f1xx_hal_sd.o
    0x080043ac   0x000000ee   Code   RO         2474    i.SD_InitCard       stm32f1xx_hal_sd.o
    0x0800449a   0x00000002   PAD
    0x0800449c   0x000000b4   Code   RO         2475    i.SD_PowerON        stm32f1xx_hal_sd.o
    0x08004550   0x00000020   Code   RO        14476    i.SD_initialize     sd_diskio.o
    0x08004570   0x00000050   Code   RO        14477    i.SD_ioctl          sd_diskio.o
    0x080045c0   0x0000003c   Code   RO        14478    i.SD_read           sd_diskio.o
    0x080045fc   0x00000020   Code   RO        14479    i.SD_status         sd_diskio.o
    0x0800461c   0x0000003c   Code   RO        14480    i.SD_write          sd_diskio.o
    0x08004658   0x0000000c   Code   RO          525    i.SPI2_IRQHandler   stm32f1xx_it.o
    0x08004664   0x00000014   Code   RO         4320    i.SPI2_WriteData    spi.o
    0x08004678   0x00000010   Code   RO         2704    i.SPI_DMAAbortOnError  stm32f1xx_hal_spi.o
    0x08004688   0x00000020   Code   RO         2715    i.SPI_EndRxTxTransaction  stm32f1xx_hal_spi.o
    0x080046a8   0x000000b8   Code   RO         2720    i.SPI_WaitFlagStateUntilTimeout  stm32f1xx_hal_spi.o
    0x08004760   0x00000002   Code   RO          526    i.SVC_Handler       stm32f1xx_it.o
    0x08004762   0x00000004   Code   RO          527    i.SysTick_Handler   stm32f1xx_it.o
    0x08004766   0x0000007a   Code   RO           23    i.SystemClock_Config  main.o
    0x080047e0   0x00000002   Code   RO         4283    i.SystemInit        system_stm32f1xx.o
    0x080047e2   0x00000002   PAD
    0x080047e4   0x0000000c   Code   RO          528    i.TIM6_IRQHandler   stm32f1xx_it.o
    0x080047f0   0x0000008c   Code   RO         3083    i.TIM_Base_SetConfig  stm32f1xx_hal_tim.o
    0x0800487c   0x00000010   Code   RO         3999    i.UART_DMAAbortOnError  stm32f1xx_hal_uart.o
    0x0800488c   0x0000004a   Code   RO         4000    i.UART_DMAError     stm32f1xx_hal_uart.o
    0x080048d6   0x0000003c   Code   RO         4001    i.UART_DMAReceiveCplt  stm32f1xx_hal_uart.o
    0x08004912   0x0000000a   Code   RO         4003    i.UART_DMARxHalfCplt  stm32f1xx_hal_uart.o
    0x0800491c   0x0000001c   Code   RO         4009    i.UART_EndRxTransfer  stm32f1xx_hal_uart.o
    0x08004938   0x00000012   Code   RO         4010    i.UART_EndTxTransfer  stm32f1xx_hal_uart.o
    0x0800494a   0x0000008c   Code   RO         4011    i.UART_Receive_IT   stm32f1xx_hal_uart.o
    0x080049d6   0x00000002   PAD
    0x080049d8   0x000000b8   Code   RO         4012    i.UART_SetConfig    stm32f1xx_hal_uart.o
    0x08004a90   0x00000064   Code   RO         4013    i.UART_WaitOnFlagUntilTimeout  stm32f1xx_hal_uart.o
    0x08004af4   0x00000018   Code   RO          529    i.USART2_IRQHandler  stm32f1xx_it.o
    0x08004b0c   0x00000028   Code   RO         4680    i.USER_UART_IDLECallback  ble.o
    0x08004b34   0x0000002c   Code   RO         4681    i.USER_UART_IRQHandler  ble.o
    0x08004b60   0x00000002   Code   RO          530    i.UsageFault_Handler  stm32f1xx_it.o
    0x08004b62   0x00000002   PAD
    0x08004b64   0x0000002c   Code   RO        13703    i.Weather_Process   gui_test.o
    0x08004b90   0x00000020   Code   RO        14631    i.__0printf$3       mc_w.l(printf3.o)
    0x08004bb0   0x00000028   Code   RO        14633    i.__0sprintf$3      mc_w.l(printf3.o)
    0x08004bd8   0x00000020   Code   RO         1690    i.__NVIC_SetPriority  stm32f1xx_hal_cortex.o
    0x08004bf8   0x0000000e   Code   RO        14853    i.__scatterload_copy  mc_w.l(handlers.o)
    0x08004c06   0x00000002   Code   RO        14854    i.__scatterload_null  mc_w.l(handlers.o)
    0x08004c08   0x0000000e   Code   RO        14855    i.__scatterload_zeroinit  mc_w.l(handlers.o)
    0x08004c16   0x00000002   PAD
    0x08004c18   0x000001b8   Code   RO        14638    i._printf_core      mc_w.l(printf3.o)
    0x08004dd0   0x0000000a   Code   RO        14640    i._sputc            mc_w.l(printf3.o)
    0x08004dda   0x00000002   PAD
    0x08004ddc   0x00000080   Code   RO         9025    i.allocate_btn_areas_and_controls  lv_btnm.o
    0x08004e5c   0x00000078   Code   RO         7674    i.anim_ready_handler  lv_anim.o
    0x08004ed4   0x00000098   Code   RO         7675    i.anim_task         lv_anim.o
    0x08004f6c   0x0000003c   Code   RO         6566    i.antialias_get_opa_circ  lv_draw_rect.o
    0x08004fa8   0x00000064   Code   RO        13206    i.arc_init          lv_theme_night.o
    0x0800500c   0x00000094   Code   RO        13207    i.bar_init          lv_theme_night.o
    0x080050a0   0x00000178   Code   RO        13208    i.basic_init        lv_theme_night.o
    0x08005218   0x00000200   Code   RO        13209    i.btn_init          lv_theme_night.o
    0x08005418   0x000000cc   Code   RO        13210    i.btnm_init         lv_theme_night.o
    0x080054e4   0x000001c8   Code   RO        13211    i.calendar_init     lv_theme_night.o
    0x080056ac   0x00000194   Code   RO        13212    i.cb_init           lv_theme_night.o
    0x08005840   0x00000060   Code   RO        12112    i.char_is_accepted  lv_ta.o
    0x080058a0   0x00000060   Code   RO        14085    i.check_fs          ff.o
    0x08005900   0x0000006c   Code   RO        14086    i.chk_lock          ff.o
    0x0800596c   0x00000024   Code   RO        14087    i.clear_lock        ff.o
    0x08005990   0x0000002a   Code   RO        14088    i.clmt_clust        ff.o
    0x080059ba   0x0000001e   Code   RO        14089    i.clust2sect        ff.o
    0x080059d8   0x000000b0   Code   RO        14090    i.create_chain      ff.o
    0x08005a88   0x00000100   Code   RO        14091    i.create_name       ff.o
    0x08005b88   0x0000007e   Code   RO        12113    i.cursor_blink_anim  lv_ta.o
    0x08005c06   0x00000002   PAD
    0x08005c08   0x00000074   Code   RO        13213    i.ddlist_init       lv_theme_night.o
    0x08005c7c   0x0000003c   Code   RO        14092    i.dec_lock          ff.o
    0x08005cb8   0x0000011e   Code   RO        14093    i.dir_next          ff.o
    0x08005dd6   0x00000076   Code   RO        14095    i.dir_register      ff.o
    0x08005e4c   0x00000098   Code   RO        14097    i.dir_sdi           ff.o
    0x08005ee4   0x00000028   Code   RO        14030    i.disk_initialize   diskio.o
    0x08005f0c   0x0000001c   Code   RO        14031    i.disk_ioctl        diskio.o
    0x08005f28   0x0000001c   Code   RO        14032    i.disk_read         diskio.o
    0x08005f44   0x00000018   Code   RO        14033    i.disk_status       diskio.o
    0x08005f5c   0x0000001c   Code   RO        14034    i.disk_write        diskio.o
    0x08005f78   0x0000001e   Code   RO        13365    i.disp_flush        lv_port_disp.o
    0x08005f96   0x0000013e   Code   RO        11722    i.draw_bg           lv_roller.o
    0x080060d4   0x00000016   Code   RO        11361    i.edge_flash_anim   lv_page.o
    0x080060ea   0x0000001e   Code   RO        11362    i.edge_flash_anim_end  lv_page.o
    0x08006108   0x00000024   Code   RO         8308    i.ent_get_next      lv_mem.o
    0x0800612c   0x00000042   Code   RO         8309    i.ent_trunc         lv_mem.o
    0x0800616e   0x0000002a   Code   RO        14099    i.f_close           ff.o
    0x08006198   0x00000284   Code   RO        14103    i.f_lseek           ff.o
    0x0800641c   0x0000005c   Code   RO        14106    i.f_mount           ff.o
    0x08006478   0x000001a0   Code   RO        14107    i.f_open            ff.o
    0x08006618   0x0000018c   Code   RO        14112    i.f_read            ff.o
    0x080067a4   0x000000b2   Code   RO        14116    i.f_sync            ff.o
    0x08006856   0x000001d6   Code   RO        14120    i.f_write           ff.o
    0x08006a2c   0x00000258   Code   RO        14121    i.find_volume       ff.o
    0x08006c84   0x000000ca   Code   RO         4880    i.focus_next_core   lv_group.o
    0x08006d4e   0x00000002   PAD
    0x08006d50   0x000000c0   Code   RO        14122    i.follow_path       ff.o
    0x08006e10   0x00000018   Code   RO         4730    i.fputc             debug.o
    0x08006e28   0x00000010   Code   RO        13639    i.fs_close          lv_port_fs.o
    0x08006e38   0x000000ac   Code   RO        13640    i.fs_open           lv_port_fs.o
    0x08006ee4   0x00000038   Code   RO        13641    i.fs_read           lv_port_fs.o
    0x08006f1c   0x00000030   Code   RO        13642    i.fs_seek           lv_port_fs.o
    0x08006f4c   0x00000038   Code   RO        13643    i.fs_write          lv_port_fs.o
    0x08006f84   0x00000068   Code   RO        13214    i.gauge_init        lv_theme_night.o
    0x08006fec   0x0000007c   Code   RO         9026    i.get_button_from_point  lv_btnm.o
    0x08007068   0x0000000a   Code   RO         9027    i.get_button_width  lv_btnm.o
    0x08007072   0x00000056   Code   RO        12114    i.get_cursor_style  lv_ta.o
    0x080070c8   0x000000c2   Code   RO        14123    i.get_fat           ff.o
    0x0800718a   0x00000002   PAD
    0x0800718c   0x00000118   Code   RO         6913    i.get_glyph_dsc_id  lv_font_fmt_txt.o
    0x080072a4   0x00000090   Code   RO         6914    i.get_kern_value    lv_font_fmt_txt.o
    0x08007334   0x0000003c   Code   RO        14125    i.get_ldnumber      ff.o
    0x08007370   0x00000040   Code   RO         6482    i.hex_char_to_num   lv_draw_label.o
    0x080073b0   0x000000a0   Code   RO        14126    i.inc_lock          ff.o
    0x08007450   0x00000078   Code   RO        11723    i.inf_normalize     lv_roller.o
    0x080074c8   0x0000006c   Code   RO         9028    i.invalidate_button_area  lv_btnm.o
    0x08007534   0x00000014   Code   RO         6915    i.kern_pair_16_compare  lv_font_fmt_txt.o
    0x08007548   0x00000014   Code   RO         6916    i.kern_pair_8_compare  lv_font_fmt_txt.o
    0x0800755c   0x00000080   Code   RO        13215    i.label_init        lv_theme_night.o
    0x080075dc   0x00000014   Code   RO        14127    i.ld_clust          ff.o
    0x080075f0   0x00000084   Code   RO        13216    i.led_init          lv_theme_night.o
    0x08007674   0x00000076   Code   RO         6517    i.line_draw_hor     lv_draw_line.o
    0x080076ea   0x00000002   PAD
    0x080076ec   0x000008fc   Code   RO         6518    i.line_draw_skew    lv_draw_line.o
    0x08007fe8   0x00000070   Code   RO         6519    i.line_draw_ver     lv_draw_line.o
    0x08008058   0x00000076   Code   RO         6520    i.line_init         lv_draw_line.o
    0x080080ce   0x00000054   Code   RO         6521    i.line_next         lv_draw_line.o
    0x08008122   0x00000002   PAD
    0x08008124   0x0000018c   Code   RO        13217    i.list_init         lv_theme_night.o
    0x080082b0   0x00000088   Code   RO        13218    i.lmeter_init       lv_theme_night.o
    0x08008338   0x00000030   Code   RO         7676    i.lv_anim_core_init  lv_anim.o
    0x08008368   0x0000004c   Code   RO         7678    i.lv_anim_create    lv_anim.o
    0x080083b4   0x00000060   Code   RO         7679    i.lv_anim_del       lv_anim.o
    0x08008414   0x00000026   Code   RO         7685    i.lv_anim_path_linear  lv_anim.o
    0x0800843a   0x00000014   Code   RO         7687    i.lv_anim_path_step  lv_anim.o
    0x0800844e   0x00000026   Code   RO         7688    i.lv_anim_speed_to_time  lv_anim.o
    0x08008474   0x0000000c   Code   RO        11363    i.lv_area_get_height  lv_page.o
    0x08008480   0x0000001c   Code   RO         7830    i.lv_area_get_size  lv_area.o
    0x0800849c   0x0000000c   Code   RO         6483    i.lv_area_get_width  lv_draw_label.o
    0x080084a8   0x0000000c   Code   RO        11364    i.lv_area_get_width  lv_page.o
    0x080084b4   0x00000050   Code   RO         7831    i.lv_area_intersect  lv_area.o
    0x08008504   0x0000003a   Code   RO         7832    i.lv_area_is_in     lv_area.o
    0x0800853e   0x00000038   Code   RO         7833    i.lv_area_is_on     lv_area.o
    0x08008576   0x00000032   Code   RO         7834    i.lv_area_is_point_on  lv_area.o
    0x080085a8   0x00000044   Code   RO         7835    i.lv_area_join      lv_area.o
    0x080085ec   0x0000000e   Code   RO         7836    i.lv_area_set       lv_area.o
    0x080085fa   0x0000000a   Code   RO         7837    i.lv_area_set_height  lv_area.o
    0x08008604   0x00000030   Code   RO         7838    i.lv_area_set_pos   lv_area.o
    0x08008634   0x0000000a   Code   RO         7839    i.lv_area_set_width  lv_area.o
    0x0800863e   0x0000002c   Code   RO         9029    i.lv_btnm_clear_btn_ctrl  lv_btnm.o
    0x0800866a   0x0000002a   Code   RO         9030    i.lv_btnm_clear_btn_ctrl_all  lv_btnm.o
    0x08008694   0x00000134   Code   RO         9031    i.lv_btnm_create    lv_btnm.o
    0x080087c8   0x00000268   Code   RO         9032    i.lv_btnm_design    lv_btnm.o
    0x08008a30   0x0000000a   Code   RO         9033    i.lv_btnm_get_active_btn  lv_btnm.o
    0x08008a3a   0x00000022   Code   RO         9035    i.lv_btnm_get_btn_ctrl  lv_btnm.o
    0x08008a5c   0x0000000a   Code   RO         9037    i.lv_btnm_get_map_array  lv_btnm.o
    0x08008a66   0x0000003a   Code   RO         9041    i.lv_btnm_get_style  lv_btnm.o
    0x08008aa0   0x0000002c   Code   RO         9042    i.lv_btnm_set_btn_ctrl  lv_btnm.o
    0x08008acc   0x00000210   Code   RO         9046    i.lv_btnm_set_map   lv_btnm.o
    0x08008cdc   0x00000044   Code   RO         9050    i.lv_btnm_set_style  lv_btnm.o
    0x08008d20   0x00000370   Code   RO         9051    i.lv_btnm_signal    lv_btnm.o
    0x08009090   0x00000050   Code   RO         9676    i.lv_chart_add_series  lv_chart.o
    0x080090e0   0x0000010c   Code   RO         9678    i.lv_chart_create   lv_chart.o
    0x080091ec   0x000000a0   Code   RO         9679    i.lv_chart_design   lv_chart.o
    0x0800928c   0x00000164   Code   RO         9680    i.lv_chart_draw_areas  lv_chart.o
    0x080093f0   0x00000158   Code   RO         9681    i.lv_chart_draw_cols  lv_chart.o
    0x08009548   0x000000ea   Code   RO         9682    i.lv_chart_draw_div  lv_chart.o
    0x08009632   0x00000002   PAD
    0x08009634   0x0000013c   Code   RO         9683    i.lv_chart_draw_lines  lv_chart.o
    0x08009770   0x00000124   Code   RO         9684    i.lv_chart_draw_points  lv_chart.o
    0x08009894   0x00000150   Code   RO         9685    i.lv_chart_draw_vertical_lines  lv_chart.o
    0x080099e4   0x000001ea   Code   RO         9686    i.lv_chart_draw_x_ticks  lv_chart.o
    0x08009bce   0x00000002   PAD
    0x08009bd0   0x000001d6   Code   RO         9687    i.lv_chart_draw_y_ticks  lv_chart.o
    0x08009da6   0x0000002e   Code   RO         9694    i.lv_chart_init_points  lv_chart.o
    0x08009dd4   0x00000098   Code   RO         9695    i.lv_chart_inv_lines  lv_chart.o
    0x08009e6c   0x00000028   Code   RO         9697    i.lv_chart_set_div_line_count  lv_chart.o
    0x08009e94   0x00000128   Code   RO         9699    i.lv_chart_set_next  lv_chart.o
    0x08009fbc   0x000000e4   Code   RO         9700    i.lv_chart_set_point_count  lv_chart.o
    0x0800a0a0   0x0000002c   Code   RO         9702    i.lv_chart_set_range  lv_chart.o
    0x0800a0cc   0x00000020   Code   RO         9705    i.lv_chart_set_series_width  lv_chart.o
    0x0800a0ec   0x0000001e   Code   RO         9706    i.lv_chart_set_type  lv_chart.o
    0x0800a10a   0x00000002   PAD
    0x0800a10c   0x00000088   Code   RO         9712    i.lv_chart_signal   lv_chart.o
    0x0800a194   0x00000014   Code   RO         7921    i.lv_circ_cont      lv_circ.o
    0x0800a1a8   0x0000000e   Code   RO         7922    i.lv_circ_init      lv_circ.o
    0x0800a1b6   0x00000030   Code   RO         7923    i.lv_circ_next      lv_circ.o
    0x0800a1e6   0x00000044   Code   RO        13219    i.lv_color_hex3     lv_theme_night.o
    0x0800a22a   0x000000ac   Code   RO         7948    i.lv_color_hsv_to_rgb  lv_color.o
    0x0800a2d6   0x00000020   Code   RO         6053    i.lv_color_make     lv_style.o
    0x0800a2f6   0x00000020   Code   RO         7949    i.lv_color_make     lv_color.o
    0x0800a316   0x0000004e   Code   RO         4881    i.lv_color_mix      lv_group.o
    0x0800a364   0x0000004e   Code   RO         6296    i.lv_color_mix      lv_draw_basic.o
    0x0800a3b2   0x0000004e   Code   RO         6567    i.lv_color_mix      lv_draw_rect.o
    0x0800a400   0x0000004e   Code   RO         9713    i.lv_color_mix      lv_chart.o
    0x0800a44e   0x00000002   PAD
    0x0800a450   0x000000bc   Code   RO         9927    i.lv_cont_create    lv_cont.o
    0x0800a50c   0x0000000e   Code   RO         9928    i.lv_cont_get_fit_bottom  lv_cont.o
    0x0800a51a   0x0000000e   Code   RO         9929    i.lv_cont_get_fit_left  lv_cont.o
    0x0800a528   0x0000000e   Code   RO         9931    i.lv_cont_get_fit_top  lv_cont.o
    0x0800a536   0x0000000e   Code   RO         9932    i.lv_cont_get_layout  lv_cont.o
    0x0800a544   0x000000c6   Code   RO         9933    i.lv_cont_layout_center  lv_cont.o
    0x0800a60a   0x0000009a   Code   RO         9934    i.lv_cont_layout_col  lv_cont.o
    0x0800a6a4   0x000000f8   Code   RO         9935    i.lv_cont_layout_grid  lv_cont.o
    0x0800a79c   0x00000210   Code   RO         9936    i.lv_cont_layout_pretty  lv_cont.o
    0x0800a9ac   0x00000098   Code   RO         9937    i.lv_cont_layout_row  lv_cont.o
    0x0800aa44   0x000002a4   Code   RO         9938    i.lv_cont_refr_autofit  lv_cont.o
    0x0800ace8   0x00000072   Code   RO         9939    i.lv_cont_refr_layout  lv_cont.o
    0x0800ad5a   0x0000000e   Code   RO        10044    i.lv_cont_set_fit2  lv_ddlist.o
    0x0800ad68   0x0000000e   Code   RO        12601    i.lv_cont_set_fit2  lv_tabview.o
    0x0800ad76   0x00000064   Code   RO         9940    i.lv_cont_set_fit4  lv_cont.o
    0x0800adda   0x0000002a   Code   RO         9941    i.lv_cont_set_layout  lv_cont.o
    0x0800ae04   0x00000090   Code   RO         9942    i.lv_cont_signal    lv_cont.o
    0x0800ae94   0x00000012   Code   RO        10045    i.lv_ddlist_adjust_height  lv_ddlist.o
    0x0800aea6   0x0000002c   Code   RO        10046    i.lv_ddlist_anim_finish  lv_ddlist.o
    0x0800aed2   0x00000006   Code   RO        10047    i.lv_ddlist_anim_ready_cb  lv_ddlist.o
    0x0800aed8   0x000001b4   Code   RO        10049    i.lv_ddlist_create  lv_ddlist.o
    0x0800b08c   0x00000234   Code   RO        10050    i.lv_ddlist_design  lv_ddlist.o
    0x0800b2c0   0x0000000a   Code   RO        10055    i.lv_ddlist_get_selected  lv_ddlist.o
    0x0800b2ca   0x0000002c   Code   RO        10058    i.lv_ddlist_get_style  lv_ddlist.o
    0x0800b2f6   0x0000002c   Code   RO        10059    i.lv_ddlist_open    lv_ddlist.o
    0x0800b322   0x00000060   Code   RO        10060    i.lv_ddlist_pos_current_option  lv_ddlist.o
    0x0800b382   0x00000002   PAD
    0x0800b384   0x000000f4   Code   RO        10061    i.lv_ddlist_refr_size  lv_ddlist.o
    0x0800b478   0x00000026   Code   RO        10062    i.lv_ddlist_refr_width  lv_ddlist.o
    0x0800b49e   0x00000002   PAD
    0x0800b4a0   0x0000006c   Code   RO        10063    i.lv_ddlist_scrl_signal  lv_ddlist.o
    0x0800b50c   0x00000024   Code   RO        10066    i.lv_ddlist_set_fix_height  lv_ddlist.o
    0x0800b530   0x00000080   Code   RO        10068    i.lv_ddlist_set_options  lv_ddlist.o
    0x0800b5b0   0x00000038   Code   RO        10069    i.lv_ddlist_set_selected  lv_ddlist.o
    0x0800b5e8   0x00000014   Code   RO        10070    i.lv_ddlist_set_stay_open  lv_ddlist.o
    0x0800b5fc   0x0000004a   Code   RO        10071    i.lv_ddlist_set_style  lv_ddlist.o
    0x0800b646   0x00000002   PAD
    0x0800b648   0x0000016c   Code   RO        10072    i.lv_ddlist_signal  lv_ddlist.o
    0x0800b7b4   0x0000001e   Code   RO         7365    i.lv_disp_buf_init  lv_hal_disp.o
    0x0800b7d2   0x00000002   PAD
    0x0800b7d4   0x00000038   Code   RO         7366    i.lv_disp_drv_init  lv_hal_disp.o
    0x0800b80c   0x000000ac   Code   RO         7367    i.lv_disp_drv_register  lv_hal_disp.o
    0x0800b8b8   0x0000000c   Code   RO         7369    i.lv_disp_flush_ready  lv_hal_disp.o
    0x0800b8c4   0x00000018   Code   RO         7370    i.lv_disp_get_antialiasing  lv_hal_disp.o
    0x0800b8dc   0x00000004   Code   RO         7371    i.lv_disp_get_buf   lv_hal_disp.o
    0x0800b8e0   0x0000000c   Code   RO         7372    i.lv_disp_get_default  lv_hal_disp.o
    0x0800b8ec   0x00000024   Code   RO         7373    i.lv_disp_get_hor_res  lv_hal_disp.o
    0x0800b910   0x00000010   Code   RO         4760    i.lv_disp_get_layer_sys  lv_disp.o
    0x0800b920   0x00000010   Code   RO         4761    i.lv_disp_get_layer_top  lv_disp.o
    0x0800b930   0x00000014   Code   RO         7375    i.lv_disp_get_next  lv_hal_disp.o
    0x0800b944   0x00000010   Code   RO         4763    i.lv_disp_get_scr_act  lv_disp.o
    0x0800b954   0x00000024   Code   RO         7376    i.lv_disp_get_ver_res  lv_hal_disp.o
    0x0800b978   0x00000012   Code   RO         7377    i.lv_disp_is_double_buf  lv_hal_disp.o
    0x0800b98a   0x00000026   Code   RO         7378    i.lv_disp_is_true_double_buf  lv_hal_disp.o
    0x0800b9b0   0x0000010c   Code   RO         5956    i.lv_disp_refr_task  lv_refr.o
    0x0800babc   0x00000030   Code   RO         6128    i.lv_draw_aa_get_opa  lv_draw.o
    0x0800baec   0x0000004e   Code   RO         6129    i.lv_draw_aa_hor_seg  lv_draw.o
    0x0800bb3a   0x0000004e   Code   RO         6130    i.lv_draw_aa_ver_seg  lv_draw.o
    0x0800bb88   0x0000003a   Code   RO         6568    i.lv_draw_cont_radius_corr  lv_draw_rect.o
    0x0800bbc2   0x00000074   Code   RO         6297    i.lv_draw_fill      lv_draw_basic.o
    0x0800bc36   0x00000002   PAD
    0x0800bc38   0x00000020   Code   RO         6131    i.lv_draw_free_buf  lv_draw.o
    0x0800bc58   0x0000003c   Code   RO         6132    i.lv_draw_get_buf   lv_draw.o
    0x0800bc94   0x0000005c   Code   RO         6396    i.lv_draw_img       lv_draw_img.o
    0x0800bcf0   0x0000042c   Code   RO         6484    i.lv_draw_label     lv_draw_label.o
    0x0800c11c   0x000002c8   Code   RO         6298    i.lv_draw_letter    lv_draw_basic.o
    0x0800c3e4   0x000001f4   Code   RO         6522    i.lv_draw_line      lv_draw_line.o
    0x0800c5d8   0x0000029e   Code   RO         6299    i.lv_draw_map       lv_draw_basic.o
    0x0800c876   0x00000098   Code   RO         6300    i.lv_draw_px        lv_draw_basic.o
    0x0800c90e   0x0000009a   Code   RO         6569    i.lv_draw_rect      lv_draw_rect.o
    0x0800c9a8   0x00000a6c   Code   RO         6570    i.lv_draw_rect_border_corner  lv_draw_rect.o
    0x0800d414   0x000003ac   Code   RO         6571    i.lv_draw_rect_border_straight  lv_draw_rect.o
    0x0800d7c0   0x00000824   Code   RO         6572    i.lv_draw_rect_main_corner  lv_draw_rect.o
    0x0800dfe4   0x00000128   Code   RO         6573    i.lv_draw_rect_main_mid  lv_draw_rect.o
    0x0800e10c   0x000000a2   Code   RO         6574    i.lv_draw_shadow    lv_draw_rect.o
    0x0800e1ae   0x00000002   PAD
    0x0800e1b0   0x00000214   Code   RO         6575    i.lv_draw_shadow_bottom  lv_draw_rect.o
    0x0800e3c4   0x00000328   Code   RO         6576    i.lv_draw_shadow_full  lv_draw_rect.o
    0x0800e6ec   0x0000015a   Code   RO         6577    i.lv_draw_shadow_full_straight  lv_draw_rect.o
    0x0800e846   0x00000108   Code   RO         6660    i.lv_draw_triangle  lv_draw_triangle.o
    0x0800e94e   0x00000002   PAD
    0x0800e950   0x0000000c   Code   RO         5349    i.lv_event_get_data  lv_obj.o
    0x0800e95c   0x0000001a   Code   RO         5351    i.lv_event_send     lv_obj.o
    0x0800e976   0x00000002   PAD
    0x0800e978   0x00000074   Code   RO         5352    i.lv_event_send_func  lv_obj.o
    0x0800e9ec   0x00000020   Code   RO         6917    i.lv_font_get_bitmap_fmt_txt  lv_font_fmt_txt.o
    0x0800ea0c   0x00000004   Code   RO         6870    i.lv_font_get_glyph_bitmap  lv_font.o
    0x0800ea10   0x0000000a   Code   RO         6871    i.lv_font_get_glyph_dsc  lv_font.o
    0x0800ea1a   0x00000068   Code   RO         6918    i.lv_font_get_glyph_dsc_fmt_txt  lv_font_fmt_txt.o
    0x0800ea82   0x00000016   Code   RO         6872    i.lv_font_get_glyph_width  lv_font.o
    0x0800ea98   0x0000002a   Code   RO         7974    i.lv_fs_close       lv_fs.o
    0x0800eac2   0x00000006   Code   RO         7978    i.lv_fs_drv_init    lv_fs.o
    0x0800eac8   0x00000020   Code   RO         7979    i.lv_fs_drv_register  lv_fs.o
    0x0800eae8   0x00000024   Code   RO         7981    i.lv_fs_get_drv     lv_fs.o
    0x0800eb0c   0x00000030   Code   RO         7982    i.lv_fs_get_ext     lv_fs.o
    0x0800eb3c   0x00000018   Code   RO         7985    i.lv_fs_get_real_path  lv_fs.o
    0x0800eb54   0x0000000c   Code   RO         7986    i.lv_fs_init        lv_fs.o
    0x0800eb60   0x00000076   Code   RO         7988    i.lv_fs_open        lv_fs.o
    0x0800ebd6   0x00000038   Code   RO         7989    i.lv_fs_read        lv_fs.o
    0x0800ec0e   0x00000022   Code   RO         7992    i.lv_fs_seek        lv_fs.o
    0x0800ec30   0x00000056   Code   RO         4882    i.lv_group_add_obj  lv_group.o
    0x0800ec86   0x00000002   PAD
    0x0800ec88   0x00000010   Code   RO         4886    i.lv_group_focus_next  lv_group.o
    0x0800ec98   0x00000010   Code   RO         4888    i.lv_group_focus_prev  lv_group.o
    0x0800eca8   0x0000000e   Code   RO         4890    i.lv_group_get_editing  lv_group.o
    0x0800ecb6   0x0000000e   Code   RO         4892    i.lv_group_get_focused  lv_group.o
    0x0800ecc4   0x0000000c   Code   RO         4896    i.lv_group_init     lv_group.o
    0x0800ecd0   0x00000026   Code   RO         4897    i.lv_group_mod_style  lv_group.o
    0x0800ecf6   0x00000030   Code   RO         4898    i.lv_group_refocus  lv_group.o
    0x0800ed26   0x00000002   PAD
    0x0800ed28   0x00000038   Code   RO         4901    i.lv_group_report_style_mod  lv_group.o
    0x0800ed60   0x00000046   Code   RO         4904    i.lv_group_set_editing  lv_group.o
    0x0800eda6   0x00000002   PAD
    0x0800eda8   0x00000054   Code   RO         6694    i.lv_img_cache_invalidate_src  lv_img_cache.o
    0x0800edfc   0x000000fc   Code   RO         6695    i.lv_img_cache_open  lv_img_cache.o
    0x0800eef8   0x00000064   Code   RO         6696    i.lv_img_cache_set_size  lv_img_cache.o
    0x0800ef5c   0x00000034   Code   RO         6402    i.lv_img_color_format_get_px_size  lv_draw_img.o
    0x0800ef90   0x00000024   Code   RO         6403    i.lv_img_color_format_has_alpha  lv_draw_img.o
    0x0800efb4   0x0000001a   Code   RO         6404    i.lv_img_color_format_is_chroma_keyed  lv_draw_img.o
    0x0800efce   0x00000002   PAD
    0x0800efd0   0x000000d0   Code   RO        10359    i.lv_img_create     lv_img.o
    0x0800f0a0   0x0000002c   Code   RO         6733    i.lv_img_decoder_built_in_close  lv_img_decoder.o
    0x0800f0cc   0x0000008c   Code   RO         6734    i.lv_img_decoder_built_in_info  lv_img_decoder.o
    0x0800f158   0x0000017c   Code   RO         6735    i.lv_img_decoder_built_in_line_alpha  lv_img_decoder.o
    0x0800f2d4   0x00000122   Code   RO         6736    i.lv_img_decoder_built_in_line_indexed  lv_img_decoder.o
    0x0800f3f6   0x00000002   PAD
    0x0800f3f8   0x00000144   Code   RO         6737    i.lv_img_decoder_built_in_open  lv_img_decoder.o
    0x0800f53c   0x000000bc   Code   RO         6738    i.lv_img_decoder_built_in_read_line  lv_img_decoder.o
    0x0800f5f8   0x00000012   Code   RO         6739    i.lv_img_decoder_close  lv_img_decoder.o
    0x0800f60a   0x00000002   PAD
    0x0800f60c   0x0000001c   Code   RO         6740    i.lv_img_decoder_create  lv_img_decoder.o
    0x0800f628   0x00000044   Code   RO         6742    i.lv_img_decoder_get_info  lv_img_decoder.o
    0x0800f66c   0x00000038   Code   RO         6743    i.lv_img_decoder_init  lv_img_decoder.o
    0x0800f6a4   0x00000070   Code   RO         6744    i.lv_img_decoder_open  lv_img_decoder.o
    0x0800f714   0x00000026   Code   RO         6745    i.lv_img_decoder_read_line  lv_img_decoder.o
    0x0800f73a   0x00000002   PAD
    0x0800f73c   0x00000156   Code   RO        10360    i.lv_img_design     lv_img.o
    0x0800f892   0x00000002   PAD
    0x0800f894   0x00000158   Code   RO         6405    i.lv_img_draw_core  lv_draw_img.o
    0x0800f9ec   0x0000000e   Code   RO        10361    i.lv_img_get_auto_size  lv_img.o
    0x0800f9fa   0x00000118   Code   RO        10369    i.lv_img_set_src    lv_img.o
    0x0800fb12   0x00000002   PAD
    0x0800fb14   0x0000008c   Code   RO        10370    i.lv_img_signal     lv_img.o
    0x0800fba0   0x00000022   Code   RO         6406    i.lv_img_src_get_type  lv_draw_img.o
    0x0800fbc2   0x00000002   PAD
    0x0800fbc4   0x0000000c   Code   RO         5175    i.lv_indev_get_act  lv_indev.o
    0x0800fbd0   0x00000014   Code   RO         7547    i.lv_indev_get_next  lv_hal_indev.o
    0x0800fbe4   0x0000001c   Code   RO         5178    i.lv_indev_get_point  lv_indev.o
    0x0800fc00   0x00000008   Code   RO         5180    i.lv_indev_get_type  lv_indev.o
    0x0800fc08   0x0000001e   Code   RO         5181    i.lv_indev_get_vect  lv_indev.o
    0x0800fc26   0x00000006   Code   RO         5182    i.lv_indev_init     lv_indev.o
    0x0800fc2c   0x0000001c   Code   RO         5183    i.lv_indev_is_dragging  lv_indev.o
    0x0800fc48   0x00000026   Code   RO         5185    i.lv_indev_reset    lv_indev.o
    0x0800fc6e   0x0000001e   Code   RO         5186    i.lv_indev_reset_long_press  lv_indev.o
    0x0800fc8c   0x00000058   Code   RO         5353    i.lv_init           lv_obj.o
    0x0800fce4   0x000000b4   Code   RO         5957    i.lv_inv_area       lv_refr.o
    0x0800fd98   0x00000174   Code   RO        10596    i.lv_label_create   lv_label.o
    0x0800ff0c   0x000001fa   Code   RO        10598    i.lv_label_design   lv_label.o
    0x08010106   0x00000024   Code   RO        10599    i.lv_label_dot_tmp_free  lv_label.o
    0x0801012a   0x0000000e   Code   RO        10600    i.lv_label_get_align  lv_label.o
    0x08010138   0x0000000e   Code   RO        10602    i.lv_label_get_body_draw  lv_label.o
    0x08010146   0x00000002   PAD
    0x08010148   0x00000158   Code   RO        10603    i.lv_label_get_letter_on  lv_label.o
    0x080102a0   0x0000016c   Code   RO        10604    i.lv_label_get_letter_pos  lv_label.o
    0x0801040c   0x0000000e   Code   RO        10605    i.lv_label_get_long_mode  lv_label.o
    0x0801041a   0x0000000e   Code   RO        10606    i.lv_label_get_recolor  lv_label.o
    0x08010428   0x0000000a   Code   RO        10607    i.lv_label_get_text  lv_label.o
    0x08010432   0x00000002   PAD
    0x08010434   0x00000068   Code   RO        10610    i.lv_label_ins_text  lv_label.o
    0x0801049c   0x00000348   Code   RO        10612    i.lv_label_refr_text  lv_label.o
    0x080107e4   0x0000006c   Code   RO        10613    i.lv_label_revert_dots  lv_label.o
    0x08010850   0x00000026   Code   RO        10614    i.lv_label_set_align  lv_label.o
    0x08010876   0x0000002c   Code   RO        10617    i.lv_label_set_body_draw  lv_label.o
    0x080108a2   0x00000056   Code   RO        10618    i.lv_label_set_dot_tmp  lv_label.o
    0x080108f8   0x0000008c   Code   RO        10619    i.lv_label_set_long_mode  lv_label.o
    0x08010984   0x00000016   Code   RO        10620    i.lv_label_set_offset_x  lv_label.o
    0x0801099a   0x00000016   Code   RO        10621    i.lv_label_set_offset_y  lv_label.o
    0x080109b0   0x00000026   Code   RO        10622    i.lv_label_set_recolor  lv_label.o
    0x080109d6   0x00000034   Code   RO        10623    i.lv_label_set_static_text  lv_label.o
    0x08010a0a   0x0000006c   Code   RO        10624    i.lv_label_set_text  lv_label.o
    0x08010a76   0x00000002   PAD
    0x08010a78   0x000000f8   Code   RO        10627    i.lv_label_signal   lv_label.o
    0x08010b70   0x00000068   Code   RO         8176    i.lv_ll_chg_list    lv_ll.o
    0x08010bd8   0x0000002c   Code   RO         8177    i.lv_ll_clear       lv_ll.o
    0x08010c04   0x0000000a   Code   RO         8178    i.lv_ll_get_head    lv_ll.o
    0x08010c0e   0x00000010   Code   RO         8180    i.lv_ll_get_next    lv_ll.o
    0x08010c1e   0x0000000e   Code   RO         8181    i.lv_ll_get_prev    lv_ll.o
    0x08010c2c   0x0000000a   Code   RO         8182    i.lv_ll_get_tail    lv_ll.o
    0x08010c36   0x00000014   Code   RO         8183    i.lv_ll_init        lv_ll.o
    0x08010c4a   0x0000003c   Code   RO         8184    i.lv_ll_ins_head    lv_ll.o
    0x08010c86   0x00000066   Code   RO         8185    i.lv_ll_ins_prev    lv_ll.o
    0x08010cec   0x00000042   Code   RO         8186    i.lv_ll_ins_tail    lv_ll.o
    0x08010d2e   0x00000012   Code   RO         8187    i.lv_ll_is_empty    lv_ll.o
    0x08010d40   0x00000060   Code   RO         8188    i.lv_ll_move_before  lv_ll.o
    0x08010da0   0x00000076   Code   RO         8189    i.lv_ll_rem         lv_ll.o
    0x08010e16   0x00000002   PAD
    0x08010e18   0x0000005c   Code   RO         8310    i.lv_mem_alloc      lv_mem.o
    0x08010e74   0x0000004c   Code   RO         8312    i.lv_mem_free       lv_mem.o
    0x08010ec0   0x0000001c   Code   RO         8313    i.lv_mem_get_size   lv_mem.o
    0x08010edc   0x00000020   Code   RO         8314    i.lv_mem_init       lv_mem.o
    0x08010efc   0x00000054   Code   RO         8316    i.lv_mem_realloc    lv_mem.o
    0x08010f50   0x0000020c   Code   RO         5354    i.lv_obj_align      lv_obj.o
    0x0801115c   0x00000118   Code   RO         5355    i.lv_obj_align_origo  lv_obj.o
    0x08011274   0x0000000e   Code   RO         5356    i.lv_obj_allocate_ext_attr  lv_obj.o
    0x08011282   0x0000000a   Code   RO         5358    i.lv_obj_clear_protect  lv_obj.o
    0x0801128c   0x00000228   Code   RO         5361    i.lv_obj_create     lv_obj.o
    0x080114b4   0x000000a8   Code   RO         5365    i.lv_obj_design     lv_obj.o
    0x0801155c   0x0000000a   Code   RO         5366    i.lv_obj_get_auto_realign  lv_obj.o
    0x08011566   0x0000000e   Code   RO         5367    i.lv_obj_get_child  lv_obj.o
    0x08011574   0x0000000e   Code   RO         5368    i.lv_obj_get_child_back  lv_obj.o
    0x08011582   0x0000000a   Code   RO         5370    i.lv_obj_get_coords  lv_obj.o
    0x0801158c   0x00000004   Code   RO         5371    i.lv_obj_get_design_cb  lv_obj.o
    0x08011590   0x00000044   Code   RO         5372    i.lv_obj_get_disp   lv_obj.o
    0x080115d4   0x00000004   Code   RO         5378    i.lv_obj_get_ext_attr  lv_obj.o
    0x080115d8   0x00000004   Code   RO         5384    i.lv_obj_get_group  lv_obj.o
    0x080115dc   0x0000000c   Code   RO         5385    i.lv_obj_get_height  lv_obj.o
    0x080115e8   0x0000001c   Code   RO         5386    i.lv_obj_get_height_fit  lv_obj.o
    0x08011604   0x0000000a   Code   RO         5387    i.lv_obj_get_hidden  lv_obj.o
    0x0801160e   0x00000042   Code   RO         5388    i.lv_obj_get_inner_coords  lv_obj.o
    0x08011650   0x0000001c   Code   RO         5389    i.lv_obj_get_opa_scale  lv_obj.o
    0x0801166c   0x00000004   Code   RO         5391    i.lv_obj_get_parent  lv_obj.o
    0x08011670   0x0000000c   Code   RO         5394    i.lv_obj_get_screen  lv_obj.o
    0x0801167c   0x00000004   Code   RO         5395    i.lv_obj_get_signal_cb  lv_obj.o
    0x08011680   0x0000005c   Code   RO         5396    i.lv_obj_get_style  lv_obj.o
    0x080116dc   0x0000000c   Code   RO         5399    i.lv_obj_get_width  lv_obj.o
    0x080116e8   0x0000001c   Code   RO         5400    i.lv_obj_get_width_fit  lv_obj.o
    0x08011704   0x0000000c   Code   RO         5401    i.lv_obj_get_x      lv_obj.o
    0x08011710   0x0000000c   Code   RO         5402    i.lv_obj_get_y      lv_obj.o
    0x0801171c   0x000000a4   Code   RO         5403    i.lv_obj_invalidate  lv_obj.o
    0x080117c0   0x00000018   Code   RO         5404    i.lv_obj_is_focused  lv_obj.o
    0x080117d8   0x0000000c   Code   RO         5405    i.lv_obj_is_protected  lv_obj.o
    0x080117e4   0x00000038   Code   RO         5407    i.lv_obj_move_foreground  lv_obj.o
    0x0801181c   0x00000026   Code   RO         5408    i.lv_obj_realign    lv_obj.o
    0x08011842   0x0000001c   Code   RO         5409    i.lv_obj_refresh_ext_draw_pad  lv_obj.o
    0x0801185e   0x0000001c   Code   RO         5410    i.lv_obj_refresh_style  lv_obj.o
    0x0801187a   0x00000002   PAD
    0x0801187c   0x00000048   Code   RO         5411    i.lv_obj_report_style_mod  lv_obj.o
    0x080118c4   0x0000000c   Code   RO         5413    i.lv_obj_set_click  lv_obj.o
    0x080118d0   0x00000004   Code   RO         5414    i.lv_obj_set_design_cb  lv_obj.o
    0x080118d4   0x0000001a   Code   RO         5415    i.lv_obj_set_drag   lv_obj.o
    0x080118ee   0x0000000c   Code   RO         5418    i.lv_obj_set_drag_throw  lv_obj.o
    0x080118fa   0x00000004   Code   RO         5419    i.lv_obj_set_event_cb  lv_obj.o
    0x080118fe   0x00000016   Code   RO         5421    i.lv_obj_set_height  lv_obj.o
    0x08011914   0x00000038   Code   RO         5422    i.lv_obj_set_hidden  lv_obj.o
    0x0801194c   0x00000064   Code   RO         5425    i.lv_obj_set_parent  lv_obj.o
    0x080119b0   0x00000074   Code   RO         5427    i.lv_obj_set_pos    lv_obj.o
    0x08011a24   0x0000000a   Code   RO         5428    i.lv_obj_set_protect  lv_obj.o
    0x08011a2e   0x00000004   Code   RO         5429    i.lv_obj_set_signal_cb  lv_obj.o
    0x08011a32   0x00000080   Code   RO         5430    i.lv_obj_set_size   lv_obj.o
    0x08011ab2   0x00000014   Code   RO         5431    i.lv_obj_set_style  lv_obj.o
    0x08011ac6   0x00000018   Code   RO         5433    i.lv_obj_set_width  lv_obj.o
    0x08011ade   0x00000018   Code   RO         5434    i.lv_obj_set_x      lv_obj.o
    0x08011af6   0x00000016   Code   RO         5435    i.lv_obj_set_y      lv_obj.o
    0x08011b0c   0x0000005c   Code   RO         5436    i.lv_obj_signal     lv_obj.o
    0x08011b68   0x000001d0   Code   RO        11366    i.lv_page_create    lv_page.o
    0x08011d38   0x00000214   Code   RO        11367    i.lv_page_design    lv_page.o
    0x08011f4c   0x0000000a   Code   RO        11369    i.lv_page_get_anim_time  lv_page.o
    0x08011f56   0x00000010   Code   RO        11370    i.lv_page_get_edge_flash  lv_page.o
    0x08011f66   0x00000030   Code   RO        11372    i.lv_page_get_fit_width  lv_page.o
    0x08011f96   0x0000000a   Code   RO        11374    i.lv_page_get_scrl  lv_page.o
    0x08011fa0   0x0000000e   Code   RO        10073    i.lv_page_get_scrl_fit_bottom  lv_ddlist.o
    0x08011fae   0x0000000e   Code   RO        11375    i.lv_page_get_scrl_width  lv_page.o
    0x08011fbc   0x00000034   Code   RO        11377    i.lv_page_get_style  lv_page.o
    0x08011ff0   0x00000082   Code   RO        11379    i.lv_page_on_edge   lv_page.o
    0x08012072   0x0000035e   Code   RO        11380    i.lv_page_sb_refresh  lv_page.o
    0x080123d0   0x00000054   Code   RO        11381    i.lv_page_scroll_hor  lv_page.o
    0x08012424   0x00000054   Code   RO        11382    i.lv_page_scroll_ver  lv_page.o
    0x08012478   0x00000412   Code   RO        11383    i.lv_page_scrollable_signal  lv_page.o
    0x0801288a   0x0000000c   Code   RO        11384    i.lv_page_set_anim_time  lv_page.o
    0x08012896   0x00000014   Code   RO        11385    i.lv_page_set_edge_flash  lv_page.o
    0x080128aa   0x0000004c   Code   RO        11386    i.lv_page_set_sb_mode  lv_page.o
    0x080128f6   0x00000016   Code   RO        10074    i.lv_page_set_scrl_fit2  lv_ddlist.o
    0x0801290c   0x00000018   Code   RO        12115    i.lv_page_set_scrl_fit2  lv_ta.o
    0x08012924   0x00000068   Code   RO        11388    i.lv_page_set_style  lv_page.o
    0x0801298c   0x00000230   Code   RO        11389    i.lv_page_signal    lv_page.o
    0x08012bbc   0x00000064   Code   RO        11390    i.lv_page_start_edge_flash  lv_page.o
    0x08012c20   0x00000038   Code   RO        13366    i.lv_port_disp_init  lv_port_disp.o
    0x08012c58   0x000000b0   Code   RO        13644    i.lv_port_fs_init   lv_port_fs.o
    0x08012d08   0x00000128   Code   RO         5958    i.lv_refr_area      lv_refr.o
    0x08012e30   0x00000068   Code   RO         5959    i.lv_refr_area_part  lv_refr.o
    0x08012e98   0x0000004c   Code   RO         5960    i.lv_refr_areas     lv_refr.o
    0x08012ee4   0x0000000c   Code   RO         5961    i.lv_refr_get_disp_refreshing  lv_refr.o
    0x08012ef0   0x00000064   Code   RO         5962    i.lv_refr_get_top_obj  lv_refr.o
    0x08012f54   0x00000002   Code   RO         5963    i.lv_refr_init      lv_refr.o
    0x08012f56   0x00000002   PAD
    0x08012f58   0x000000c4   Code   RO         5964    i.lv_refr_join_area  lv_refr.o
    0x0801301c   0x000000d4   Code   RO         5966    i.lv_refr_obj       lv_refr.o
    0x080130f0   0x0000004c   Code   RO         5967    i.lv_refr_obj_and_children  lv_refr.o
    0x0801313c   0x00000050   Code   RO         5969    i.lv_refr_vdb_flush  lv_refr.o
    0x0801318c   0x0000011c   Code   RO        11724    i.lv_roller_create  lv_roller.o
    0x080132a8   0x0000019c   Code   RO        11725    i.lv_roller_design  lv_roller.o
    0x08013444   0x00000032   Code   RO        11728    i.lv_roller_get_selected  lv_roller.o
    0x08013476   0x00000014   Code   RO        11729    i.lv_roller_get_style  lv_roller.o
    0x0801348a   0x00000002   PAD
    0x0801348c   0x000000f4   Code   RO        11730    i.lv_roller_scrl_signal  lv_roller.o
    0x08013580   0x000000a2   Code   RO        11732    i.lv_roller_set_options  lv_roller.o
    0x08013622   0x00000026   Code   RO        11733    i.lv_roller_set_selected  lv_roller.o
    0x08013648   0x00000012   Code   RO        11734    i.lv_roller_set_style  lv_roller.o
    0x0801365a   0x00000036   Code   RO        11735    i.lv_roller_set_visible_row_count  lv_roller.o
    0x08013690   0x00000134   Code   RO        11736    i.lv_roller_signal  lv_roller.o
    0x080137c4   0x00000090   Code   RO        11391    i.lv_scrl_design    lv_page.o
    0x08013854   0x00000006   Code   RO         6057    i.lv_style_copy     lv_style.o
    0x0801385a   0x00000002   PAD
    0x0801385c   0x0000051e   Code   RO         6058    i.lv_style_init     lv_style.o
    0x08013d7a   0x00000002   PAD
    0x08013d7c   0x00000134   Code   RO        12116    i.lv_ta_add_char    lv_ta.o
    0x08013eb0   0x00000160   Code   RO        12117    i.lv_ta_add_text    lv_ta.o
    0x08014010   0x00000230   Code   RO        12119    i.lv_ta_create      lv_ta.o
    0x08014240   0x00000062   Code   RO        12120    i.lv_ta_cursor_down  lv_ta.o
    0x080142a2   0x0000001c   Code   RO        12121    i.lv_ta_cursor_left  lv_ta.o
    0x080142be   0x00000016   Code   RO        12122    i.lv_ta_cursor_right  lv_ta.o
    0x080142d4   0x00000052   Code   RO        12123    i.lv_ta_cursor_up   lv_ta.o
    0x08014326   0x00000002   PAD
    0x08014328   0x000000e8   Code   RO        12124    i.lv_ta_del_char    lv_ta.o
    0x08014410   0x0000002a   Code   RO        12125    i.lv_ta_del_char_forward  lv_ta.o
    0x0801443a   0x00000002   PAD
    0x0801443c   0x00000024   Code   RO        12126    i.lv_ta_design      lv_ta.o
    0x08014460   0x0000000a   Code   RO        12127    i.lv_ta_get_accepted_chars  lv_ta.o
    0x0801446a   0x0000000c   Code   RO        12130    i.lv_ta_get_cursor_pos  lv_ta.o
    0x08014476   0x00000010   Code   RO        12131    i.lv_ta_get_cursor_type  lv_ta.o
    0x08014486   0x0000000c   Code   RO        12133    i.lv_ta_get_max_length  lv_ta.o
    0x08014492   0x0000003e   Code   RO        12138    i.lv_ta_get_style   lv_ta.o
    0x080144d0   0x0000001c   Code   RO        12139    i.lv_ta_get_text    lv_ta.o
    0x080144ec   0x00000154   Code   RO        12141    i.lv_ta_scrollable_design  lv_ta.o
    0x08014640   0x000000d4   Code   RO        12142    i.lv_ta_scrollable_signal  lv_ta.o
    0x08014714   0x00000180   Code   RO        12146    i.lv_ta_set_cursor_pos  lv_ta.o
    0x08014894   0x0000002a   Code   RO        12147    i.lv_ta_set_cursor_type  lv_ta.o
    0x080148be   0x00000004   Code   RO        12148    i.lv_ta_set_edge_flash  lv_ta.o
    0x080148c2   0x000000dc   Code   RO        12151    i.lv_ta_set_one_line  lv_ta.o
    0x0801499e   0x0000005c   Code   RO        12155    i.lv_ta_set_style   lv_ta.o
    0x080149fa   0x00000002   PAD
    0x080149fc   0x0000011c   Code   RO        12156    i.lv_ta_set_text    lv_ta.o
    0x08014b18   0x000002a8   Code   RO        12159    i.lv_ta_signal      lv_ta.o
    0x08014dc0   0x0000022c   Code   RO        12602    i.lv_tabview_add_tab  lv_tabview.o
    0x08014fec   0x00000264   Code   RO        12604    i.lv_tabview_create  lv_tabview.o
    0x08015250   0x0000000a   Code   RO        12605    i.lv_tabview_get_anim_time  lv_tabview.o
    0x0801525a   0x0000000e   Code   RO        12608    i.lv_tabview_get_sliding  lv_tabview.o
    0x08015268   0x0000004c   Code   RO        12609    i.lv_tabview_get_style  lv_tabview.o
    0x080152b4   0x0000002e   Code   RO        12610    i.lv_tabview_get_tab  lv_tabview.o
    0x080152e2   0x0000000a   Code   RO        12611    i.lv_tabview_get_tab_act  lv_tabview.o
    0x080152ec   0x0000001c   Code   RO        12614    i.lv_tabview_set_btns_hidden  lv_tabview.o
    0x08015308   0x000000a0   Code   RO        12617    i.lv_tabview_set_style  lv_tabview.o
    0x080153a8   0x000001f8   Code   RO        12618    i.lv_tabview_set_tab_act  lv_tabview.o
    0x080155a0   0x00000144   Code   RO        12619    i.lv_tabview_signal  lv_tabview.o
    0x080156e4   0x0000001c   Code   RO         8369    i.lv_task_core_init  lv_task.o
    0x08015700   0x00000028   Code   RO         8370    i.lv_task_create    lv_task.o
    0x08015728   0x0000007c   Code   RO         8371    i.lv_task_create_basic  lv_task.o
    0x080157a4   0x00000030   Code   RO         8372    i.lv_task_del       lv_task.o
    0x080157d4   0x00000044   Code   RO         8374    i.lv_task_exec      lv_task.o
    0x08015818   0x000000d0   Code   RO         8376    i.lv_task_handler   lv_task.o
    0x080158e8   0x00000012   Code   RO         8378    i.lv_task_ready     lv_task.o
    0x080158fa   0x00000002   PAD
    0x080158fc   0x00000058   Code   RO         8382    i.lv_task_set_prio  lv_task.o
    0x08015954   0x0000000c   Code   RO        13070    i.lv_theme_get_current  lv_theme.o
    0x08015960   0x00000160   Code   RO        13221    i.lv_theme_night_init  lv_theme_night.o
    0x08015ac0   0x0000001c   Code   RO        13071    i.lv_theme_set_current  lv_theme.o
    0x08015adc   0x0000000c   Code   RO         7642    i.lv_tick_elaps     lv_hal_tick.o
    0x08015ae8   0x00000014   Code   RO         7643    i.lv_tick_get       lv_hal_tick.o
    0x08015afc   0x00000014   Code   RO         7644    i.lv_tick_inc       lv_hal_tick.o
    0x08015b10   0x00000040   Code   RO         8466    i.lv_txt_cut        lv_txt.o
    0x08015b50   0x000000f8   Code   RO         8467    i.lv_txt_get_next_line  lv_txt.o
    0x08015c48   0x000000b0   Code   RO         8468    i.lv_txt_get_size   lv_txt.o
    0x08015cf8   0x00000088   Code   RO         8469    i.lv_txt_get_width  lv_txt.o
    0x08015d80   0x00000048   Code   RO         8470    i.lv_txt_ins        lv_txt.o
    0x08015dc8   0x00000036   Code   RO         8471    i.lv_txt_is_cmd     lv_txt.o
    0x08015dfe   0x0000007e   Code   RO         8472    i.lv_txt_unicode_to_utf8  lv_txt.o
    0x08015e7c   0x0000002c   Code   RO         8474    i.lv_txt_utf8_get_byte_id  lv_txt.o
    0x08015ea8   0x00000028   Code   RO         8475    i.lv_txt_utf8_get_char_id  lv_txt.o
    0x08015ed0   0x00000028   Code   RO         8476    i.lv_txt_utf8_get_length  lv_txt.o
    0x08015ef8   0x0000008a   Code   RO         8477    i.lv_txt_utf8_next  lv_txt.o
    0x08015f82   0x00000002   PAD
    0x08015f84   0x00000048   Code   RO         8478    i.lv_txt_utf8_prev  lv_txt.o
    0x08015fcc   0x0000002e   Code   RO         8479    i.lv_txt_utf8_size  lv_txt.o
    0x08015ffa   0x00000002   PAD
    0x08015ffc   0x0000004c   Code   RO         8565    i.lv_utils_bsearch  lv_utils.o
    0x08016048   0x000001b8   Code   RO           24    i.main              main.o
    0x08016200   0x0000002a   Code   RO         9052    i.make_one_button_toggled  lv_btnm.o
    0x0801622a   0x00000002   PAD
    0x0801622c   0x00000090   Code   RO        13222    i.mbox_init         lv_theme_night.o
    0x080162bc   0x00000012   Code   RO        14128    i.mem_cpy           ff.o
    0x080162ce   0x0000000e   Code   RO        14129    i.mem_set           ff.o
    0x080162dc   0x00000036   Code   RO        14130    i.move_window       ff.o
    0x08016312   0x00000026   Code   RO         8191    i.node_set_next     lv_ll.o
    0x08016338   0x00000024   Code   RO         8192    i.node_set_prev     lv_ll.o
    0x0801635c   0x00000164   Code   RO           25    i.note_init         main.o
    0x080164c0   0x0000002a   Code   RO         4910    i.obj_to_foreground  lv_group.o
    0x080164ea   0x00000002   PAD
    0x080164ec   0x00000070   Code   RO        13223    i.page_init         lv_theme_night.o
    0x0801655c   0x00000064   Code   RO        12161    i.placeholder_update  lv_ta.o
    0x080165c0   0x00000014   Code   RO         6661    i.point_swap        lv_draw_triangle.o
    0x080165d4   0x00000094   Code   RO         4634    i.pulse_process     pulse.o
    0x08016668   0x000000f8   Code   RO        14131    i.put_fat           ff.o
    0x08016760   0x00000050   Code   RO        12162    i.pwd_char_hider    lv_ta.o
    0x080167b0   0x00000002   Code   RO        12163    i.pwd_char_hider_anim  lv_ta.o
    0x080167b2   0x00000006   Code   RO        12164    i.pwd_char_hider_anim_ready  lv_ta.o
    0x080167b8   0x000002a8   Code   RO        12165    i.refr_cursor_area  lv_ta.o
    0x08016a60   0x00000070   Code   RO        11737    i.refr_height       lv_roller.o
    0x08016ad0   0x000000d0   Code   RO        11738    i.refr_position     lv_roller.o
    0x08016ba0   0x00000044   Code   RO         5438    i.refresh_children_position  lv_obj.o
    0x08016be4   0x00000034   Code   RO         5439    i.refresh_children_style  lv_obj.o
    0x08016c18   0x00000028   Code   RO         4911    i.refresh_theme     lv_group.o
    0x08016c40   0x00000110   Code   RO        10075    i.release_handler   lv_ddlist.o
    0x08016d50   0x0000006e   Code   RO        14133    i.remove_chain      ff.o
    0x08016dbe   0x00000038   Code   RO         5440    i.report_style_mod_core  lv_obj.o
    0x08016df6   0x00000002   PAD
    0x08016df8   0x00000070   Code   RO        13224    i.roller_init       lv_theme_night.o
    0x08016e68   0x0000003c   Code   RO        11392    i.scrl_def_event_cb  lv_page.o
    0x08016ea4   0x00000006   Code   RO        11739    i.scroll_anim_ready_cb  lv_roller.o
    0x08016eaa   0x00000010   Code   RO        14134    i.st_clust          ff.o
    0x08016eba   0x00000002   PAD
    0x08016ebc   0x00000030   Code   RO        13225    i.style_mod         lv_theme_night.o
    0x08016eec   0x0000008c   Code   RO         4912    i.style_mod_def     lv_group.o
    0x08016f78   0x00000028   Code   RO        13226    i.style_mod_edit    lv_theme_night.o
    0x08016fa0   0x0000008c   Code   RO         4913    i.style_mod_edit_def  lv_group.o
    0x0801702c   0x0000013e   Code   RO         6301    i.sw_color_fill     lv_draw_basic.o
    0x0801716a   0x000000b6   Code   RO        14135    i.sync_fs           ff.o
    0x08017220   0x00000060   Code   RO        14136    i.sync_window       ff.o
    0x08017280   0x00000138   Code   RO        13704    i.tab1_init         gui_test.o
    0x080173b8   0x00000100   Code   RO        13705    i.tab2_init         gui_test.o
    0x080174b8   0x00000094   Code   RO        13706    i.tab3_init         gui_test.o
    0x0801754c   0x00000090   Code   RO        13707    i.tab4_init         gui_test.o
    0x080175dc   0x000000b0   Code   RO        13708    i.tab5_init         gui_test.o
    0x0801768c   0x00000058   Code   RO        12620    i.tab_btnm_event_cb  lv_tabview.o
    0x080176e4   0x000000c0   Code   RO        12621    i.tabpage_press_lost_handler  lv_tabview.o
    0x080177a4   0x00000018   Code   RO        12622    i.tabpage_pressed_handler  lv_tabview.o
    0x080177bc   0x00000154   Code   RO        12623    i.tabpage_pressing_handler  lv_tabview.o
    0x08017910   0x00000064   Code   RO        12624    i.tabpage_scrl_signal  lv_tabview.o
    0x08017974   0x00000060   Code   RO        12625    i.tabpage_signal    lv_tabview.o
    0x080179d4   0x00000368   Code   RO        12626    i.tabview_realign   lv_tabview.o
    0x08017d3c   0x000002d8   Code   RO         6662    i.tri_draw_flat     lv_draw_triangle.o
    0x08018014   0x0000024e   Code   RO         6663    i.tri_draw_tall     lv_draw_triangle.o
    0x08018262   0x00000008   Code   RO         6919    i.unicode_list_compare  lv_font_fmt_txt.o
    0x0801826a   0x000000a2   Code   RO        12166    i.update_cursor_position_on_click  lv_ta.o
    0x0801830c   0x0000002c   Code   RO        14137    i.validate          ff.o
    0x08018338   0x000000f8   Code   RO        13227    i.win_init          lv_theme_night.o
    0x08018430   0x00000010   Data   RO         4284    .constdata          system_stm32f1xx.o
    0x08018440   0x00000008   Data   RO         4285    .constdata          system_stm32f1xx.o
    0x08018448   0x0000002e   Data   RO         4914    .constdata          lv_group.o
    0x08018476   0x00000002   PAD
    0x08018478   0x00000016   Data   RO         6063    .constdata          lv_style.o
    0x0801848e   0x00000001   Data   RO         6133    .constdata          lv_draw.o
    0x0801848f   0x00000002   Data   RO         6134    .constdata          lv_draw.o
    0x08018491   0x00000003   Data   RO         6135    .constdata          lv_draw.o
    0x08018494   0x00000004   Data   RO         6136    .constdata          lv_draw.o
    0x08018498   0x00000005   Data   RO         6137    .constdata          lv_draw.o
    0x0801849d   0x00000006   Data   RO         6138    .constdata          lv_draw.o
    0x080184a3   0x00000007   Data   RO         6139    .constdata          lv_draw.o
    0x080184aa   0x00000008   Data   RO         6140    .constdata          lv_draw.o
    0x080184b2   0x00000011   Data   RO         6578    .constdata          lv_draw_rect.o
    0x080184c3   0x00002392   Data   RO         7211    .constdata          lv_font_roboto_16.o
    0x0801a855   0x00000003   PAD
    0x0801a858   0x00000028   Data   RO         7212    .constdata          lv_font_roboto_16.o
    0x0801a880   0x00000002   Data   RO         7382    .constdata          lv_hal_disp.o
    0x0801a882   0x00000002   PAD
    0x0801a884   0x00000002   Data   RO        13229    .constdata          lv_theme_night.o
    0x0801a886   0x00000002   PAD
    0x0801a888   0x00000002   Data   RO        13709    .constdata          gui_test.o
    0x0801a88a   0x0000019c   Data   RO        13792    .constdata          heart.o
    0x0801aa26   0x00000002   PAD
    0x0801aa28   0x0000000c   Data   RO        13793    .constdata          heart.o
    0x0801aa34   0x00000a6c   Data   RO        13802    .constdata          qqbar.o
    0x0801b4a0   0x0000000c   Data   RO        13803    .constdata          qqbar.o
    0x0801b4ac   0x000000f8   Data   RO        13812    .constdata          list.o
    0x0801b5a4   0x0000000c   Data   RO        13813    .constdata          list.o
    0x0801b5b0   0x000002ff   Data   RO        13832    .constdata          smileqq.o
    0x0801b8af   0x00000001   PAD
    0x0801b8b0   0x0000000c   Data   RO        13833    .constdata          smileqq.o
    0x0801b8bc   0x00000f5e   Data   RO        13842    .constdata          white_logo.o
    0x0801c81a   0x00000002   PAD
    0x0801c81c   0x0000000c   Data   RO        13843    .constdata          white_logo.o
    0x0801c828   0x00000644   Data   RO        13852    .constdata          wea_new.o
    0x0801ce6c   0x0000000c   Data   RO        13853    .constdata          wea_new.o
    0x0801ce78   0x000000ac   Data   RO        14139    .constdata          ff.o
    0x0801cf24   0x00000014   Data   RO        14481    .constdata          sd_diskio.o
    0x0801cf38   0x00000029   Data   RO         9053    .conststring        lv_btnm.o
    0x0801cf61   0x00000003   PAD
    0x0801cf64   0x00000020   Data   RO        14851    Region$$Table       anon$$obj.o


    Execution Region RW_IRAM1 (Base: 0x20000000, Size: 0x00009038, Max: 0x0000c000, ABSOLUTE, COMPRESSED[0x00000680])

    Base Addr    Size         Type   Attr      Idx    E Section Name        Object

    0x20000000   0x00000008   Data   RW           30    .data               main.o
    0x20000008   0x0000000c   Data   RW         1227    .data               stm32f1xx_hal.o
    0x20000014   0x00000004   Data   RW         4286    .data               system_stm32f1xx.o
    0x20000018   0x00000002   Data   RW         4462    .data               mpu6050.o
    0x2000001a   0x00000012   Data   RW         4636    .data               pulse.o
    0x2000002c   0x00000004   Data   RW         4683    .data               ble.o
    0x20000030   0x00000008   Data   RW         5191    .data               lv_indev.o
    0x20000038   0x0000000c   Data   RW         5441    .data               lv_obj.o
    0x20000044   0x00000008   Data   RW         5970    .data               lv_refr.o
    0x2000004c   0x00000024   Data   RW         6141    .data               lv_draw.o
    0x20000070   0x00000002   Data   RW         6697    .data               lv_img_cache.o
    0x20000072   0x00000002   PAD
    0x20000074   0x00000490   Data   RW         7213    .data               lv_font_roboto_16.o
    0x20000504   0x00000064   Data   RW         7214    .data               lv_font_roboto_16.o
    0x20000568   0x00000092   Data   RW         7215    .data               lv_font_roboto_16.o
    0x200005fa   0x00000092   Data   RW         7216    .data               lv_font_roboto_16.o
    0x2000068c   0x00000578   Data   RW         7217    .data               lv_font_roboto_16.o
    0x20000c04   0x00000010   Data   RW         7218    .data               lv_font_roboto_16.o
    0x20000c14   0x0000001c   Data   RW         7219    .data               lv_font_roboto_16.o
    0x20000c30   0x00000010   Data   RW         7220    .data               lv_font_roboto_16.o
    0x20000c40   0x00000004   Data   RW         7383    .data               lv_hal_disp.o
    0x20000c44   0x00000008   Data   RW         7645    .data               lv_hal_tick.o
    0x20000c4c   0x00000008   Data   RW         7689    .data               lv_anim.o
    0x20000c54   0x00000004   Data   RW         8156    .data               lv_gc.o
    0x20000c58   0x00000004   Data   RW         8157    .data               lv_gc.o
    0x20000c5c   0x00000004   Data   RW         8158    .data               lv_gc.o
    0x20000c60   0x00000008   Data   RW         8318    .data               lv_mem.o
    0x20000c68   0x00000014   Data   RW         8383    .data               lv_task.o
    0x20000c7c   0x00000010   Data   RW         8480    .data               lv_txt.o
    0x20000c8c   0x00000004   Data   RW         8481    .data               lv_txt.o
    0x20000c90   0x00000004   Data   RW         8483    .data               lv_txt.o
    0x20000c94   0x00000004   Data   RW         8484    .data               lv_txt.o
    0x20000c98   0x00000024   Data   RW         9054    .data               lv_btnm.o
    0x20000cbc   0x00000008   Data   RW         9714    .data               lv_chart.o
    0x20000cc4   0x00000004   Data   RW         9943    .data               lv_cont.o
    0x20000cc8   0x0000000c   Data   RW        10076    .data               lv_ddlist.o
    0x20000cd4   0x00000004   Data   RW        10371    .data               lv_img.o
    0x20000cd8   0x00000004   Data   RW        10628    .data               lv_label.o
    0x20000cdc   0x00000008   Data   RW        11393    .data               lv_page.o
    0x20000ce4   0x00000008   Data   RW        11740    .data               lv_roller.o
    0x20000cec   0x00000014   Data   RW        12167    .data               lv_ta.o
    0x20000d00   0x00000010   Data   RW        12628    .data               lv_tabview.o
    0x20000d10   0x00000004   Data   RW        13072    .data               lv_theme.o
    0x20000d14   0x00000008   Data   RW        13230    .data               lv_theme_night.o
    0x20000d1c   0x0000002c   Data   RW        13710    .data               gui_test.o
    0x20000d48   0x00000005   Data   RW        14001    .data               fatfs.o
    0x20000d4d   0x00000003   PAD
    0x20000d50   0x00000008   Data   RW        14140    .data               ff.o
    0x20000d58   0x00000001   Data   RW        14482    .data               sd_diskio.o
    0x20000d59   0x00000003   PAD
    0x20000d5c   0x00000004   Data   RW        14829    .data               mc_w.l(stdout.o)
    0x20000d60   0x000006b0   Zero   RW           26    .bss                main.o
    0x20001410   0x00000044   Zero   RW           27    .bss                main.o
    0x20001454   0x00000044   Zero   RW           28    .bss                main.o
    0x20001498   0x00000044   Zero   RW           29    .bss                main.o
    0x200014dc   0x00000480   Zero   RW         4360    .bss                tftlcd.o
    0x2000195c   0x00000028   Zero   RW         4635    .bss                pulse.o
    0x20001984   0x00000080   Zero   RW         4682    .bss                ble.o
    0x20001a04   0x0000030c   Zero   RW         6062    .bss                lv_style.o
    0x20001d10   0x0000000c   Zero   RW         8148    .bss                lv_gc.o
    0x20001d1c   0x0000000c   Zero   RW         8149    .bss                lv_gc.o
    0x20001d28   0x0000000c   Zero   RW         8150    .bss                lv_gc.o
    0x20001d34   0x0000000c   Zero   RW         8151    .bss                lv_gc.o
    0x20001d40   0x0000000c   Zero   RW         8153    .bss                lv_gc.o
    0x20001d4c   0x0000000c   Zero   RW         8154    .bss                lv_gc.o
    0x20001d58   0x0000000c   Zero   RW         8155    .bss                lv_gc.o
    0x20001d64   0x00004000   Zero   RW         8317    .bss                lv_mem.o
    0x20005d64   0x00000da4   Zero   RW        13228    .bss                lv_theme_night.o
    0x20006b08   0x000012dc   Zero   RW        13367    .bss                lv_port_disp.o
    0x20007de4   0x00000230   Zero   RW        13645    .bss                lv_port_fs.o
    0x20008014   0x00000018   Zero   RW        14138    .bss                ff.o
    0x2000802c   0x0000000c   Zero   RW        14406    .bss                ff_gen_drv.o
    0x20008038   0x00001000   Zero   RW            1    STACK               startup_stm32f103xe.o


==============================================================================

Image component sizes


      Code (inc. data)   RO Data    RW Data    ZI Data      Debug   Object Name

       176         32          0          4        128       2443   ble.o
       192         26          0          0          0       6653   bsp_driver_sd.o
        24          4          0          0          0       1728   debug.o
       148         22          0          0          0       3313   diskio.o
        28         10          0          5          0       1074   fatfs.o
      5606         72        172          8         24      29517   ff.o
        70          4          0          0         12       1463   ff_gen_drv.o
      1496        348          2         44          0       7785   gui_test.o
         0          0        424          0          0        586   heart.o
         0          0        260          0          0        576   list.o
       588         52          0          8          0      16765   lv_anim.o
         0          0          0          0          0      21806   lv_arc.o
       422          0          0          0          0       6775   lv_area.o
         0          0          0          0          0       1451   lv_bar.o
      3054         82         41         36          0      27788   lv_btnm.o
         0          0          0          0          0       3662   lv_calendar.o
         0          0          0          0          0       5590   lv_canvas.o
      4428         86          0          8          0      31596   lv_chart.o
        82          0          0          0          0       1901   lv_circ.o
       204          6          0          0          0       3830   lv_color.o
      2600         28          0          4          0      24484   lv_cont.o
      2652        108          0         12          0      28954   lv_ddlist.o
        48          0          0          0          0      20844   lv_disp.o
       296         22         36         36          0      20737   lv_draw.o
      2046         26          0          0          0      22977   lv_draw_basic.o
       584         42          0          0          0      13660   lv_draw_img.o
      1144         20          0          0          0      11990   lv_draw_label.o
      3232          0          0          0          0       7027   lv_draw_line.o
      8186          6         17          0          0      21261   lv_draw_rect.o
      1602          0          0          0          0       4663   lv_draw_triangle.o
        36          0          0          0          0       3217   lv_font.o
       608         16          0          0          0       7417   lv_font_fmt_txt.o
         0          0          0          0          0       1764   lv_font_roboto_12.o
         0          0       9146       3020          0       2060   lv_font_roboto_16.o
       408         18          0          0          0      12138   lv_fs.o
         0          0          0         12         84       3848   lv_gc.o
      1012         40         46          0          0      32271   lv_group.o
       458         52          2          4          0      28170   lv_hal_disp.o
        20          4          0          0          0      21222   lv_hal_indev.o
        52         10          0          8          0       2240   lv_hal_tick.o
       984         32          0          4          0       5544   lv_img.o
       436         32          0          2          0       4970   lv_img_cache.o
      1686         66          0          0          0      11016   lv_img_decoder.o
       180          6          0          8          0      17910   lv_indev.o
      3538        116          0          4          0      27908   lv_label.o
       752          0          0          0          0       9282   lv_ll.o
       414         28          0          8      16384       5194   lv_mem.o
      3512        102          0         12          0      47535   lv_obj.o
      4500        104          0          8          0      47451   lv_page.o
        86         10          0          0       4828      24202   lv_port_disp.o
       524        202          0          0        560       7913   lv_port_fs.o
      1602         50          0          8          0       8787   lv_refr.o
      2354         70          0          8          0      29799   lv_roller.o
         0          0          0          0          0       5732   lv_slider.o
      1348         12         22          0        780       7918   lv_style.o
      5520        224          0         20          0      32601   lv_ta.o
      4066        120          0         16          0      29143   lv_tabview.o
       622         56          0         20          0       5952   lv_task.o
        40         12          0          4          0      26288   lv_theme.o
      4336        266          2          8       3492      29760   lv_theme_night.o
      1256         52          0         28          0      12233   lv_txt.o
        76          0          0          0          0        731   lv_utils.o
      1768        490          0          8       1916     573879   main.o
       668          6          0          2          0       7312   mpu6050.o
       678         38          0          0          0       5086   mpuiic.o
       328         12          0         18         40       2982   pulse.o
         0          0       2680          0          0        586   qqbar.o
       264         34         20          1          0       4076   sd_diskio.o
         0          0        779          0          0        598   smileqq.o
        20          6          0          0          0       1173   spi.o
        36          8        304          0       4096        812   startup_stm32f103xe.o
       164         28          0         12          0       6521   stm32f1xx_hal.o
      1238         58          0          0          0       6475   stm32f1xx_hal_adc.o
       198         14          0          0          0      28651   stm32f1xx_hal_cortex.o
      1166         52          0          0          0       4066   stm32f1xx_hal_dma.o
       524         42          0          0          0       3191   stm32f1xx_hal_gpio.o
       828         98          0          0          0       4607   stm32f1xx_hal_msp.o
        88         20          0          0          0       1608   stm32f1xx_hal_pwr.o
      1272        100          0          0          0       4996   stm32f1xx_hal_rcc.o
       448         44          0          0          0       2429   stm32f1xx_hal_rcc_ex.o
      3122         42          0          0          0      13523   stm32f1xx_hal_sd.o
       994          8          0          0          0       5631   stm32f1xx_hal_spi.o
       704         40          0          0          0       6477   stm32f1xx_hal_tim.o
       128         20          0          0          0       2353   stm32f1xx_hal_tim_ex.o
      1414         24          0          0          0      11424   stm32f1xx_hal_uart.o
       116         42          0          0          0       7159   stm32f1xx_it.o
      1656         46          0          0          0      20859   stm32f1xx_ll_sdmmc.o
         2          0         24          4          0       1143   system_stm32f1xx.o
       890         42          0          0       1152       6611   tftlcd.o
         0          0       1616          0          0        598   wea_new.o
         0          0       3946          0          0        624   white_logo.o

    ----------------------------------------------------------------------
     98196       4010      19588       3420      33496    1600565   Object Totals
         0          0         32          0          0          0   (incl. Generated)
       148          0         17          8          0          0   (incl. Padding)

    ----------------------------------------------------------------------

      Code (inc. data)   RO Data    RW Data    ZI Data      Debug   Library Member Name

        86          0          0          0          0          0   __dczerorl2.o
         0          0          0          0          0          0   entry.o
         0          0          0          0          0          0   entry10a.o
         0          0          0          0          0          0   entry11a.o
         8          4          0          0          0          0   entry2.o
         4          0          0          0          0          0   entry5.o
         0          0          0          0          0          0   entry7b.o
         0          0          0          0          0          0   entry8b.o
         8          4          0          0          0          0   entry9a.o
        30          0          0          0          0          0   handlers.o
        36          8          0          0          0         68   init.o
        36          0          0          0          0         68   memcpya.o
        36          0          0          0          0        108   memseta.o
       522         20          0          0          0        336   printf3.o
         0          0          0          4          0          0   stdout.o
        28          0          0          0          0         76   strcmp.o
        18          0          0          0          0         68   strcpy.o
        14          0          0          0          0         68   strlen.o
        44          0          0          0          0         80   uidiv.o

    ----------------------------------------------------------------------
       876         36          0          4          0        872   Library Totals
         6          0          0          0          0          0   (incl. Padding)

    ----------------------------------------------------------------------

      Code (inc. data)   RO Data    RW Data    ZI Data      Debug   Library Name

       870         36          0          4          0        872   mc_w.l

    ----------------------------------------------------------------------
       876         36          0          4          0        872   Library Totals

    ----------------------------------------------------------------------

==============================================================================


      Code (inc. data)   RO Data    RW Data    ZI Data      Debug   

     99072       4046      19588       3424      33496    1562669   Grand Totals
     99072       4046      19588       1664      33496    1562669   ELF Image Totals (compressed)
     99072       4046      19588       1664          0          0   ROM Totals

==============================================================================

    Total RO  Size (Code + RO Data)               118660 ( 115.88kB)
    Total RW  Size (RW Data + ZI Data)             36920 (  36.05kB)
    Total ROM Size (Code + RO Data + RW Data)     120324 ( 117.50kB)

==============================================================================

