Component: ARM Compiler 5.05 update 1 (build 106) Tool: armlink [4d0efa]

==============================================================================

Section Cross References

    startup_stm32f103xe.o(RESET) refers to startup_stm32f103xe.o(STACK) for __initial_sp
    startup_stm32f103xe.o(RESET) refers to startup_stm32f103xe.o(.text) for Reset_Handler
    startup_stm32f103xe.o(RESET) refers to stm32f1xx_it.o(i.NMI_Handler) for NMI_Handler
    startup_stm32f103xe.o(RESET) refers to stm32f1xx_it.o(i.HardFault_Handler) for HardFault_Handler
    startup_stm32f103xe.o(RESET) refers to stm32f1xx_it.o(i.MemManage_Handler) for MemManage_Handler
    startup_stm32f103xe.o(RESET) refers to stm32f1xx_it.o(i.BusFault_Handler) for BusFault_Handler
    startup_stm32f103xe.o(RESET) refers to stm32f1xx_it.o(i.UsageFault_Handler) for UsageFault_Handler
    startup_stm32f103xe.o(RESET) refers to stm32f1xx_it.o(i.SVC_Handler) for SVC_Handler
    startup_stm32f103xe.o(RESET) refers to stm32f1xx_it.o(i.DebugMon_Handler) for DebugMon_Handler
    startup_stm32f103xe.o(RESET) refers to stm32f1xx_it.o(i.PendSV_Handler) for PendSV_Handler
    startup_stm32f103xe.o(RESET) refers to stm32f1xx_it.o(i.SysTick_Handler) for SysTick_Handler
    startup_stm32f103xe.o(RESET) refers to stm32f1xx_it.o(i.DMA1_Channel5_IRQHandler) for DMA1_Channel5_IRQHandler
    startup_stm32f103xe.o(RESET) refers to stm32f1xx_it.o(i.SPI2_IRQHandler) for SPI2_IRQHandler
    startup_stm32f103xe.o(RESET) refers to stm32f1xx_it.o(i.TIM6_IRQHandler) for TIM6_IRQHandler
    startup_stm32f103xe.o(.text) refers to system_stm32f1xx.o(i.SystemInit) for SystemInit
    startup_stm32f103xe.o(.text) refers to entry.o(.ARM.Collect$$$$00000000) for __main
    main.o(i.HAL_TIM_PeriodElapsedCallback) refers to lv_hal_tick.o(i.lv_tick_inc) for lv_tick_inc
    main.o(i.HAL_TIM_PeriodElapsedCallback) refers to main.o(.bss) for .bss
    main.o(i.MX_GPIO_Init) refers to stm32f1xx_hal_gpio.o(i.HAL_GPIO_WritePin) for HAL_GPIO_WritePin
    main.o(i.MX_GPIO_Init) refers to stm32f1xx_hal_gpio.o(i.HAL_GPIO_Init) for HAL_GPIO_Init
    main.o(i.MX_SPI2_Init) refers to stm32f1xx_hal_spi.o(i.HAL_SPI_Init) for HAL_SPI_Init
    main.o(i.MX_SPI2_Init) refers to main.o(.bss) for .bss
    main.o(i.SystemClock_Config) refers to memseta.o(.text) for __aeabi_memclr4
    main.o(i.SystemClock_Config) refers to stm32f1xx_hal_rcc.o(i.HAL_RCC_OscConfig) for HAL_RCC_OscConfig
    main.o(i.SystemClock_Config) refers to stm32f1xx_hal_rcc.o(i.HAL_RCC_ClockConfig) for HAL_RCC_ClockConfig
    main.o(i.fputc) refers to stm32f1xx_hal_uart.o(i.HAL_UART_Transmit) for HAL_UART_Transmit
    main.o(i.fputc) refers to main.o(.bss) for .bss
    main.o(i.main) refers to stm32f1xx_hal.o(i.HAL_Init) for HAL_Init
    main.o(i.main) refers to main.o(i.SystemClock_Config) for SystemClock_Config
    main.o(i.main) refers to main.o(i.MX_GPIO_Init) for MX_GPIO_Init
    main.o(i.main) refers to stm32f1xx_hal.o(i.HAL_Delay) for HAL_Delay
    main.o(i.main) refers to stm32f1xx_hal_cortex.o(i.HAL_NVIC_SetPriority) for HAL_NVIC_SetPriority
    main.o(i.main) refers to stm32f1xx_hal_cortex.o(i.HAL_NVIC_EnableIRQ) for HAL_NVIC_EnableIRQ
    main.o(i.main) refers to main.o(i.MX_SPI2_Init) for MX_SPI2_Init
    main.o(i.main) refers to stm32f1xx_hal_uart.o(i.HAL_UART_Init) for HAL_UART_Init
    main.o(i.main) refers to stm32f1xx_hal_tim.o(i.HAL_TIM_Base_Init) for HAL_TIM_Base_Init
    main.o(i.main) refers to stm32f1xx_hal_tim_ex.o(i.HAL_TIMEx_MasterConfigSynchronization) for HAL_TIMEx_MasterConfigSynchronization
    main.o(i.main) refers to stm32f1xx_hal_tim.o(i.HAL_TIM_Base_Start_IT) for HAL_TIM_Base_Start_IT
    main.o(i.main) refers to tftlcd.o(i.LCD_Init) for LCD_Init
    main.o(i.main) refers to lv_obj.o(i.lv_init) for lv_init
    main.o(i.main) refers to lv_port_disp.o(i.lv_port_disp_init) for lv_port_disp_init
    main.o(i.main) refers to gui_test.o(i.example_test) for example_test
    main.o(i.main) refers to lv_tabview.o(i.lv_tabview_set_tab_act) for lv_tabview_set_tab_act
    main.o(i.main) refers to lv_task.o(i.lv_task_handler) for lv_task_handler
    main.o(i.main) refers to main.o(.bss) for .bss
    main.o(i.main) refers to gui_test.o(.data) for tabview1
    stm32f1xx_it.o(i.DMA1_Channel5_IRQHandler) refers to stm32f1xx_hal_dma.o(i.HAL_DMA_IRQHandler) for HAL_DMA_IRQHandler
    stm32f1xx_it.o(i.DMA1_Channel5_IRQHandler) refers to main.o(.bss) for hdma_spi2_tx
    stm32f1xx_it.o(i.SPI2_IRQHandler) refers to stm32f1xx_hal_spi.o(i.HAL_SPI_IRQHandler) for HAL_SPI_IRQHandler
    stm32f1xx_it.o(i.SPI2_IRQHandler) refers to main.o(.bss) for hspi2
    stm32f1xx_it.o(i.SysTick_Handler) refers to stm32f1xx_hal.o(i.HAL_IncTick) for HAL_IncTick
    stm32f1xx_it.o(i.TIM6_IRQHandler) refers to stm32f1xx_hal_tim.o(i.HAL_TIM_IRQHandler) for HAL_TIM_IRQHandler
    stm32f1xx_it.o(i.TIM6_IRQHandler) refers to main.o(.bss) for htim6
[...]
    RTC_IRQHandler                           0x0800015f   Thumb Code     0  startup_stm32f103xe.o(.text)
    SDIO_IRQHandler                          0x0800015f   Thumb Code     0  startup_stm32f103xe.o(.text)
    SPI1_IRQHandler                          0x0800015f   Thumb Code     0  startup_stm32f103xe.o(.text)
    SPI3_IRQHandler                          0x0800015f   Thumb Code     0  startup_stm32f103xe.o(.text)
    TAMPER_IRQHandler                        0x0800015f   Thumb Code     0  startup_stm32f103xe.o(.text)
    TIM1_BRK_IRQHandler                      0x0800015f   Thumb Code     0  startup_stm32f103xe.o(.text)
    TIM1_CC_IRQHandler                       0x0800015f   Thumb Code     0  startup_stm32f103xe.o(.text)
    TIM1_TRG_COM_IRQHandler                  0x0800015f   Thumb Code     0  startup_stm32f103xe.o(.text)
    TIM1_UP_IRQHandler                       0x0800015f   Thumb Code     0  startup_stm32f103xe.o(.text)
    TIM2_IRQHandler                          0x0800015f   Thumb Code     0  startup_stm32f103xe.o(.text)
    TIM3_IRQHandler                          0x0800015f   Thumb Code     0  startup_stm32f103xe.o(.text)
    TIM4_IRQHandler                          0x0800015f   Thumb Code     0  startup_stm32f103xe.o(.text)
    TIM5_IRQHandler                          0x0800015f   Thumb Code     0  startup_stm32f103xe.o(.text)
    TIM7_IRQHandler                          0x0800015f   Thumb Code     0  startup_stm32f103xe.o(.text)
    TIM8_BRK_IRQHandler                      0x0800015f   Thumb Code     0  startup_stm32f103xe.o(.text)
    TIM8_CC_IRQHandler                       0x0800015f   Thumb Code     0  startup_stm32f103xe.o(.text)
    TIM8_TRG_COM_IRQHandler                  0x0800015f   Thumb Code     0  startup_stm32f103xe.o(.text)
    TIM8_UP_IRQHandler                       0x0800015f   Thumb Code     0  startup_stm32f103xe.o(.text)
    UART4_IRQHandler                         0x0800015f   Thumb Code     0  startup_stm32f103xe.o(.text)
    UART5_IRQHandler                         0x0800015f   Thumb Code     0  startup_stm32f103xe.o(.text)
    USART1_IRQHandler                        0x0800015f   Thumb Code     0  startup_stm32f103xe.o(.text)
    USART2_IRQHandler                        0x0800015f   Thumb Code     0  startup_stm32f103xe.o(.text)
    USART3_IRQHandler                        0x0800015f   Thumb Code     0  startup_stm32f103xe.o(.text)
    USBWakeUp_IRQHandler                     0x0800015f   Thumb Code     0  startup_stm32f103xe.o(.text)
    USB_HP_CAN1_TX_IRQHandler                0x0800015f   Thumb Code     0  startup_stm32f103xe.o(.text)
    USB_LP_CAN1_RX0_IRQHandler               0x0800015f   Thumb Code     0  startup_stm32f103xe.o(.text)
    WWDG_IRQHandler                          0x0800015f   Thumb Code     0  startup_stm32f103xe.o(.text)
    __aeabi_memcpy                           0x08000169   Thumb Code    36  memcpya.o(.text)
    __aeabi_memcpy4                          0x08000169   Thumb Code     0  memcpya.o(.text)
    __aeabi_memcpy8                          0x08000169   Thumb Code     0  memcpya.o(.text)
    __aeabi_memset                           0x0800018d   Thumb Code    14  memseta.o(.text)
    __aeabi_memset4                          0x0800018d   Thumb Code     0  memseta.o(.text)
    __aeabi_memset8                          0x0800018d   Thumb Code     0  memseta.o(.text)
    __aeabi_memclr                           0x0800019b   Thumb Code     4  memseta.o(.text)
    __aeabi_memclr4                          0x0800019b   Thumb Code     0  memseta.o(.text)
    __aeabi_memclr8                          0x0800019b   Thumb Code     0  memseta.o(.text)
    _memset$wrapper                          0x0800019f   Thumb Code    18  memseta.o(.text)
    strlen                                   0x080001b1   Thumb Code    14  strlen.o(.text)
    strcmp                                   0x080001bf   Thumb Code    28  strcmp.o(.text)
    strcpy                                   0x080001db   Thumb Code    18  strcpy.o(.text)
    __scatterload                            0x080001ed   Thumb Code    28  init.o(.text)
    __scatterload_rt2                        0x080001ed   Thumb Code     0  init.o(.text)
    __decompress                             0x08000211   Thumb Code     0  __dczerorl2.o(.text)
    __decompress1                            0x08000211   Thumb Code    86  __dczerorl2.o(.text)
    BusFault_Handler                         0x08000267   Thumb Code     2  stm32f1xx_it.o(i.BusFault_Handler)
    DMA1_Channel5_IRQHandler                 0x08000269   Thumb Code     6  stm32f1xx_it.o(i.DMA1_Channel5_IRQHandler)
    DebugMon_Handler                         0x0800029f   Thumb Code     2  stm32f1xx_it.o(i.DebugMon_Handler)
    Error_Handler                            0x080002a1   Thumb Code     4  main.o(i.Error_Handler)
    HAL_DMA_Abort_IT                         0x080002a5   Thumb Code   296  stm32f1xx_hal_dma.o(i.HAL_DMA_Abort_IT)
    HAL_DMA_GetState                         0x080003d5   Thumb Code     6  stm32f1xx_hal_dma.o(i.HAL_DMA_GetState)
    HAL_DMA_IRQHandler                       0x080003dd   Thumb Code   552  stm32f1xx_hal_dma.o(i.HAL_DMA_IRQHandler)
    HAL_DMA_Init                             0x08000625   Thumb Code   112  stm32f1xx_hal_dma.o(i.HAL_DMA_Init)
    HAL_DMA_Start_IT                         0x080006a1   Thumb Code   112  stm32f1xx_hal_dma.o(i.HAL_DMA_Start_IT)
    HAL_Delay                                0x08000711   Thumb Code    32  stm32f1xx_hal.o(i.HAL_Delay)
    HAL_GPIO_Init                            0x08000735   Thumb Code   462  stm32f1xx_hal_gpio.o(i.HAL_GPIO_Init)
    HAL_GPIO_WritePin                        0x0800092d   Thumb Code    10  stm32f1xx_hal_gpio.o(i.HAL_GPIO_WritePin)
    HAL_GetTick                              0x08000939   Thumb Code     6  stm32f1xx_hal.o(i.HAL_GetTick)
    HAL_IncTick                              0x08000945   Thumb Code    12  stm32f1xx_hal.o(i.HAL_IncTick)
    HAL_Init                                 0x08000955   Thumb Code    32  stm32f1xx_hal.o(i.HAL_Init)
    HAL_InitTick                             0x08000979   Thumb Code    54  stm32f1xx_hal.o(i.HAL_InitTick)
    HAL_MspInit                              0x080009b9   Thumb Code     2  stm32f1xx_hal.o(i.HAL_MspInit)
    HAL_NVIC_EnableIRQ                       0x080009bb   Thumb Code    26  stm32f1xx_hal_cortex.o(i.HAL_NVIC_EnableIRQ)
    HAL_NVIC_SetPriority                     0x080009d5   Thumb Code    60  stm32f1xx_hal_cortex.o(i.HAL_NVIC_SetPriority)
    HAL_NVIC_SetPriorityGrouping             0x08000a15   Thumb Code    26  stm32f1xx_hal_cortex.o(i.HAL_NVIC_SetPriorityGrouping)
    HAL_RCC_ClockConfig                      0x08000a39   Thumb Code   280  stm32f1xx_hal_rcc.o(i.HAL_RCC_ClockConfig)
    HAL_RCC_GetPCLK1Freq                     0x08000b65   Thumb Code    20  stm32f1xx_hal_rcc.o(i.HAL_RCC_GetPCLK1Freq)
    HAL_RCC_GetPCLK2Freq                     0x08000b85   Thumb Code    20  stm32f1xx_hal_rcc.o(i.HAL_RCC_GetPCLK2Freq)
    HAL_RCC_GetSysClockFreq                  0x08000ba5   Thumb Code    74  stm32f1xx_hal_rcc.o(i.HAL_RCC_GetSysClockFreq)
    HAL_RCC_OscConfig                        0x08000c11   Thumb Code   778  stm32f1xx_hal_rcc.o(i.HAL_RCC_OscConfig)
    HAL_SPI_ErrorCallback                    0x08000f31   Thumb Code     2  stm32f1xx_hal_spi.o(i.HAL_SPI_ErrorCallback)
    HAL_SPI_IRQHandler                       0x08000f35   Thumb Code   220  stm32f1xx_hal_spi.o(i.HAL_SPI_IRQHandler)
    HAL_SPI_Init                             0x08001015   Thumb Code   178  stm32f1xx_hal_spi.o(i.HAL_SPI_Init)
    HAL_SPI_MspInit                          0x080010c9   Thumb Code   140  stm32f1xx_hal_msp.o(i.HAL_SPI_MspInit)
    HAL_SPI_Transmit                         0x08001169   Thumb Code   358  stm32f1xx_hal_spi.o(i.HAL_SPI_Transmit)
    HAL_SPI_Transmit_DMA                     0x080012d1   Thumb Code   202  stm32f1xx_hal_spi.o(i.HAL_SPI_Transmit_DMA)
    HAL_SPI_TxCpltCallback                   0x080013a9   Thumb Code     2  stm32f1xx_hal_spi.o(i.HAL_SPI_TxCpltCallback)
    HAL_SPI_TxHalfCpltCallback               0x080013ab   Thumb Code     2  stm32f1xx_hal_spi.o(i.HAL_SPI_TxHalfCpltCallback)
    HAL_SYSTICK_Config                       0x080013ad   Thumb Code    40  stm32f1xx_hal_cortex.o(i.HAL_SYSTICK_Config)
    HAL_TIMEx_BreakCallback                  0x080013d5   Thumb Code     2  stm32f1xx_hal_tim_ex.o(i.HAL_TIMEx_BreakCallback)
    HAL_TIMEx_CommutCallback                 0x080013d7   Thumb Code     2  stm32f1xx_hal_tim_ex.o(i.HAL_TIMEx_CommutCallback)
    HAL_TIMEx_MasterConfigSynchronization    0x080013d9   Thumb Code   104  stm32f1xx_hal_tim_ex.o(i.HAL_TIMEx_MasterConfigSynchronization)
    HAL_TIM_Base_Init                        0x08001455   Thumb Code    90  stm32f1xx_hal_tim.o(i.HAL_TIM_Base_Init)
    HAL_TIM_Base_MspInit                     0x080014b1   Thumb Code    50  stm32f1xx_hal_msp.o(i.HAL_TIM_Base_MspInit)
    HAL_TIM_Base_Start_IT                    0x080014ed   Thumb Code    88  stm32f1xx_hal_tim.o(i.HAL_TIM_Base_Start_IT)
    HAL_TIM_IC_CaptureCallback               0x08001559   Thumb Code     2  stm32f1xx_hal_tim.o(i.HAL_TIM_IC_CaptureCallback)
    HAL_TIM_IRQHandler                       0x0800155b   Thumb Code   358  stm32f1xx_hal_tim.o(i.HAL_TIM_IRQHandler)
    HAL_TIM_OC_DelayElapsedCallback          0x080016c1   Thumb Code     2  stm32f1xx_hal_tim.o(i.HAL_TIM_OC_DelayElapsedCallback)
    HAL_TIM_PWM_PulseFinishedCallback        0x080016c3   Thumb Code     2  stm32f1xx_hal_tim.o(i.HAL_TIM_PWM_PulseFinishedCallback)
    HAL_TIM_PeriodElapsedCallback            0x080016c5   Thumb Code    14  main.o(i.HAL_TIM_PeriodElapsedCallback)
    HAL_TIM_TriggerCallback                  0x080016d9   Thumb Code     2  stm32f1xx_hal_tim.o(i.HAL_TIM_TriggerCallback)
    HAL_UART_Init                            0x080016db   Thumb Code    98  stm32f1xx_hal_uart.o(i.HAL_UART_Init)
    HAL_UART_MspInit                         0x0800173d   Thumb Code   100  stm32f1xx_hal_msp.o(i.HAL_UART_MspInit)
    HardFault_Handler                        0x080017ad   Thumb Code     2  stm32f1xx_it.o(i.HardFault_Handler)
    LCD_Address_Set                          0x080017af   Thumb Code    82  tftlcd.o(i.LCD_Address_Set)
    LCD_Clear                                0x08001801   Thumb Code    92  tftlcd.o(i.LCD_Clear)
    LCD_Color_Fill                           0x0800186d   Thumb Code   110  tftlcd.o(i.LCD_Color_Fill)
    LCD_Gpio_Init                            0x080018e5   Thumb Code    54  tftlcd.o(i.LCD_Gpio_Init)
    LCD_Init                                 0x08001921   Thumb Code   412  tftlcd.o(i.LCD_Init)
    MemManage_Handler                        0x08001c15   Thumb Code     2  stm32f1xx_it.o(i.MemManage_Handler)
    NMI_Handler                              0x08001c17   Thumb Code     2  stm32f1xx_it.o(i.NMI_Handler)
    PendSV_Handler                           0x08001c19   Thumb Code     2  stm32f1xx_it.o(i.PendSV_Handler)
    SPI2_IRQHandler                          0x08001c1d   Thumb Code     6  stm32f1xx_it.o(i.SPI2_IRQHandler)
    SPI2_WriteData                           0x08001c29   Thumb Code    14  spi.o(i.SPI2_WriteData)
    SVC_Handler                              0x08001db5   Thumb Code     2  stm32f1xx_it.o(i.SVC_Handler)
    SysTick_Handler                          0x08001db7   Thumb Code     4  stm32f1xx_it.o(i.SysTick_Handler)
    SystemClock_Config                       0x08001dbb   Thumb Code    94  main.o(i.SystemClock_Config)
    SystemInit                               0x08001e19   Thumb Code     2  system_stm32f1xx.o(i.SystemInit)
    TIM6_IRQHandler                          0x08001e1d   Thumb Code     6  stm32f1xx_it.o(i.TIM6_IRQHandler)
    TIM_Base_SetConfig                       0x08001e29   Thumb Code   120  stm32f1xx_hal_tim.o(i.TIM_Base_SetConfig)
    UsageFault_Handler                       0x08001f6d   Thumb Code     2  stm32f1xx_it.o(i.UsageFault_Handler)
    __scatterload_copy                       0x08001f8f   Thumb Code    14  handlers.o(i.__scatterload_copy)
    __scatterload_null                       0x08001f9d   Thumb Code     2  handlers.o(i.__scatterload_null)
    __scatterload_zeroinit                   0x08001f9f   Thumb Code    14  handlers.o(i.__scatterload_zeroinit)
    event_handler                            0x08002235   Thumb Code    20  gui_test.o(i.event_handler)
    example_test                             0x0800224d   Thumb Code   442  gui_test.o(i.example_test)
    lv_anim_core_init                        0x0800286d   Thumb Code    34  lv_anim.o(i.lv_anim_core_init)
    lv_anim_create                           0x0800289d   Thumb Code    68  lv_anim.o(i.lv_anim_create)
    lv_anim_del                              0x080028e9   Thumb Code    86  lv_anim.o(i.lv_anim_del)
    lv_anim_path_linear                      0x08002949   Thumb Code    38  lv_anim.o(i.lv_anim_path_linear)
    lv_anim_speed_to_time                    0x0800296f   Thumb Code    38  lv_anim.o(i.lv_anim_speed_to_time)
    lv_area_get_size                         0x080029a1   Thumb Code    28  lv_area.o(i.lv_area_get_size)
    lv_area_intersect                        0x080029d5   Thumb Code    80  lv_area.o(i.lv_area_intersect)
    lv_area_is_in                            0x08002a25   Thumb Code    58  lv_area.o(i.lv_area_is_in)
    lv_area_is_on                            0x08002a5f   Thumb Code    56  lv_area.o(i.lv_area_is_on)
    lv_area_is_point_on                      0x08002a97   Thumb Code    50  lv_area.o(i.lv_area_is_point_on)
    lv_area_join                             0x08002ac9   Thumb Code    68  lv_area.o(i.lv_area_join)
    lv_area_set                              0x08002b0d   Thumb Code    14  lv_area.o(i.lv_area_set)
    lv_area_set_height                       0x08002b1b   Thumb Code    10  lv_area.o(i.lv_area_set_height)
    lv_area_set_pos                          0x08002b25   Thumb Code    48  lv_area.o(i.lv_area_set_pos)
    lv_area_set_width                        0x08002b55   Thumb Code    10  lv_area.o(i.lv_area_set_width)
    lv_btn_create                            0x08002b61   Thumb Code   242  lv_btn.o(i.lv_btn_create)
    lv_btn_get_toggle                        0x08002c95   Thumb Code    14  lv_btn.o(i.lv_btn_get_toggle)
    lv_btn_set_state                         0x08002ca3   Thumb Code    44  lv_btn.o(i.lv_btn_set_state)
    lv_btn_set_style                         0x08002ccf   Thumb Code    66  lv_btn.o(i.lv_btn_set_style)
    lv_btnm_clear_btn_ctrl                   0x08002e7d   Thumb Code    44  lv_btnm.o(i.lv_btnm_clear_btn_ctrl)
    lv_btnm_clear_btn_ctrl_all               0x08002ea9   Thumb Code    42  lv_btnm.o(i.lv_btnm_clear_btn_ctrl_all)
    lv_btnm_create                           0x08002ed5   Thumb Code   270  lv_btnm.o(i.lv_btnm_create)
    lv_btnm_get_active_btn                   0x08003271   Thumb Code    10  lv_btnm.o(i.lv_btnm_get_active_btn)
    lv_btnm_get_btn_ctrl                     0x0800327b   Thumb Code    34  lv_btnm.o(i.lv_btnm_get_btn_ctrl)
    lv_btnm_get_map_array                    0x0800329d   Thumb Code    10  lv_btnm.o(i.lv_btnm_get_map_array)
    lv_btnm_get_style                        0x080032a7   Thumb Code    58  lv_btnm.o(i.lv_btnm_get_style)
    lv_btnm_set_btn_ctrl                     0x080032e1   Thumb Code    44  lv_btnm.o(i.lv_btnm_set_btn_ctrl)
    lv_btnm_set_map                          0x0800330d   Thumb Code   524  lv_btnm.o(i.lv_btnm_set_map)
    lv_btnm_set_style                        0x0800351d   Thumb Code    68  lv_btnm.o(i.lv_btnm_set_style)
    lv_circ_cont                             0x080038d1   Thumb Code    20  lv_circ.o(i.lv_circ_cont)
    lv_circ_init                             0x080038e5   Thumb Code    14  lv_circ.o(i.lv_circ_init)
    lv_circ_next                             0x080038f3   Thumb Code    48  lv_circ.o(i.lv_circ_next)
    lv_cont_create                           0x080039e1   Thumb Code   174  lv_cont.o(i.lv_cont_create)
    lv_cont_get_fit_left                     0x08003a9d   Thumb Code    14  lv_cont.o(i.lv_cont_get_fit_left)
    lv_cont_get_fit_top                      0x08003aab   Thumb Code    14  lv_cont.o(i.lv_cont_get_fit_top)
    lv_cont_get_layout                       0x08003ab9   Thumb Code    14  lv_cont.o(i.lv_cont_get_layout)
    lv_cont_set_fit4                         0x080042ed   Thumb Code   100  lv_cont.o(i.lv_cont_set_fit4)
    lv_cont_set_layout                       0x08004351   Thumb Code    42  lv_cont.o(i.lv_cont_set_layout)
    lv_disp_buf_init                         0x0800440d   Thumb Code    30  lv_hal_disp.o(i.lv_disp_buf_init)
    lv_disp_drv_init                         0x0800442d   Thumb Code    50  lv_hal_disp.o(i.lv_disp_drv_init)
    lv_disp_drv_register                     0x08004465   Thumb Code   154  lv_hal_disp.o(i.lv_disp_drv_register)
    lv_disp_flush_ready                      0x08004511   Thumb Code    12  lv_hal_disp.o(i.lv_disp_flush_ready)
    lv_disp_get_antialiasing                 0x0800451d   Thumb Code    18  lv_hal_disp.o(i.lv_disp_get_antialiasing)
    lv_disp_get_buf                          0x08004535   Thumb Code     4  lv_hal_disp.o(i.lv_disp_get_buf)
    lv_disp_get_default                      0x08004539   Thumb Code     6  lv_hal_disp.o(i.lv_disp_get_default)
    lv_disp_get_hor_res                      0x08004545   Thumb Code    30  lv_hal_disp.o(i.lv_disp_get_hor_res)
    lv_disp_get_layer_sys                    0x08004569   Thumb Code    16  lv_disp.o(i.lv_disp_get_layer_sys)
    lv_disp_get_layer_top                    0x08004579   Thumb Code    16  lv_disp.o(i.lv_disp_get_layer_top)
    lv_disp_get_scr_act                      0x08004589   Thumb Code    16  lv_disp.o(i.lv_disp_get_scr_act)
    lv_disp_get_ver_res                      0x08004599   Thumb Code    30  lv_hal_disp.o(i.lv_disp_get_ver_res)
    lv_disp_is_double_buf                    0x080045bd   Thumb Code    18  lv_hal_disp.o(i.lv_disp_is_double_buf)
    lv_disp_is_true_double_buf               0x080045cf   Thumb Code    38  lv_hal_disp.o(i.lv_disp_is_true_double_buf)
    lv_disp_refr_task                        0x080045f5   Thumb Code   262  lv_refr.o(i.lv_disp_refr_task)
    lv_draw_aa_get_opa                       0x08004701   Thumb Code    44  lv_draw.o(i.lv_draw_aa_get_opa)
    lv_draw_fill                             0x0800476b   Thumb Code   116  lv_draw_basic.o(i.lv_draw_fill)
    lv_draw_free_buf                         0x080047e1   Thumb Code    24  lv_draw.o(i.lv_draw_free_buf)
    lv_draw_get_buf                          0x08004801   Thumb Code    50  lv_draw.o(i.lv_draw_get_buf)
    lv_draw_label                            0x0800483d   Thumb Code  1054  lv_draw_label.o(i.lv_draw_label)
    lv_draw_letter                           0x08004c69   Thumb Code   686  lv_draw_basic.o(i.lv_draw_letter)
    lv_draw_px                               0x08004f31   Thumb Code   152  lv_draw_basic.o(i.lv_draw_px)
    lv_draw_rect                             0x08004fc9   Thumb Code   154  lv_draw_rect.o(i.lv_draw_rect)
    lv_event_get_data                        0x08006f05   Thumb Code     6  lv_obj.o(i.lv_event_get_data)
    lv_event_send                            0x08006f11   Thumb Code    26  lv_obj.o(i.lv_event_send)
    lv_event_send_func                       0x08006f2d   Thumb Code   112  lv_obj.o(i.lv_event_send_func)
    lv_font_get_bitmap_fmt_txt               0x08006fa1   Thumb Code    32  lv_font_fmt_txt.o(i.lv_font_get_bitmap_fmt_txt)
    lv_font_get_glyph_bitmap                 0x08006fc1   Thumb Code     4  lv_font.o(i.lv_font_get_glyph_bitmap)
    lv_font_get_glyph_dsc                    0x08006fc5   Thumb Code    10  lv_font.o(i.lv_font_get_glyph_dsc)
    lv_font_get_glyph_dsc_fmt_txt            0x08006fcf   Thumb Code   104  lv_font_fmt_txt.o(i.lv_font_get_glyph_dsc_fmt_txt)
    lv_font_get_glyph_width                  0x08007037   Thumb Code    22  lv_font.o(i.lv_font_get_glyph_width)
    lv_group_add_obj                         0x0800704d   Thumb Code    86  lv_group.o(i.lv_group_add_obj)
    lv_group_focus_next                      0x080070a5   Thumb Code     8  lv_group.o(i.lv_group_focus_next)
    lv_group_focus_prev                      0x080070b5   Thumb Code     8  lv_group.o(i.lv_group_focus_prev)
    lv_group_get_editing                     0x080070c5   Thumb Code    14  lv_group.o(i.lv_group_get_editing)
    lv_group_get_focused                     0x080070d3   Thumb Code    14  lv_group.o(i.lv_group_get_focused)
    lv_group_init                            0x080070e1   Thumb Code     8  lv_group.o(i.lv_group_init)
    lv_group_mod_style                       0x080070ed   Thumb Code    38  lv_group.o(i.lv_group_mod_style)
    lv_img_cache_invalidate_src              0x08007145   Thumb Code    74  lv_img_cache.o(i.lv_img_cache_invalidate_src)
    lv_img_cache_set_size                    0x08007199   Thumb Code    90  lv_img_cache.o(i.lv_img_cache_set_size)
    lv_img_color_format_get_px_size          0x080071fd   Thumb Code    52  lv_draw_img.o(i.lv_img_color_format_get_px_size)
    lv_img_decoder_built_in_close            0x08007231   Thumb Code    30  lv_img_decoder.o(i.lv_img_decoder_built_in_close)
    lv_img_decoder_built_in_info             0x0800724f   Thumb Code    94  lv_img_decoder.o(i.lv_img_decoder_built_in_info)
    lv_img_decoder_built_in_open             0x08007525   Thumb Code   216  lv_img_decoder.o(i.lv_img_decoder_built_in_open)
    lv_img_decoder_built_in_read_line        0x080075fd   Thumb Code    94  lv_img_decoder.o(i.lv_img_decoder_built_in_read_line)
    lv_img_decoder_close                     0x0800765b   Thumb Code    18  lv_img_decoder.o(i.lv_img_decoder_close)
    lv_img_decoder_create                    0x0800766d   Thumb Code    24  lv_img_decoder.o(i.lv_img_decoder_create)
    lv_img_decoder_init                      0x08007689   Thumb Code    36  lv_img_decoder.o(i.lv_img_decoder_init)
    lv_img_src_get_type                      0x080076c1   Thumb Code    34  lv_draw_img.o(i.lv_img_src_get_type)
    lv_indev_get_act                         0x080076e5   Thumb Code     6  lv_indev.o(i.lv_indev_get_act)
    lv_indev_get_next                        0x080076f1   Thumb Code    16  lv_hal_indev.o(i.lv_indev_get_next)
    lv_indev_get_point                       0x08007705   Thumb Code    28  lv_indev.o(i.lv_indev_get_point)
    lv_indev_get_type                        0x08007721   Thumb Code     8  lv_indev.o(i.lv_indev_get_type)
    lv_indev_get_vect                        0x08007729   Thumb Code    30  lv_indev.o(i.lv_indev_get_vect)
    lv_indev_init                            0x08007747   Thumb Code     6  lv_indev.o(i.lv_indev_init)
    lv_indev_is_dragging                     0x0800774d   Thumb Code    28  lv_indev.o(i.lv_indev_is_dragging)
    lv_indev_reset                           0x08007769   Thumb Code    38  lv_indev.o(i.lv_indev_reset)
    lv_indev_reset_long_press                0x0800778f   Thumb Code    30  lv_indev.o(i.lv_indev_reset_long_press)
    lv_init                                  0x080077ad   Thumb Code    72  lv_obj.o(i.lv_init)
    lv_inv_area                              0x08007801   Thumb Code   174  lv_refr.o(i.lv_inv_area)
    lv_label_create                          0x080078b5   Thumb Code   350  lv_label.o(i.lv_label_create)
    lv_label_get_align                       0x08007c47   Thumb Code    14  lv_label.o(i.lv_label_get_align)
    lv_label_get_body_draw                   0x08007c55   Thumb Code    14  lv_label.o(i.lv_label_get_body_draw)
    lv_label_get_letter_on                   0x08007c65   Thumb Code   334  lv_label.o(i.lv_label_get_letter_on)
    lv_label_get_long_mode                   0x08007dbd   Thumb Code    14  lv_label.o(i.lv_label_get_long_mode)
    lv_label_get_recolor                     0x08007dcb   Thumb Code    14  lv_label.o(i.lv_label_get_recolor)
    lv_label_get_text                        0x08007dd9   Thumb Code    10  lv_label.o(i.lv_label_get_text)
    lv_label_set_align                       0x08008199   Thumb Code    38  lv_label.o(i.lv_label_set_align)
    lv_label_set_body_draw                   0x080081bf   Thumb Code    44  lv_label.o(i.lv_label_set_body_draw)
    lv_label_set_long_mode                   0x08008241   Thumb Code   122  lv_label.o(i.lv_label_set_long_mode)
    lv_label_set_recolor                     0x080082f9   Thumb Code    38  lv_label.o(i.lv_label_set_recolor)
    lv_label_set_static_text                 0x0800831f   Thumb Code    52  lv_label.o(i.lv_label_set_static_text)
    lv_label_set_text                        0x08008353   Thumb Code   108  lv_label.o(i.lv_label_set_text)
    lv_ll_chg_list                           0x080084b9   Thumb Code   104  lv_ll.o(i.lv_ll_chg_list)
    lv_ll_get_head                           0x08008521   Thumb Code    10  lv_ll.o(i.lv_ll_get_head)
    lv_ll_get_next                           0x0800852b   Thumb Code    16  lv_ll.o(i.lv_ll_get_next)
    lv_ll_get_prev                           0x0800853b   Thumb Code    14  lv_ll.o(i.lv_ll_get_prev)
    lv_ll_get_tail                           0x08008549   Thumb Code    10  lv_ll.o(i.lv_ll_get_tail)
    lv_ll_init                               0x08008553   Thumb Code    20  lv_ll.o(i.lv_ll_init)
    lv_ll_ins_head                           0x08008567   Thumb Code    60  lv_ll.o(i.lv_ll_ins_head)
    lv_ll_ins_prev                           0x080085a3   Thumb Code   102  lv_ll.o(i.lv_ll_ins_prev)
    lv_ll_ins_tail                           0x08008609   Thumb Code    66  lv_ll.o(i.lv_ll_ins_tail)
    lv_ll_is_empty                           0x0800864b   Thumb Code    18  lv_ll.o(i.lv_ll_is_empty)
    lv_ll_move_before                        0x0800865d   Thumb Code    96  lv_ll.o(i.lv_ll_move_before)
    lv_ll_rem                                0x080086bd   Thumb Code   118  lv_ll.o(i.lv_ll_rem)
    lv_mem_alloc                             0x08008735   Thumb Code    86  lv_mem.o(i.lv_mem_alloc)
    lv_mem_free                              0x08008791   Thumb Code    72  lv_mem.o(i.lv_mem_free)
    lv_mem_get_size                          0x080087dd   Thumb Code    22  lv_mem.o(i.lv_mem_get_size)
    lv_mem_init                              0x080087f9   Thumb Code    24  lv_mem.o(i.lv_mem_init)
    lv_mem_realloc                           0x08008819   Thumb Code    84  lv_mem.o(i.lv_mem_realloc)
    lv_obj_align                             0x0800886d   Thumb Code   524  lv_obj.o(i.lv_obj_align)
    lv_obj_align_origo                       0x08008a79   Thumb Code   280  lv_obj.o(i.lv_obj_align_origo)
    lv_obj_allocate_ext_attr                 0x08008b91   Thumb Code    14  lv_obj.o(i.lv_obj_allocate_ext_attr)
    lv_obj_clear_protect                     0x08008b9f   Thumb Code    10  lv_obj.o(i.lv_obj_clear_protect)
    lv_obj_create                            0x08008ba9   Thumb Code   534  lv_obj.o(i.lv_obj_create)
    lv_obj_get_auto_realign                  0x08008e79   Thumb Code    10  lv_obj.o(i.lv_obj_get_auto_realign)
    lv_obj_get_child                         0x08008e83   Thumb Code    14  lv_obj.o(i.lv_obj_get_child)
    lv_obj_get_child_back                    0x08008e91   Thumb Code    14  lv_obj.o(i.lv_obj_get_child_back)
    lv_obj_get_coords                        0x08008e9f   Thumb Code    10  lv_obj.o(i.lv_obj_get_coords)
    lv_obj_get_design_cb                     0x08008ea9   Thumb Code     4  lv_obj.o(i.lv_obj_get_design_cb)
    lv_obj_get_disp                          0x08008ead   Thumb Code    64  lv_obj.o(i.lv_obj_get_disp)
    lv_obj_get_ext_attr                      0x08008ef1   Thumb Code     4  lv_obj.o(i.lv_obj_get_ext_attr)
    lv_obj_get_group                         0x08008ef5   Thumb Code     4  lv_obj.o(i.lv_obj_get_group)
    lv_obj_get_height                        0x08008ef9   Thumb Code    12  lv_obj.o(i.lv_obj_get_height)
    lv_obj_get_height_fit                    0x08008f05   Thumb Code    28  lv_obj.o(i.lv_obj_get_height_fit)
    lv_obj_get_hidden                        0x08008f21   Thumb Code    10  lv_obj.o(i.lv_obj_get_hidden)
    lv_obj_get_opa_scale                     0x08008f2d   Thumb Code    28  lv_obj.o(i.lv_obj_get_opa_scale)
    lv_obj_get_parent                        0x08008f49   Thumb Code     4  lv_obj.o(i.lv_obj_get_parent)
    lv_obj_get_screen                        0x08008f4d   Thumb Code    12  lv_obj.o(i.lv_obj_get_screen)
    lv_obj_get_signal_cb                     0x08008f59   Thumb Code     4  lv_obj.o(i.lv_obj_get_signal_cb)
    lv_obj_get_style                         0x08008f5d   Thumb Code    88  lv_obj.o(i.lv_obj_get_style)
    lv_obj_get_width                         0x08008fb9   Thumb Code    12  lv_obj.o(i.lv_obj_get_width)
    lv_obj_get_width_fit                     0x08008fc5   Thumb Code    28  lv_obj.o(i.lv_obj_get_width_fit)
    lv_obj_get_x                             0x08008fe1   Thumb Code    12  lv_obj.o(i.lv_obj_get_x)
    lv_obj_get_y                             0x08008fed   Thumb Code    12  lv_obj.o(i.lv_obj_get_y)
    lv_obj_invalidate                        0x08008ff9   Thumb Code   164  lv_obj.o(i.lv_obj_invalidate)
    lv_obj_is_focused                        0x0800909d   Thumb Code    24  lv_obj.o(i.lv_obj_is_focused)
    lv_obj_is_protected                      0x080090b5   Thumb Code    12  lv_obj.o(i.lv_obj_is_protected)
    lv_obj_move_foreground                   0x080090c1   Thumb Code    56  lv_obj.o(i.lv_obj_move_foreground)
    lv_obj_realign                           0x080090f9   Thumb Code    38  lv_obj.o(i.lv_obj_realign)
    lv_obj_refresh_ext_draw_pad              0x0800911f   Thumb Code    28  lv_obj.o(i.lv_obj_refresh_ext_draw_pad)
    lv_obj_refresh_style                     0x0800913b   Thumb Code    28  lv_obj.o(i.lv_obj_refresh_style)
    lv_obj_set_click                         0x08009157   Thumb Code    12  lv_obj.o(i.lv_obj_set_click)
    lv_obj_set_design_cb                     0x08009163   Thumb Code     4  lv_obj.o(i.lv_obj_set_design_cb)
    lv_obj_set_drag                          0x08009167   Thumb Code    26  lv_obj.o(i.lv_obj_set_drag)
    lv_obj_set_drag_throw                    0x08009181   Thumb Code    12  lv_obj.o(i.lv_obj_set_drag_throw)
    lv_obj_set_event_cb                      0x0800918d   Thumb Code     4  lv_obj.o(i.lv_obj_set_event_cb)
    lv_obj_set_height                        0x08009191   Thumb Code    22  lv_obj.o(i.lv_obj_set_height)
    lv_obj_set_hidden                        0x080091a7   Thumb Code    56  lv_obj.o(i.lv_obj_set_hidden)
    lv_obj_set_parent                        0x080091df   Thumb Code   100  lv_obj.o(i.lv_obj_set_parent)
    lv_obj_set_pos                           0x08009243   Thumb Code   116  lv_obj.o(i.lv_obj_set_pos)
    lv_obj_set_protect                       0x080092b7   Thumb Code    10  lv_obj.o(i.lv_obj_set_protect)
    lv_obj_set_signal_cb                     0x080092c1   Thumb Code     4  lv_obj.o(i.lv_obj_set_signal_cb)
    lv_obj_set_size                          0x080092c5   Thumb Code   128  lv_obj.o(i.lv_obj_set_size)
    lv_obj_set_style                         0x08009345   Thumb Code    20  lv_obj.o(i.lv_obj_set_style)
    lv_obj_set_width                         0x08009359   Thumb Code    24  lv_obj.o(i.lv_obj_set_width)
    lv_obj_set_x                             0x08009371   Thumb Code    24  lv_obj.o(i.lv_obj_set_x)
    lv_obj_set_y                             0x08009389   Thumb Code    22  lv_obj.o(i.lv_obj_set_y)
    lv_page_create                           0x080093fd   Thumb Code   424  lv_page.o(i.lv_page_create)
    lv_page_get_scrl                         0x080097e1   Thumb Code    10  lv_page.o(i.lv_page_get_scrl)
    lv_page_get_style                        0x080097f9   Thumb Code    52  lv_page.o(i.lv_page_get_style)
    lv_page_on_edge                          0x0800982d   Thumb Code   130  lv_page.o(i.lv_page_on_edge)
    lv_page_scroll_hor                       0x08009c0d   Thumb Code    74  lv_page.o(i.lv_page_scroll_hor)
    lv_page_scroll_ver                       0x08009c61   Thumb Code    74  lv_page.o(i.lv_page_scroll_ver)
    lv_page_set_sb_mode                      0x0800a0c7   Thumb Code    76  lv_page.o(i.lv_page_set_sb_mode)
    lv_page_set_style                        0x0800a113   Thumb Code   104  lv_page.o(i.lv_page_set_style)
    lv_page_start_edge_flash                 0x0800a3ad   Thumb Code    86  lv_page.o(i.lv_page_start_edge_flash)
    lv_port_disp_init                        0x0800a411   Thumb Code    46  lv_port_disp.o(i.lv_port_disp_init)
    lv_refr_get_disp_refreshing              0x0800a625   Thumb Code     6  lv_refr.o(i.lv_refr_get_disp_refreshing)
    lv_refr_init                             0x0800a695   Thumb Code     2  lv_refr.o(i.lv_refr_init)
    lv_style_copy                            0x0800a95d   Thumb Code     6  lv_style.o(i.lv_style_copy)
    lv_style_init                            0x0800a965   Thumb Code  1310  lv_style.o(i.lv_style_init)
    lv_tabview_add_tab                       0x0800ae85   Thumb Code   530  lv_tabview.o(i.lv_tabview_add_tab)
    lv_tabview_create                        0x0800b0b1   Thumb Code   578  lv_tabview.o(i.lv_tabview_create)
    lv_tabview_get_anim_time                 0x0800b315   Thumb Code    10  lv_tabview.o(i.lv_tabview_get_anim_time)
    lv_tabview_get_sliding                   0x0800b31f   Thumb Code    14  lv_tabview.o(i.lv_tabview_get_sliding)
    lv_tabview_get_style                     0x0800b32d   Thumb Code    76  lv_tabview.o(i.lv_tabview_get_style)
    lv_tabview_get_tab                       0x0800b379   Thumb Code    46  lv_tabview.o(i.lv_tabview_get_tab)
    lv_tabview_get_tab_act                   0x0800b3a7   Thumb Code    10  lv_tabview.o(i.lv_tabview_get_tab_act)
    lv_tabview_set_btns_pos                  0x0800b3b1   Thumb Code    28  lv_tabview.o(i.lv_tabview_set_btns_pos)
    lv_tabview_set_style                     0x0800b3cd   Thumb Code   160  lv_tabview.o(i.lv_tabview_set_style)
    lv_tabview_set_tab_act                   0x0800b46d   Thumb Code   492  lv_tabview.o(i.lv_tabview_set_tab_act)
    lv_task_core_init                        0x0800b7a9   Thumb Code    18  lv_task.o(i.lv_task_core_init)
    lv_task_create                           0x0800b7c5   Thumb Code    40  lv_task.o(i.lv_task_create)
    lv_task_create_basic                     0x0800b7ed   Thumb Code   114  lv_task.o(i.lv_task_create_basic)
    lv_task_del                              0x0800b869   Thumb Code    34  lv_task.o(i.lv_task_del)
    lv_task_handler                          0x0800b8dd   Thumb Code   196  lv_task.o(i.lv_task_handler)
    lv_task_ready                            0x0800b9ad   Thumb Code    18  lv_task.o(i.lv_task_ready)
    lv_task_set_prio                         0x0800b9c1   Thumb Code    84  lv_task.o(i.lv_task_set_prio)
    lv_theme_get_current                     0x0800ba19   Thumb Code     6  lv_theme.o(i.lv_theme_get_current)
    lv_tick_elaps                            0x0800ba25   Thumb Code    12  lv_hal_tick.o(i.lv_tick_elaps)
    lv_tick_get                              0x0800ba31   Thumb Code    16  lv_hal_tick.o(i.lv_tick_get)
    lv_tick_inc                              0x0800ba45   Thumb Code    14  lv_hal_tick.o(i.lv_tick_inc)
    lv_txt_get_next_line                     0x0800ba59   Thumb Code   234  lv_txt.o(i.lv_txt_get_next_line)
    lv_txt_get_size                          0x0800bb51   Thumb Code   176  lv_txt.o(i.lv_txt_get_size)
    lv_txt_get_width                         0x0800bc01   Thumb Code   130  lv_txt.o(i.lv_txt_get_width)
    lv_txt_is_cmd                            0x0800bc89   Thumb Code    54  lv_txt.o(i.lv_txt_is_cmd)
    lv_utils_bsearch                         0x0800be41   Thumb Code    76  lv_utils.o(i.lv_utils_bsearch)
    main                                     0x0800be8d   Thumb Code   250  main.o(i.main)
    AHBPrescTable                            0x0800c8e8   Data          16  system_stm32f1xx.o(.constdata)
    APBPrescTable                            0x0800c8f8   Data           8  system_stm32f1xx.o(.constdata)
    Region$$Table$$Base                      0x0800edc0   Number         0  anon$$obj.o(Region$$Table)
    Region$$Table$$Limit                     0x0800ede0   Number         0  anon$$obj.o(Region$$Table)
    uwTickFreq                               0x20000000   Data           1  stm32f1xx_hal.o(.data)
    uwTickPrio                               0x20000004   Data           4  stm32f1xx_hal.o(.data)
    uwTick                                   0x20000008   Data           4  stm32f1xx_hal.o(.data)
    SystemCoreClock                          0x2000000c   Data           4  system_stm32f1xx.o(.data)
    lv_font_roboto_16                        0x20000c10   Data          16  lv_font_roboto_16.o(.data)
    _lv_img_cache_array                      0x20000c34   Data           4  lv_gc.o(.data)
    _lv_task_act                             0x20000c38   Data           4  lv_gc.o(.data)
    _lv_draw_buf                             0x20000c3c   Data           4  lv_gc.o(.data)
    lv_txt_encoded_size                      0x20000c5c   Data           4  lv_txt.o(.data)
    lv_txt_encoded_next                      0x20000c60   Data           4  lv_txt.o(.data)
    lv_txt_encoded_prev                      0x20000c64   Data           4  lv_txt.o(.data)
    lv_txt_encoded_get_byte_id               0x20000c68   Data           4  lv_txt.o(.data)
    lv_encoded_get_char_id                   0x20000c6c   Data           4  lv_txt.o(.data)
    lv_txt_get_encoded_length                0x20000c70   Data           4  lv_txt.o(.data)
    tabview1                                 0x20000cc4   Data           4  gui_test.o(.data)
    hspi2                                    0x20000cc8   Data          88  main.o(.bss)
    htim6                                    0x20000d20   Data          72  main.o(.bss)
    huart1                                   0x20000d68   Data          64  main.o(.bss)
    hdma_spi2_tx                             0x20000da8   Data          68  main.o(.bss)
    lv_style_scr                             0x2000126c   Data          60  lv_style.o(.bss)
    lv_style_transp                          0x200012a8   Data          60  lv_style.o(.bss)
    lv_style_transp_fit                      0x200012e4   Data          60  lv_style.o(.bss)
    lv_style_transp_tight                    0x20001320   Data          60  lv_style.o(.bss)
    lv_style_plain                           0x2000135c   Data          60  lv_style.o(.bss)
    lv_style_plain_color                     0x20001398   Data          60  lv_style.o(.bss)
    lv_style_pretty                          0x200013d4   Data          60  lv_style.o(.bss)
    lv_style_pretty_color                    0x20001410   Data          60  lv_style.o(.bss)
    lv_style_btn_rel                         0x2000144c   Data          60  lv_style.o(.bss)
    lv_style_btn_pr                          0x20001488   Data          60  lv_style.o(.bss)
    lv_style_btn_tgl_rel                     0x200014c4   Data          60  lv_style.o(.bss)
    lv_style_btn_tgl_pr                      0x20001500   Data          60  lv_style.o(.bss)
    lv_style_btn_ina                         0x2000153c   Data          60  lv_style.o(.bss)
    _lv_task_ll                              0x20001578   Data          12  lv_gc.o(.bss)
    _lv_disp_ll                              0x20001584   Data          12  lv_gc.o(.bss)
    _lv_indev_ll                             0x20001590   Data          12  lv_gc.o(.bss)
    _lv_anim_ll                              0x2000159c   Data          12  lv_gc.o(.bss)
    _lv_group_ll                             0x200015a8   Data          12  lv_gc.o(.bss)
    _lv_img_defoder_ll                       0x200015b4   Data          12  lv_gc.o(.bss)
    bg_style                                 0x2000689c   Data          60  gui_test.o(.bss)
    indic_style                              0x200068d8   Data          60  gui_test.o(.bss)
    btn_bg_style                             0x20006914   Data          60  gui_test.o(.bss)
    btn_rel_style                            0x20006950   Data          60  gui_test.o(.bss)
    btn_pr_style                             0x2000698c   Data          60  gui_test.o(.bss)
    btn_tgl_rel_style                        0x200069c8   Data          60  gui_test.o(.bss)
    btn_tgl_pr_style                         0x20006a04   Data          60  gui_test.o(.bss)
    __initial_sp                             0x20007240   Data           0  startup_stm32f103xe.o(STACK)



==============================================================================

Memory Map of the image

  Image Entry point : 0x08000131

  Load Region LR_IROM1 (Base: 0x08000000, Size: 0x0000faa8, Max: 0x00080000, ABSOLUTE, COMPRESSED[0x0000f458])

    Execution Region ER_IROM1 (Base: 0x08000000, Size: 0x0000ede0, Max: 0x00080000, ABSOLUTE)

    Base Addr    Size         Type   Attr      Idx    E Section Name        Object

    0x08000000   0x00000130   Data   RO            3    RESET               startup_stm32f103xe.o
    0x08000130   0x00000000   Code   RO        12280  * .ARM.Collect$$$$00000000  mc_w.l(entry.o)
    0x08000130   0x00000004   Code   RO        12297    .ARM.Collect$$$$00000001  mc_w.l(entry2.o)
    0x08000134   0x00000004   Code   RO        12300    .ARM.Collect$$$$00000004  mc_w.l(entry5.o)
    0x08000138   0x00000000   Code   RO        12302    .ARM.Collect$$$$00000008  mc_w.l(entry7b.o)
    0x08000138   0x00000000   Code   RO        12304    .ARM.Collect$$$$0000000A  mc_w.l(entry8b.o)
    0x08000138   0x00000008   Code   RO        12305    .ARM.Collect$$$$0000000B  mc_w.l(entry9a.o)
    0x08000140   0x00000000   Code   RO        12307    .ARM.Collect$$$$0000000D  mc_w.l(entry10a.o)
    0x08000140   0x00000000   Code   RO        12309    .ARM.Collect$$$$0000000F  mc_w.l(entry11a.o)
    0x08000140   0x00000004   Code   RO        12298    .ARM.Collect$$$$00002712  mc_w.l(entry2.o)
    0x08000144   0x00000024   Code   RO            4    .text               startup_stm32f103xe.o
    0x08000168   0x00000024   Code   RO        12285    .text               mc_w.l(memcpya.o)
    0x0800018c   0x00000024   Code   RO        12287    .text               mc_w.l(memseta.o)
    0x080001b0   0x0000000e   Code   RO        12289    .text               mc_w.l(strlen.o)
    0x080001be   0x0000001c   Code   RO        12291    .text               mc_w.l(strcmp.o)
    0x080001da   0x00000012   Code   RO        12293    .text               mc_w.l(strcpy.o)
    0x080001ec   0x00000024   Code   RO        12311    .text               mc_w.l(init.o)
    0x08000210   0x00000056   Code   RO        12321    .text               mc_w.l(__dczerorl2.o)
    0x08000266   0x00000002   Code   RO          429    i.BusFault_Handler  stm32f1xx_it.o
    0x08000268   0x0000000c   Code   RO          430    i.DMA1_Channel5_IRQHandler  stm32f1xx_it.o
    0x08000274   0x0000002a   Code   RO         1314    i.DMA_SetConfig     stm32f1xx_hal_dma.o
    0x0800029e   0x00000002   Code   RO          431    i.DebugMon_Handler  stm32f1xx_it.o
    0x080002a0   0x00000004   Code   RO           13    i.Error_Handler     main.o
    0x080002a4   0x00000130   Code   RO         1316    i.HAL_DMA_Abort_IT  stm32f1xx_hal_dma.o
    0x080003d4   0x00000006   Code   RO         1319    i.HAL_DMA_GetState  stm32f1xx_hal_dma.o
    0x080003da   0x00000002   PAD
    0x080003dc   0x00000248   Code   RO         1320    i.HAL_DMA_IRQHandler  stm32f1xx_hal_dma.o
    0x08000624   0x0000007c   Code   RO         1321    i.HAL_DMA_Init      stm32f1xx_hal_dma.o
    0x080006a0   0x00000070   Code   RO         1325    i.HAL_DMA_Start_IT  stm32f1xx_hal_dma.o
    0x08000710   0x00000024   Code   RO          943    i.HAL_Delay         stm32f1xx_hal.o
    0x08000734   0x000001f8   Code   RO         1251    i.HAL_GPIO_Init     stm32f1xx_hal_gpio.o
    0x0800092c   0x0000000a   Code   RO         1255    i.HAL_GPIO_WritePin  stm32f1xx_hal_gpio.o
    0x08000936   0x00000002   PAD
    0x08000938   0x0000000c   Code   RO          947    i.HAL_GetTick       stm32f1xx_hal.o
    0x08000944   0x00000010   Code   RO          953    i.HAL_IncTick       stm32f1xx_hal.o
    0x08000954   0x00000024   Code   RO          954    i.HAL_Init          stm32f1xx_hal.o
    0x08000978   0x00000040   Code   RO          955    i.HAL_InitTick      stm32f1xx_hal.o
    0x080009b8   0x00000002   Code   RO          957    i.HAL_MspInit       stm32f1xx_hal.o
    0x080009ba   0x0000001a   Code   RO         1411    i.HAL_NVIC_EnableIRQ  stm32f1xx_hal_cortex.o
    0x080009d4   0x00000040   Code   RO         1417    i.HAL_NVIC_SetPriority  stm32f1xx_hal_cortex.o
    0x08000a14   0x00000024   Code   RO         1418    i.HAL_NVIC_SetPriorityGrouping  stm32f1xx_hal_cortex.o
    0x08000a38   0x0000012c   Code   RO         1111    i.HAL_RCC_ClockConfig  stm32f1xx_hal_rcc.o
    0x08000b64   0x00000020   Code   RO         1118    i.HAL_RCC_GetPCLK1Freq  stm32f1xx_hal_rcc.o
    0x08000b84   0x00000020   Code   RO         1119    i.HAL_RCC_GetPCLK2Freq  stm32f1xx_hal_rcc.o
    0x08000ba4   0x0000006c   Code   RO         1120    i.HAL_RCC_GetSysClockFreq  stm32f1xx_hal_rcc.o
    0x08000c10   0x00000320   Code   RO         1123    i.HAL_RCC_OscConfig  stm32f1xx_hal_rcc.o
    0x08000f30   0x00000002   Code   RO          621    i.HAL_SPI_ErrorCallback  stm32f1xx_hal_spi.o
    0x08000f32   0x00000002   PAD
    0x08000f34   0x000000e0   Code   RO          624    i.HAL_SPI_IRQHandler  stm32f1xx_hal_spi.o
    0x08001014   0x000000b2   Code   RO          625    i.HAL_SPI_Init      stm32f1xx_hal_spi.o
    0x080010c6   0x00000002   PAD
    0x080010c8   0x000000a0   Code   RO          524    i.HAL_SPI_MspInit   stm32f1xx_hal_msp.o
    0x08001168   0x00000166   Code   RO          633    i.HAL_SPI_Transmit  stm32f1xx_hal_spi.o
    0x080012ce   0x00000002   PAD
    0x080012d0   0x000000d8   Code   RO          637    i.HAL_SPI_Transmit_DMA  stm32f1xx_hal_spi.o
    0x080013a8   0x00000002   Code   RO          639    i.HAL_SPI_TxCpltCallback  stm32f1xx_hal_spi.o
    0x080013aa   0x00000002   Code   RO          640    i.HAL_SPI_TxHalfCpltCallback  stm32f1xx_hal_spi.o
    0x080013ac   0x00000028   Code   RO         1422    i.HAL_SYSTICK_Config  stm32f1xx_hal_cortex.o
    0x080013d4   0x00000002   Code   RO         2617    i.HAL_TIMEx_BreakCallback  stm32f1xx_hal_tim_ex.o
    0x080013d6   0x00000002   Code   RO         2618    i.HAL_TIMEx_CommutCallback  stm32f1xx_hal_tim_ex.o
    0x080013d8   0x0000007c   Code   RO         2636    i.HAL_TIMEx_MasterConfigSynchronization  stm32f1xx_hal_tim_ex.o
    0x08001454   0x0000005a   Code   RO         1913    i.HAL_TIM_Base_Init  stm32f1xx_hal_tim.o
    0x080014ae   0x00000002   PAD
    0x080014b0   0x0000003c   Code   RO          526    i.HAL_TIM_Base_MspInit  stm32f1xx_hal_msp.o
    0x080014ec   0x0000006c   Code   RO         1918    i.HAL_TIM_Base_Start_IT  stm32f1xx_hal_tim.o
    0x08001558   0x00000002   Code   RO         1947    i.HAL_TIM_IC_CaptureCallback  stm32f1xx_hal_tim.o
    0x0800155a   0x00000166   Code   RO         1961    i.HAL_TIM_IRQHandler  stm32f1xx_hal_tim.o
    0x080016c0   0x00000002   Code   RO         1964    i.HAL_TIM_OC_DelayElapsedCallback  stm32f1xx_hal_tim.o
    0x080016c2   0x00000002   Code   RO         1991    i.HAL_TIM_PWM_PulseFinishedCallback  stm32f1xx_hal_tim.o
    0x080016c4   0x00000014   Code   RO           14    i.HAL_TIM_PeriodElapsedCallback  main.o
    0x080016d8   0x00000002   Code   RO         2004    i.HAL_TIM_TriggerCallback  stm32f1xx_hal_tim.o
    0x080016da   0x00000062   Code   RO         2909    i.HAL_UART_Init     stm32f1xx_hal_uart.o
    0x0800173c   0x00000070   Code   RO          528    i.HAL_UART_MspInit  stm32f1xx_hal_msp.o
    0x080017ac   0x00000002   Code   RO          432    i.HardFault_Handler  stm32f1xx_it.o
    0x080017ae   0x00000052   Code   RO         3271    i.LCD_Address_Set   tftlcd.o
    0x08001800   0x0000006c   Code   RO         3272    i.LCD_Clear         tftlcd.o
    0x0800186c   0x00000078   Code   RO         3273    i.LCD_Color_Fill    tftlcd.o
    0x080018e4   0x0000003c   Code   RO         3277    i.LCD_Gpio_Init     tftlcd.o
    0x08001920   0x000001a0   Code   RO         3278    i.LCD_Init          tftlcd.o
    0x08001ac0   0x00000040   Code   RO         3279    i.LCD_SPI_Send      tftlcd.o
    0x08001b00   0x0000001c   Code   RO         3280    i.LCD_Write_Cmd     tftlcd.o
    0x08001b1c   0x0000001c   Code   RO         3281    i.LCD_Write_Data    tftlcd.o
    0x08001b38   0x0000009c   Code   RO           15    i.MX_GPIO_Init      main.o
    0x08001bd4   0x00000040   Code   RO           16    i.MX_SPI2_Init      main.o
    0x08001c14   0x00000002   Code   RO          433    i.MemManage_Handler  stm32f1xx_it.o
    0x08001c16   0x00000002   Code   RO          434    i.NMI_Handler       stm32f1xx_it.o
    0x08001c18   0x00000002   Code   RO          435    i.PendSV_Handler    stm32f1xx_it.o
    0x08001c1a   0x00000002   PAD
    0x08001c1c   0x0000000c   Code   RO          436    i.SPI2_IRQHandler   stm32f1xx_it.o
    0x08001c28   0x00000014   Code   RO         3243    i.SPI2_WriteData    spi.o
    0x08001c3c   0x00000010   Code   RO          652    i.SPI_DMAAbortOnError  stm32f1xx_hal_spi.o
    0x08001c4c   0x00000022   Code   RO          653    i.SPI_DMAError      stm32f1xx_hal_spi.o
    0x08001c6e   0x0000000a   Code   RO          655    i.SPI_DMAHalfTransmitCplt  stm32f1xx_hal_spi.o
    0x08001c78   0x00000064   Code   RO          659    i.SPI_DMATransmitCplt  stm32f1xx_hal_spi.o
    0x08001cdc   0x00000020   Code   RO          663    i.SPI_EndRxTxTransaction  stm32f1xx_hal_spi.o
    0x08001cfc   0x000000b8   Code   RO          668    i.SPI_WaitFlagStateUntilTimeout  stm32f1xx_hal_spi.o
    0x08001db4   0x00000002   Code   RO          437    i.SVC_Handler       stm32f1xx_it.o
    0x08001db6   0x00000004   Code   RO          438    i.SysTick_Handler   stm32f1xx_it.o
    0x08001dba   0x0000005e   Code   RO           17    i.SystemClock_Config  main.o
    0x08001e18   0x00000002   Code   RO         3206    i.SystemInit        system_stm32f1xx.o
    0x08001e1a   0x00000002   PAD
    0x08001e1c   0x0000000c   Code   RO          439    i.TIM6_IRQHandler   stm32f1xx_it.o
    0x08001e28   0x0000008c   Code   RO         2006    i.TIM_Base_SetConfig  stm32f1xx_hal_tim.o
    0x08001eb4   0x000000b8   Code   RO         2935    i.UART_SetConfig    stm32f1xx_hal_uart.o
    0x08001f6c   0x00000002   Code   RO          440    i.UsageFault_Handler  stm32f1xx_it.o
    0x08001f6e   0x00000020   Code   RO         1424    i.__NVIC_SetPriority  stm32f1xx_hal_cortex.o
    0x08001f8e   0x0000000e   Code   RO        12315    i.__scatterload_copy  mc_w.l(handlers.o)
    0x08001f9c   0x00000002   Code   RO        12316    i.__scatterload_null  mc_w.l(handlers.o)
    0x08001f9e   0x0000000e   Code   RO        12317    i.__scatterload_zeroinit  mc_w.l(handlers.o)
    0x08001fac   0x00000080   Code   RO         7482    i.allocate_btn_areas_and_controls  lv_btnm.o
    0x0800202c   0x00000078   Code   RO         6289    i.anim_ready_handler  lv_anim.o
    0x080020a4   0x00000098   Code   RO         6290    i.anim_task         lv_anim.o
    0x0800213c   0x0000003c   Code   RO         5182    i.antialias_get_opa_circ  lv_draw_rect.o
    0x08002178   0x0000001e   Code   RO        11822    i.disp_flush        lv_port_disp.o
    0x08002196   0x00000016   Code   RO         9818    i.edge_flash_anim   lv_page.o
    0x080021ac   0x0000001e   Code   RO         9819    i.edge_flash_anim_end  lv_page.o
    0x080021ca   0x00000002   PAD
    0x080021cc   0x00000024   Code   RO         6765    i.ent_get_next      lv_mem.o
    0x080021f0   0x00000042   Code   RO         6766    i.ent_trunc         lv_mem.o
    0x08002232   0x00000002   PAD
    0x08002234   0x00000018   Code   RO        12089    i.event_handler     gui_test.o
    0x0800224c   0x00000254   Code   RO        12090    i.example_test      gui_test.o
    0x080024a0   0x000000ca   Code   RO         3489    i.focus_next_core   lv_group.o
    0x0800256a   0x0000007c   Code   RO         7483    i.get_button_from_point  lv_btnm.o
    0x080025e6   0x0000000a   Code   RO         7484    i.get_button_width  lv_btnm.o
    0x080025f0   0x00000118   Code   RO         5528    i.get_glyph_dsc_id  lv_font_fmt_txt.o
    0x08002708   0x00000090   Code   RO         5529    i.get_kern_value    lv_font_fmt_txt.o
    0x08002798   0x00000040   Code   RO         5098    i.hex_char_to_num   lv_draw_label.o
    0x080027d8   0x0000006c   Code   RO         7485    i.invalidate_button_area  lv_btnm.o
    0x08002844   0x00000014   Code   RO         5530    i.kern_pair_16_compare  lv_font_fmt_txt.o
    0x08002858   0x00000014   Code   RO         5531    i.kern_pair_8_compare  lv_font_fmt_txt.o
    0x0800286c   0x00000030   Code   RO         6291    i.lv_anim_core_init  lv_anim.o
    0x0800289c   0x0000004c   Code   RO         6293    i.lv_anim_create    lv_anim.o
    0x080028e8   0x00000060   Code   RO         6294    i.lv_anim_del       lv_anim.o
    0x08002948   0x00000026   Code   RO         6300    i.lv_anim_path_linear  lv_anim.o
    0x0800296e   0x00000026   Code   RO         6303    i.lv_anim_speed_to_time  lv_anim.o
    0x08002994   0x0000000c   Code   RO         9820    i.lv_area_get_height  lv_page.o
    0x080029a0   0x0000001c   Code   RO         6445    i.lv_area_get_size  lv_area.o
    0x080029bc   0x0000000c   Code   RO         5099    i.lv_area_get_width  lv_draw_label.o
    0x080029c8   0x0000000c   Code   RO         9821    i.lv_area_get_width  lv_page.o
    0x080029d4   0x00000050   Code   RO         6446    i.lv_area_intersect  lv_area.o
    0x08002a24   0x0000003a   Code   RO         6447    i.lv_area_is_in     lv_area.o
    0x08002a5e   0x00000038   Code   RO         6448    i.lv_area_is_on     lv_area.o
    0x08002a96   0x00000032   Code   RO         6449    i.lv_area_is_point_on  lv_area.o
    0x08002ac8   0x00000044   Code   RO         6450    i.lv_area_join      lv_area.o
    0x08002b0c   0x0000000e   Code   RO         6451    i.lv_area_set       lv_area.o
    0x08002b1a   0x0000000a   Code   RO         6452    i.lv_area_set_height  lv_area.o
    0x08002b24   0x00000030   Code   RO         6453    i.lv_area_set_pos   lv_area.o
    0x08002b54   0x0000000a   Code   RO         6454    i.lv_area_set_width  lv_area.o
    0x08002b5e   0x00000002   PAD
    0x08002b60   0x00000114   Code   RO         7367    i.lv_btn_create     lv_btn.o
    0x08002c74   0x00000020   Code   RO         7368    i.lv_btn_design     lv_btn.o
    0x08002c94   0x0000000e   Code   RO         7374    i.lv_btn_get_toggle  lv_btn.o
    0x08002ca2   0x0000002c   Code   RO         7378    i.lv_btn_set_state  lv_btn.o
    0x08002cce   0x00000042   Code   RO         7379    i.lv_btn_set_style  lv_btn.o
    0x08002d10   0x0000016c   Code   RO         7381    i.lv_btn_signal     lv_btn.o
    0x08002e7c   0x0000002c   Code   RO         7486    i.lv_btnm_clear_btn_ctrl  lv_btnm.o
    0x08002ea8   0x0000002a   Code   RO         7487    i.lv_btnm_clear_btn_ctrl_all  lv_btnm.o
    0x08002ed2   0x00000002   PAD
    0x08002ed4   0x00000134   Code   RO         7488    i.lv_btnm_create    lv_btnm.o
    0x08003008   0x00000268   Code   RO         7489    i.lv_btnm_design    lv_btnm.o
    0x08003270   0x0000000a   Code   RO         7490    i.lv_btnm_get_active_btn  lv_btnm.o
    0x0800327a   0x00000022   Code   RO         7492    i.lv_btnm_get_btn_ctrl  lv_btnm.o
    0x0800329c   0x0000000a   Code   RO         7494    i.lv_btnm_get_map_array  lv_btnm.o
    0x080032a6   0x0000003a   Code   RO         7498    i.lv_btnm_get_style  lv_btnm.o
    0x080032e0   0x0000002c   Code   RO         7499    i.lv_btnm_set_btn_ctrl  lv_btnm.o
    0x0800330c   0x00000210   Code   RO         7503    i.lv_btnm_set_map   lv_btnm.o
    0x0800351c   0x00000044   Code   RO         7507    i.lv_btnm_set_style  lv_btnm.o
    0x08003560   0x00000370   Code   RO         7508    i.lv_btnm_signal    lv_btnm.o
    0x080038d0   0x00000014   Code   RO         6536    i.lv_circ_cont      lv_circ.o
    0x080038e4   0x0000000e   Code   RO         6537    i.lv_circ_init      lv_circ.o
    0x080038f2   0x00000030   Code   RO         6538    i.lv_circ_next      lv_circ.o
    0x08003922   0x00000020   Code   RO         4662    i.lv_color_make     lv_style.o
    0x08003942   0x0000004e   Code   RO         4912    i.lv_color_mix      lv_draw_basic.o
    0x08003990   0x0000004e   Code   RO         5183    i.lv_color_mix      lv_draw_rect.o
    0x080039de   0x00000002   PAD
    0x080039e0   0x000000bc   Code   RO         8384    i.lv_cont_create    lv_cont.o
    0x08003a9c   0x0000000e   Code   RO         8386    i.lv_cont_get_fit_left  lv_cont.o
    0x08003aaa   0x0000000e   Code   RO         8388    i.lv_cont_get_fit_top  lv_cont.o
    0x08003ab8   0x0000000e   Code   RO         8389    i.lv_cont_get_layout  lv_cont.o
    0x08003ac6   0x000000c6   Code   RO         8390    i.lv_cont_layout_center  lv_cont.o
    0x08003b8c   0x0000009a   Code   RO         8391    i.lv_cont_layout_col  lv_cont.o
    0x08003c26   0x00000002   PAD
    0x08003c28   0x000000f8   Code   RO         8392    i.lv_cont_layout_grid  lv_cont.o
    0x08003d20   0x00000210   Code   RO         8393    i.lv_cont_layout_pretty  lv_cont.o
    0x08003f30   0x00000098   Code   RO         8394    i.lv_cont_layout_row  lv_cont.o
    0x08003fc8   0x000002a4   Code   RO         8395    i.lv_cont_refr_autofit  lv_cont.o
    0x0800426c   0x00000072   Code   RO         8396    i.lv_cont_refr_layout  lv_cont.o
    0x080042de   0x0000000e   Code   RO        11058    i.lv_cont_set_fit2  lv_tabview.o
    0x080042ec   0x00000064   Code   RO         8397    i.lv_cont_set_fit4  lv_cont.o
    0x08004350   0x0000002a   Code   RO         8398    i.lv_cont_set_layout  lv_cont.o
    0x0800437a   0x00000002   PAD
    0x0800437c   0x00000090   Code   RO         8399    i.lv_cont_signal    lv_cont.o
    0x0800440c   0x0000001e   Code   RO         5980    i.lv_disp_buf_init  lv_hal_disp.o
    0x0800442a   0x00000002   PAD
    0x0800442c   0x00000038   Code   RO         5981    i.lv_disp_drv_init  lv_hal_disp.o
    0x08004464   0x000000ac   Code   RO         5982    i.lv_disp_drv_register  lv_hal_disp.o
    0x08004510   0x0000000c   Code   RO         5984    i.lv_disp_flush_ready  lv_hal_disp.o
    0x0800451c   0x00000018   Code   RO         5985    i.lv_disp_get_antialiasing  lv_hal_disp.o
    0x08004534   0x00000004   Code   RO         5986    i.lv_disp_get_buf   lv_hal_disp.o
    0x08004538   0x0000000c   Code   RO         5987    i.lv_disp_get_default  lv_hal_disp.o
    0x08004544   0x00000024   Code   RO         5988    i.lv_disp_get_hor_res  lv_hal_disp.o
    0x08004568   0x00000010   Code   RO         3369    i.lv_disp_get_layer_sys  lv_disp.o
    0x08004578   0x00000010   Code   RO         3370    i.lv_disp_get_layer_top  lv_disp.o
    0x08004588   0x00000010   Code   RO         3372    i.lv_disp_get_scr_act  lv_disp.o
    0x08004598   0x00000024   Code   RO         5991    i.lv_disp_get_ver_res  lv_hal_disp.o
    0x080045bc   0x00000012   Code   RO         5992    i.lv_disp_is_double_buf  lv_hal_disp.o
    0x080045ce   0x00000026   Code   RO         5993    i.lv_disp_is_true_double_buf  lv_hal_disp.o
    0x080045f4   0x0000010c   Code   RO         4565    i.lv_disp_refr_task  lv_refr.o
    0x08004700   0x00000030   Code   RO         4737    i.lv_draw_aa_get_opa  lv_draw.o
    0x08004730   0x0000003a   Code   RO         5184    i.lv_draw_cont_radius_corr  lv_draw_rect.o
    0x0800476a   0x00000074   Code   RO         4913    i.lv_draw_fill      lv_draw_basic.o
    0x080047de   0x00000002   PAD
    0x080047e0   0x00000020   Code   RO         4740    i.lv_draw_free_buf  lv_draw.o
    0x08004800   0x0000003c   Code   RO         4741    i.lv_draw_get_buf   lv_draw.o
    0x0800483c   0x0000042c   Code   RO         5100    i.lv_draw_label     lv_draw_label.o
    0x08004c68   0x000002c8   Code   RO         4914    i.lv_draw_letter    lv_draw_basic.o
    0x08004f30   0x00000098   Code   RO         4916    i.lv_draw_px        lv_draw_basic.o
    0x08004fc8   0x0000009a   Code   RO         5185    i.lv_draw_rect      lv_draw_rect.o
    0x08005062   0x00000002   PAD
    0x08005064   0x00000a6c   Code   RO         5186    i.lv_draw_rect_border_corner  lv_draw_rect.o
    0x08005ad0   0x000003ac   Code   RO         5187    i.lv_draw_rect_border_straight  lv_draw_rect.o
    0x08005e7c   0x00000824   Code   RO         5188    i.lv_draw_rect_main_corner  lv_draw_rect.o
    0x080066a0   0x00000128   Code   RO         5189    i.lv_draw_rect_main_mid  lv_draw_rect.o
    0x080067c8   0x000000a2   Code   RO         5190    i.lv_draw_shadow    lv_draw_rect.o
    0x0800686a   0x00000002   PAD
    0x0800686c   0x00000214   Code   RO         5191    i.lv_draw_shadow_bottom  lv_draw_rect.o
    0x08006a80   0x00000328   Code   RO         5192    i.lv_draw_shadow_full  lv_draw_rect.o
    0x08006da8   0x0000015a   Code   RO         5193    i.lv_draw_shadow_full_straight  lv_draw_rect.o
    0x08006f02   0x00000002   PAD
    0x08006f04   0x0000000c   Code   RO         3958    i.lv_event_get_data  lv_obj.o
    0x08006f10   0x0000001a   Code   RO         3960    i.lv_event_send     lv_obj.o
    0x08006f2a   0x00000002   PAD
    0x08006f2c   0x00000074   Code   RO         3961    i.lv_event_send_func  lv_obj.o
    0x08006fa0   0x00000020   Code   RO         5532    i.lv_font_get_bitmap_fmt_txt  lv_font_fmt_txt.o
    0x08006fc0   0x00000004   Code   RO         5485    i.lv_font_get_glyph_bitmap  lv_font.o
    0x08006fc4   0x0000000a   Code   RO         5486    i.lv_font_get_glyph_dsc  lv_font.o
    0x08006fce   0x00000068   Code   RO         5533    i.lv_font_get_glyph_dsc_fmt_txt  lv_font_fmt_txt.o
    0x08007036   0x00000016   Code   RO         5487    i.lv_font_get_glyph_width  lv_font.o
    0x0800704c   0x00000056   Code   RO         3491    i.lv_group_add_obj  lv_group.o
    0x080070a2   0x00000002   PAD
    0x080070a4   0x00000010   Code   RO         3495    i.lv_group_focus_next  lv_group.o
    0x080070b4   0x00000010   Code   RO         3497    i.lv_group_focus_prev  lv_group.o
    0x080070c4   0x0000000e   Code   RO         3499    i.lv_group_get_editing  lv_group.o
    0x080070d2   0x0000000e   Code   RO         3501    i.lv_group_get_focused  lv_group.o
    0x080070e0   0x0000000c   Code   RO         3505    i.lv_group_init     lv_group.o
    0x080070ec   0x00000026   Code   RO         3506    i.lv_group_mod_style  lv_group.o
    0x08007112   0x00000030   Code   RO         3507    i.lv_group_refocus  lv_group.o
    0x08007142   0x00000002   PAD
    0x08007144   0x00000054   Code   RO         5310    i.lv_img_cache_invalidate_src  lv_img_cache.o
    0x08007198   0x00000064   Code   RO         5312    i.lv_img_cache_set_size  lv_img_cache.o
    0x080071fc   0x00000034   Code   RO         5018    i.lv_img_color_format_get_px_size  lv_draw_img.o
    0x08007230   0x0000001e   Code   RO         5349    i.lv_img_decoder_built_in_close  lv_img_decoder.o
    0x0800724e   0x0000005e   Code   RO         5350    i.lv_img_decoder_built_in_info  lv_img_decoder.o
    0x080072ac   0x00000168   Code   RO         5351    i.lv_img_decoder_built_in_line_alpha  lv_img_decoder.o
    0x08007414   0x0000010e   Code   RO         5352    i.lv_img_decoder_built_in_line_indexed  lv_img_decoder.o
    0x08007522   0x00000002   PAD
    0x08007524   0x000000d8   Code   RO         5353    i.lv_img_decoder_built_in_open  lv_img_decoder.o
    0x080075fc   0x0000005e   Code   RO         5354    i.lv_img_decoder_built_in_read_line  lv_img_decoder.o
    0x0800765a   0x00000012   Code   RO         5355    i.lv_img_decoder_close  lv_img_decoder.o
    0x0800766c   0x0000001c   Code   RO         5356    i.lv_img_decoder_create  lv_img_decoder.o
    0x08007688   0x00000038   Code   RO         5359    i.lv_img_decoder_init  lv_img_decoder.o
    0x080076c0   0x00000022   Code   RO         5022    i.lv_img_src_get_type  lv_draw_img.o
    0x080076e2   0x00000002   PAD
    0x080076e4   0x0000000c   Code   RO         3784    i.lv_indev_get_act  lv_indev.o
    0x080076f0   0x00000014   Code   RO         6162    i.lv_indev_get_next  lv_hal_indev.o
    0x08007704   0x0000001c   Code   RO         3787    i.lv_indev_get_point  lv_indev.o
    0x08007720   0x00000008   Code   RO         3789    i.lv_indev_get_type  lv_indev.o
    0x08007728   0x0000001e   Code   RO         3790    i.lv_indev_get_vect  lv_indev.o
    0x08007746   0x00000006   Code   RO         3791    i.lv_indev_init     lv_indev.o
    0x0800774c   0x0000001c   Code   RO         3792    i.lv_indev_is_dragging  lv_indev.o
    0x08007768   0x00000026   Code   RO         3794    i.lv_indev_reset    lv_indev.o
    0x0800778e   0x0000001e   Code   RO         3795    i.lv_indev_reset_long_press  lv_indev.o
    0x080077ac   0x00000054   Code   RO         3962    i.lv_init           lv_obj.o
    0x08007800   0x000000b4   Code   RO         4566    i.lv_inv_area       lv_refr.o
    0x080078b4   0x00000174   Code   RO         9053    i.lv_label_create   lv_label.o
    0x08007a28   0x000001fa   Code   RO         9055    i.lv_label_design   lv_label.o
    0x08007c22   0x00000024   Code   RO         9056    i.lv_label_dot_tmp_free  lv_label.o
    0x08007c46   0x0000000e   Code   RO         9057    i.lv_label_get_align  lv_label.o
    0x08007c54   0x0000000e   Code   RO         9059    i.lv_label_get_body_draw  lv_label.o
    0x08007c62   0x00000002   PAD
    0x08007c64   0x00000158   Code   RO         9060    i.lv_label_get_letter_on  lv_label.o
    0x08007dbc   0x0000000e   Code   RO         9062    i.lv_label_get_long_mode  lv_label.o
    0x08007dca   0x0000000e   Code   RO         9063    i.lv_label_get_recolor  lv_label.o
    0x08007dd8   0x0000000a   Code   RO         9064    i.lv_label_get_text  lv_label.o
    0x08007de2   0x00000002   PAD
    0x08007de4   0x00000348   Code   RO         9069    i.lv_label_refr_text  lv_label.o
    0x0800812c   0x0000006c   Code   RO         9070    i.lv_label_revert_dots  lv_label.o
    0x08008198   0x00000026   Code   RO         9071    i.lv_label_set_align  lv_label.o
    0x080081be   0x0000002c   Code   RO         9074    i.lv_label_set_body_draw  lv_label.o
    0x080081ea   0x00000056   Code   RO         9075    i.lv_label_set_dot_tmp  lv_label.o
    0x08008240   0x0000008c   Code   RO         9076    i.lv_label_set_long_mode  lv_label.o
    0x080082cc   0x00000016   Code   RO         9077    i.lv_label_set_offset_x  lv_label.o
    0x080082e2   0x00000016   Code   RO         9078    i.lv_label_set_offset_y  lv_label.o
    0x080082f8   0x00000026   Code   RO         9079    i.lv_label_set_recolor  lv_label.o
    0x0800831e   0x00000034   Code   RO         9080    i.lv_label_set_static_text  lv_label.o
    0x08008352   0x0000006c   Code   RO         9081    i.lv_label_set_text  lv_label.o
    0x080083be   0x00000002   PAD
    0x080083c0   0x000000f8   Code   RO         9084    i.lv_label_signal   lv_label.o
    0x080084b8   0x00000068   Code   RO         6633    i.lv_ll_chg_list    lv_ll.o
    0x08008520   0x0000000a   Code   RO         6635    i.lv_ll_get_head    lv_ll.o
    0x0800852a   0x00000010   Code   RO         6637    i.lv_ll_get_next    lv_ll.o
    0x0800853a   0x0000000e   Code   RO         6638    i.lv_ll_get_prev    lv_ll.o
    0x08008548   0x0000000a   Code   RO         6639    i.lv_ll_get_tail    lv_ll.o
    0x08008552   0x00000014   Code   RO         6640    i.lv_ll_init        lv_ll.o
    0x08008566   0x0000003c   Code   RO         6641    i.lv_ll_ins_head    lv_ll.o
    0x080085a2   0x00000066   Code   RO         6642    i.lv_ll_ins_prev    lv_ll.o
    0x08008608   0x00000042   Code   RO         6643    i.lv_ll_ins_tail    lv_ll.o
    0x0800864a   0x00000012   Code   RO         6644    i.lv_ll_is_empty    lv_ll.o
    0x0800865c   0x00000060   Code   RO         6645    i.lv_ll_move_before  lv_ll.o
    0x080086bc   0x00000076   Code   RO         6646    i.lv_ll_rem         lv_ll.o
    0x08008732   0x00000002   PAD
    0x08008734   0x0000005c   Code   RO         6767    i.lv_mem_alloc      lv_mem.o
    0x08008790   0x0000004c   Code   RO         6769    i.lv_mem_free       lv_mem.o
    0x080087dc   0x0000001c   Code   RO         6770    i.lv_mem_get_size   lv_mem.o
    0x080087f8   0x00000020   Code   RO         6771    i.lv_mem_init       lv_mem.o
    0x08008818   0x00000054   Code   RO         6773    i.lv_mem_realloc    lv_mem.o
    0x0800886c   0x0000020c   Code   RO         3963    i.lv_obj_align      lv_obj.o
    0x08008a78   0x00000118   Code   RO         3964    i.lv_obj_align_origo  lv_obj.o
    0x08008b90   0x0000000e   Code   RO         3965    i.lv_obj_allocate_ext_attr  lv_obj.o
    0x08008b9e   0x0000000a   Code   RO         3967    i.lv_obj_clear_protect  lv_obj.o
    0x08008ba8   0x00000228   Code   RO         3970    i.lv_obj_create     lv_obj.o
    0x08008dd0   0x000000a8   Code   RO         3974    i.lv_obj_design     lv_obj.o
    0x08008e78   0x0000000a   Code   RO         3975    i.lv_obj_get_auto_realign  lv_obj.o
    0x08008e82   0x0000000e   Code   RO         3976    i.lv_obj_get_child  lv_obj.o
    0x08008e90   0x0000000e   Code   RO         3977    i.lv_obj_get_child_back  lv_obj.o
    0x08008e9e   0x0000000a   Code   RO         3979    i.lv_obj_get_coords  lv_obj.o
    0x08008ea8   0x00000004   Code   RO         3980    i.lv_obj_get_design_cb  lv_obj.o
    0x08008eac   0x00000044   Code   RO         3981    i.lv_obj_get_disp   lv_obj.o
    0x08008ef0   0x00000004   Code   RO         3987    i.lv_obj_get_ext_attr  lv_obj.o
    0x08008ef4   0x00000004   Code   RO         3993    i.lv_obj_get_group  lv_obj.o
    0x08008ef8   0x0000000c   Code   RO         3994    i.lv_obj_get_height  lv_obj.o
    0x08008f04   0x0000001c   Code   RO         3995    i.lv_obj_get_height_fit  lv_obj.o
    0x08008f20   0x0000000a   Code   RO         3996    i.lv_obj_get_hidden  lv_obj.o
    0x08008f2a   0x00000002   PAD
    0x08008f2c   0x0000001c   Code   RO         3998    i.lv_obj_get_opa_scale  lv_obj.o
    0x08008f48   0x00000004   Code   RO         4000    i.lv_obj_get_parent  lv_obj.o
    0x08008f4c   0x0000000c   Code   RO         4003    i.lv_obj_get_screen  lv_obj.o
    0x08008f58   0x00000004   Code   RO         4004    i.lv_obj_get_signal_cb  lv_obj.o
    0x08008f5c   0x0000005c   Code   RO         4005    i.lv_obj_get_style  lv_obj.o
    0x08008fb8   0x0000000c   Code   RO         4008    i.lv_obj_get_width  lv_obj.o
    0x08008fc4   0x0000001c   Code   RO         4009    i.lv_obj_get_width_fit  lv_obj.o
    0x08008fe0   0x0000000c   Code   RO         4010    i.lv_obj_get_x      lv_obj.o
    0x08008fec   0x0000000c   Code   RO         4011    i.lv_obj_get_y      lv_obj.o
    0x08008ff8   0x000000a4   Code   RO         4012    i.lv_obj_invalidate  lv_obj.o
    0x0800909c   0x00000018   Code   RO         4013    i.lv_obj_is_focused  lv_obj.o
    0x080090b4   0x0000000c   Code   RO         4014    i.lv_obj_is_protected  lv_obj.o
    0x080090c0   0x00000038   Code   RO         4016    i.lv_obj_move_foreground  lv_obj.o
    0x080090f8   0x00000026   Code   RO         4017    i.lv_obj_realign    lv_obj.o
    0x0800911e   0x0000001c   Code   RO         4018    i.lv_obj_refresh_ext_draw_pad  lv_obj.o
    0x0800913a   0x0000001c   Code   RO         4019    i.lv_obj_refresh_style  lv_obj.o
    0x08009156   0x0000000c   Code   RO         4022    i.lv_obj_set_click  lv_obj.o
    0x08009162   0x00000004   Code   RO         4023    i.lv_obj_set_design_cb  lv_obj.o
    0x08009166   0x0000001a   Code   RO         4024    i.lv_obj_set_drag   lv_obj.o
    0x08009180   0x0000000c   Code   RO         4027    i.lv_obj_set_drag_throw  lv_obj.o
    0x0800918c   0x00000004   Code   RO         4028    i.lv_obj_set_event_cb  lv_obj.o
    0x08009190   0x00000016   Code   RO         4030    i.lv_obj_set_height  lv_obj.o
    0x080091a6   0x00000038   Code   RO         4031    i.lv_obj_set_hidden  lv_obj.o
    0x080091de   0x00000064   Code   RO         4034    i.lv_obj_set_parent  lv_obj.o
    0x08009242   0x00000074   Code   RO         4036    i.lv_obj_set_pos    lv_obj.o
    0x080092b6   0x0000000a   Code   RO         4037    i.lv_obj_set_protect  lv_obj.o
    0x080092c0   0x00000004   Code   RO         4038    i.lv_obj_set_signal_cb  lv_obj.o
    0x080092c4   0x00000080   Code   RO         4039    i.lv_obj_set_size   lv_obj.o
    0x08009344   0x00000014   Code   RO         4040    i.lv_obj_set_style  lv_obj.o
    0x08009358   0x00000018   Code   RO         4042    i.lv_obj_set_width  lv_obj.o
    0x08009370   0x00000018   Code   RO         4043    i.lv_obj_set_x      lv_obj.o
    0x08009388   0x00000016   Code   RO         4044    i.lv_obj_set_y      lv_obj.o
    0x0800939e   0x00000002   PAD
    0x080093a0   0x0000005c   Code   RO         4045    i.lv_obj_signal     lv_obj.o
    0x080093fc   0x000001d0   Code   RO         9823    i.lv_page_create    lv_page.o
    0x080095cc   0x00000214   Code   RO         9824    i.lv_page_design    lv_page.o
    0x080097e0   0x0000000a   Code   RO         9831    i.lv_page_get_scrl  lv_page.o
    0x080097ea   0x0000000e   Code   RO         9832    i.lv_page_get_scrl_width  lv_page.o
    0x080097f8   0x00000034   Code   RO         9834    i.lv_page_get_style  lv_page.o
    0x0800982c   0x00000082   Code   RO         9836    i.lv_page_on_edge   lv_page.o
    0x080098ae   0x0000035e   Code   RO         9837    i.lv_page_sb_refresh  lv_page.o
    0x08009c0c   0x00000054   Code   RO         9838    i.lv_page_scroll_hor  lv_page.o
    0x08009c60   0x00000054   Code   RO         9839    i.lv_page_scroll_ver  lv_page.o
    0x08009cb4   0x00000412   Code   RO         9840    i.lv_page_scrollable_signal  lv_page.o
    0x0800a0c6   0x0000004c   Code   RO         9843    i.lv_page_set_sb_mode  lv_page.o
    0x0800a112   0x00000068   Code   RO         9845    i.lv_page_set_style  lv_page.o
    0x0800a17a   0x00000002   PAD
    0x0800a17c   0x00000230   Code   RO         9846    i.lv_page_signal    lv_page.o
    0x0800a3ac   0x00000064   Code   RO         9847    i.lv_page_start_edge_flash  lv_page.o
    0x0800a410   0x00000038   Code   RO        11823    i.lv_port_disp_init  lv_port_disp.o
    0x0800a448   0x00000128   Code   RO         4567    i.lv_refr_area      lv_refr.o
    0x0800a570   0x00000068   Code   RO         4568    i.lv_refr_area_part  lv_refr.o
    0x0800a5d8   0x0000004c   Code   RO         4569    i.lv_refr_areas     lv_refr.o
    0x0800a624   0x0000000c   Code   RO         4570    i.lv_refr_get_disp_refreshing  lv_refr.o
    0x0800a630   0x00000064   Code   RO         4571    i.lv_refr_get_top_obj  lv_refr.o
    0x0800a694   0x00000002   Code   RO         4572    i.lv_refr_init      lv_refr.o
    0x0800a696   0x00000002   PAD
    0x0800a698   0x000000c4   Code   RO         4573    i.lv_refr_join_area  lv_refr.o
    0x0800a75c   0x000000d4   Code   RO         4575    i.lv_refr_obj       lv_refr.o
    0x0800a830   0x0000004c   Code   RO         4576    i.lv_refr_obj_and_children  lv_refr.o
    0x0800a87c   0x00000050   Code   RO         4578    i.lv_refr_vdb_flush  lv_refr.o
    0x0800a8cc   0x00000090   Code   RO         9848    i.lv_scrl_design    lv_page.o
    0x0800a95c   0x00000006   Code   RO         4666    i.lv_style_copy     lv_style.o
    0x0800a962   0x00000002   PAD
    0x0800a964   0x0000051e   Code   RO         4667    i.lv_style_init     lv_style.o
    0x0800ae82   0x00000002   PAD
    0x0800ae84   0x0000022c   Code   RO        11059    i.lv_tabview_add_tab  lv_tabview.o
    0x0800b0b0   0x00000264   Code   RO        11061    i.lv_tabview_create  lv_tabview.o
    0x0800b314   0x0000000a   Code   RO        11062    i.lv_tabview_get_anim_time  lv_tabview.o
    0x0800b31e   0x0000000e   Code   RO        11065    i.lv_tabview_get_sliding  lv_tabview.o
    0x0800b32c   0x0000004c   Code   RO        11066    i.lv_tabview_get_style  lv_tabview.o
    0x0800b378   0x0000002e   Code   RO        11067    i.lv_tabview_get_tab  lv_tabview.o
    0x0800b3a6   0x0000000a   Code   RO        11068    i.lv_tabview_get_tab_act  lv_tabview.o
    0x0800b3b0   0x0000001c   Code   RO        11072    i.lv_tabview_set_btns_pos  lv_tabview.o
    0x0800b3cc   0x000000a0   Code   RO        11074    i.lv_tabview_set_style  lv_tabview.o
    0x0800b46c   0x000001f8   Code   RO        11075    i.lv_tabview_set_tab_act  lv_tabview.o
    0x0800b664   0x00000144   Code   RO        11076    i.lv_tabview_signal  lv_tabview.o
    0x0800b7a8   0x0000001c   Code   RO         6826    i.lv_task_core_init  lv_task.o
    0x0800b7c4   0x00000028   Code   RO         6827    i.lv_task_create    lv_task.o
    0x0800b7ec   0x0000007c   Code   RO         6828    i.lv_task_create_basic  lv_task.o
    0x0800b868   0x00000030   Code   RO         6829    i.lv_task_del       lv_task.o
    0x0800b898   0x00000044   Code   RO         6831    i.lv_task_exec      lv_task.o
    0x0800b8dc   0x000000d0   Code   RO         6833    i.lv_task_handler   lv_task.o
    0x0800b9ac   0x00000012   Code   RO         6835    i.lv_task_ready     lv_task.o
    0x0800b9be   0x00000002   PAD
    0x0800b9c0   0x00000058   Code   RO         6839    i.lv_task_set_prio  lv_task.o
    0x0800ba18   0x0000000c   Code   RO        11527    i.lv_theme_get_current  lv_theme.o
    0x0800ba24   0x0000000c   Code   RO         6257    i.lv_tick_elaps     lv_hal_tick.o
    0x0800ba30   0x00000014   Code   RO         6258    i.lv_tick_get       lv_hal_tick.o
    0x0800ba44   0x00000014   Code   RO         6259    i.lv_tick_inc       lv_hal_tick.o
    0x0800ba58   0x000000f8   Code   RO         6924    i.lv_txt_get_next_line  lv_txt.o
    0x0800bb50   0x000000b0   Code   RO         6925    i.lv_txt_get_size   lv_txt.o
    0x0800bc00   0x00000088   Code   RO         6926    i.lv_txt_get_width  lv_txt.o
    0x0800bc88   0x00000036   Code   RO         6928    i.lv_txt_is_cmd     lv_txt.o
    0x0800bcbe   0x00000002   PAD
    0x0800bcc0   0x0000002c   Code   RO         6931    i.lv_txt_utf8_get_byte_id  lv_txt.o
    0x0800bcec   0x00000028   Code   RO         6932    i.lv_txt_utf8_get_char_id  lv_txt.o
    0x0800bd14   0x00000028   Code   RO         6933    i.lv_txt_utf8_get_length  lv_txt.o
    0x0800bd3c   0x0000008a   Code   RO         6934    i.lv_txt_utf8_next  lv_txt.o
    0x0800bdc6   0x00000002   PAD
    0x0800bdc8   0x00000048   Code   RO         6935    i.lv_txt_utf8_prev  lv_txt.o
    0x0800be10   0x0000002e   Code   RO         6936    i.lv_txt_utf8_size  lv_txt.o
    0x0800be3e   0x00000002   PAD
    0x0800be40   0x0000004c   Code   RO         7022    i.lv_utils_bsearch  lv_utils.o
    0x0800be8c   0x00000110   Code   RO           19    i.main              main.o
    0x0800bf9c   0x0000002a   Code   RO         7509    i.make_one_button_toggled  lv_btnm.o
    0x0800bfc6   0x00000026   Code   RO         6648    i.node_set_next     lv_ll.o
    0x0800bfec   0x00000024   Code   RO         6649    i.node_set_prev     lv_ll.o
    0x0800c010   0x0000002a   Code   RO         3519    i.obj_to_foreground  lv_group.o
    0x0800c03a   0x00000044   Code   RO         4047    i.refresh_children_position  lv_obj.o
    0x0800c07e   0x00000034   Code   RO         4048    i.refresh_children_style  lv_obj.o
    0x0800c0b2   0x0000003c   Code   RO         9849    i.scrl_def_event_cb  lv_page.o
    0x0800c0ee   0x00000002   PAD
    0x0800c0f0   0x0000013e   Code   RO         4917    i.sw_color_fill     lv_draw_basic.o
    0x0800c22e   0x00000058   Code   RO        11077    i.tab_btnm_event_cb  lv_tabview.o
    0x0800c286   0x000000c0   Code   RO        11078    i.tabpage_press_lost_handler  lv_tabview.o
    0x0800c346   0x00000018   Code   RO        11079    i.tabpage_pressed_handler  lv_tabview.o
    0x0800c35e   0x00000154   Code   RO        11080    i.tabpage_pressing_handler  lv_tabview.o
    0x0800c4b2   0x00000002   PAD
    0x0800c4b4   0x00000064   Code   RO        11081    i.tabpage_scrl_signal  lv_tabview.o
    0x0800c518   0x00000060   Code   RO        11082    i.tabpage_signal    lv_tabview.o
    0x0800c578   0x00000368   Code   RO        11083    i.tabview_realign   lv_tabview.o
    0x0800c8e0   0x00000008   Code   RO         5534    i.unicode_list_compare  lv_font_fmt_txt.o
    0x0800c8e8   0x00000010   Data   RO         3207    .constdata          system_stm32f1xx.o
    0x0800c8f8   0x00000008   Data   RO         3208    .constdata          system_stm32f1xx.o
    0x0800c900   0x00000016   Data   RO         4672    .constdata          lv_style.o
    0x0800c916   0x00000001   Data   RO         4742    .constdata          lv_draw.o
    0x0800c917   0x00000002   Data   RO         4743    .constdata          lv_draw.o
    0x0800c919   0x00000003   Data   RO         4744    .constdata          lv_draw.o
    0x0800c91c   0x00000004   Data   RO         4745    .constdata          lv_draw.o
    0x0800c920   0x00000005   Data   RO         4746    .constdata          lv_draw.o
    0x0800c925   0x00000006   Data   RO         4747    .constdata          lv_draw.o
    0x0800c92b   0x00000007   Data   RO         4748    .constdata          lv_draw.o
    0x0800c932   0x00000008   Data   RO         4749    .constdata          lv_draw.o
    0x0800c93a   0x00000011   Data   RO         5194    .constdata          lv_draw_rect.o
    0x0800c94b   0x00002392   Data   RO         5826    .constdata          lv_font_roboto_16.o
    0x0800ecdd   0x00000003   PAD
    0x0800ece0   0x00000028   Data   RO         5827    .constdata          lv_font_roboto_16.o
    0x0800ed08   0x00000002   Data   RO         5997    .constdata          lv_hal_disp.o
    0x0800ed0a   0x00000002   PAD
    0x0800ed0c   0x0000001e   Data   RO        12092    .constdata          gui_test.o
    0x0800ed2a   0x00000002   PAD
    0x0800ed2c   0x00000029   Data   RO         7510    .conststring        lv_btnm.o
    0x0800ed55   0x00000003   PAD
    0x0800ed58   0x00000068   Data   RO        12093    .conststring        gui_test.o
    0x0800edc0   0x00000020   Data   RO        12313    Region$$Table       anon$$obj.o


    Execution Region RW_IRAM1 (Base: 0x20000000, Size: 0x00007240, Max: 0x00010000, ABSOLUTE, COMPRESSED[0x00000678])

    Base Addr    Size         Type   Attr      Idx    E Section Name        Object

    0x20000000   0x0000000c   Data   RW          961    .data               stm32f1xx_hal.o
    0x2000000c   0x00000004   Data   RW         3209    .data               system_stm32f1xx.o
    0x20000010   0x00000008   Data   RW         3800    .data               lv_indev.o
    0x20000018   0x0000000c   Data   RW         4050    .data               lv_obj.o
    0x20000024   0x00000008   Data   RW         4579    .data               lv_refr.o
    0x2000002c   0x00000024   Data   RW         4750    .data               lv_draw.o
    0x20000050   0x00000002   Data   RW         5313    .data               lv_img_cache.o
    0x20000052   0x00000002   PAD
    0x20000054   0x00000490   Data   RW         5828    .data               lv_font_roboto_16.o
    0x200004e4   0x00000064   Data   RW         5829    .data               lv_font_roboto_16.o
    0x20000548   0x00000092   Data   RW         5830    .data               lv_font_roboto_16.o
    0x200005da   0x00000092   Data   RW         5831    .data               lv_font_roboto_16.o
    0x2000066c   0x00000578   Data   RW         5832    .data               lv_font_roboto_16.o
    0x20000be4   0x00000010   Data   RW         5833    .data               lv_font_roboto_16.o
    0x20000bf4   0x0000001c   Data   RW         5834    .data               lv_font_roboto_16.o
    0x20000c10   0x00000010   Data   RW         5835    .data               lv_font_roboto_16.o
    0x20000c20   0x00000004   Data   RW         5998    .data               lv_hal_disp.o
    0x20000c24   0x00000008   Data   RW         6260    .data               lv_hal_tick.o
    0x20000c2c   0x00000008   Data   RW         6304    .data               lv_anim.o
    0x20000c34   0x00000004   Data   RW         6606    .data               lv_gc.o
    0x20000c38   0x00000004   Data   RW         6607    .data               lv_gc.o
    0x20000c3c   0x00000004   Data   RW         6608    .data               lv_gc.o
    0x20000c40   0x00000008   Data   RW         6775    .data               lv_mem.o
    0x20000c48   0x00000014   Data   RW         6840    .data               lv_task.o
    0x20000c5c   0x00000010   Data   RW         6937    .data               lv_txt.o
    0x20000c6c   0x00000004   Data   RW         6940    .data               lv_txt.o
    0x20000c70   0x00000004   Data   RW         6941    .data               lv_txt.o
    0x20000c74   0x00000008   Data   RW         7383    .data               lv_btn.o
    0x20000c7c   0x00000024   Data   RW         7511    .data               lv_btnm.o
    0x20000ca0   0x00000004   Data   RW         8400    .data               lv_cont.o
    0x20000ca4   0x00000004   Data   RW         9085    .data               lv_label.o
    0x20000ca8   0x00000008   Data   RW         9850    .data               lv_page.o
    0x20000cb0   0x00000010   Data   RW        11085    .data               lv_tabview.o
    0x20000cc0   0x00000004   Data   RW        11529    .data               lv_theme.o
    0x20000cc4   0x00000004   Data   RW        12096    .data               gui_test.o
    0x20000cc8   0x000000e0   Zero   RW           20    .bss                main.o
    0x20000da8   0x00000044   Zero   RW           21    .bss                main.o
    0x20000dec   0x00000480   Zero   RW         3283    .bss                tftlcd.o
    0x2000126c   0x0000030c   Zero   RW         4671    .bss                lv_style.o
    0x20001578   0x0000000c   Zero   RW         6598    .bss                lv_gc.o
    0x20001584   0x0000000c   Zero   RW         6599    .bss                lv_gc.o
    0x20001590   0x0000000c   Zero   RW         6600    .bss                lv_gc.o
    0x2000159c   0x0000000c   Zero   RW         6603    .bss                lv_gc.o
    0x200015a8   0x0000000c   Zero   RW         6604    .bss                lv_gc.o
    0x200015b4   0x0000000c   Zero   RW         6605    .bss                lv_gc.o
    0x200015c0   0x00004000   Zero   RW         6774    .bss                lv_mem.o
    0x200055c0   0x000012dc   Zero   RW        11824    .bss                lv_port_disp.o
    0x2000689c   0x000001a4   Zero   RW        12091    .bss                gui_test.o
    0x20006a40   0x00000800   Zero   RW            1    STACK               startup_stm32f103xe.o


==============================================================================

Image component sizes


      Code (inc. data)   RO Data    RW Data    ZI Data      Debug   Object Name

       620        158        134          4        420      21706   gui_test.o
       568         52          0          8          0      16481   lv_anim.o
         0          0          0          0          0      19602   lv_arc.o
       422          0          0          0          0       6951   lv_area.o
         0          0          0          0          0       1463   lv_bar.o
       796         58          0          8          0      13597   lv_btn.o
      3054         82         41         36          0      28180   lv_btnm.o
         0          0          0          0          0       3686   lv_calendar.o
        82          0          0          0          0       1965   lv_circ.o
      2586         28          0          4          0      24295   lv_cont.o
        48          0          0          0          0      21032   lv_disp.o
       140         22         36         36          0      18695   lv_draw.o
      1376         26          0          0          0      21539   lv_draw_basic.o
        86         16          0          0          0      10178   lv_draw_img.o
      1144         20          0          0          0      12110   lv_draw_label.o
      8186          6         17          0          0      21501   lv_draw_rect.o
        36          0          0          0          0       3293   lv_font.o
       608         16          0          0          0       7553   lv_font_fmt_txt.o
         0          0          0          0          0       1776   lv_font_roboto_12.o
         0          0       9146       3020          0       2104   lv_font_roboto_16.o
         0          0          0         12         72       8118   lv_gc.o
       488         20          0          0          0      29228   lv_group.o
       438         48          2          4          0      27999   lv_hal_disp.o
        20          4          0          0          0      21386   lv_hal_indev.o
        52         10          0          8          0       2308   lv_hal_tick.o
       184         20          0          2          0       2442   lv_img_cache.o
      1166         48          0          0          0       8579   lv_img_decoder.o
       180          6          0          8          0      18150   lv_indev.o
      3070        104          0          4          0      26590   lv_label.o
       708          0          0          0          0       8968   lv_ll.o
       414         28          0          8      16384       5330   lv_mem.o
      3314        102          0         12          0      46775   lv_obj.o
      4394        104          0          8          0      45317   lv_page.o
        86         10          0          0       4828      20362   lv_port_disp.o
      1602         50          0          8          0       8999   lv_refr.o
      1348         12         22          0        780       8022   lv_style.o
      4066        120          0         16          0      29564   lv_tabview.o
       622         56          0         20          0       6104   lv_task.o
        12          6          0          4          0      25977   lv_theme.o
       994         42          0         24          0      10563   lv_txt.o
        76          0          0          0          0        743   lv_utils.o
       610         50          0          0        292     516218   main.o
        20          6          0          0          0       1250   spi.o
        36          8        304          0       2048        828   startup_stm32f103xe.o
       166         28          0         12          0       7139   stm32f1xx_hal.o
       198         14          0          0          0      28739   stm32f1xx_hal_cortex.o
      1172         52          0          0          0       4717   stm32f1xx_hal_dma.o
       514         42          0          0          0       2648   stm32f1xx_hal_gpio.o
       332         42          0          0          0       2411   stm32f1xx_hal_msp.o
      1272        100          0          0          0       5080   stm32f1xx_hal_rcc.o
      1358         22          0          0          0       9412   stm32f1xx_hal_spi.o
       704         40          0          0          0       6601   stm32f1xx_hal_tim.o
       128         20          0          0          0       2413   stm32f1xx_hal_tim_ex.o
       282          6          0          0          0       1920   stm32f1xx_hal_uart.o
        56         18          0          0          0       5477   stm32f1xx_it.o
         2          0         24          4          0       1191   system_stm32f1xx.o
       906         46          0          0       1152       6863   tftlcd.o

    ----------------------------------------------------------------------
     50824       1768       9768       3272      25976    1222138   Object Totals
         0          0         32          0          0          0   (incl. Generated)
        82          0         10          2          0          0   (incl. Padding)

    ----------------------------------------------------------------------

      Code (inc. data)   RO Data    RW Data    ZI Data      Debug   Library Member Name

        86          0          0          0          0          0   __dczerorl2.o
         0          0          0          0          0          0   entry.o
         0          0          0          0          0          0   entry10a.o
         0          0          0          0          0          0   entry11a.o
         8          4          0          0          0          0   entry2.o
         4          0          0          0          0          0   entry5.o
         0          0          0          0          0          0   entry7b.o
         0          0          0          0          0          0   entry8b.o
         8          4          0          0          0          0   entry9a.o
        30          0          0          0          0          0   handlers.o
        36          8          0          0          0         68   init.o
        36          0          0          0          0         68   memcpya.o
        36          0          0          0          0        108   memseta.o
        28          0          0          0          0         76   strcmp.o
        18          0          0          0          0         68   strcpy.o
        14          0          0          0          0         68   strlen.o

    ----------------------------------------------------------------------
       304         16          0          0          0        456   Library Totals
         0          0          0          0          0          0   (incl. Padding)

    ----------------------------------------------------------------------

      Code (inc. data)   RO Data    RW Data    ZI Data      Debug   Library Name

       304         16          0          0          0        456   mc_w.l

    ----------------------------------------------------------------------
       304         16          0          0          0        456   Library Totals

    ----------------------------------------------------------------------

==============================================================================


      Code (inc. data)   RO Data    RW Data    ZI Data      Debug   

     51128       1784       9768       3272      25976    1202286   Grand Totals
     51128       1784       9768       1656      25976    1202286   ELF Image Totals (compressed)
     51128       1784       9768       1656          0          0   ROM Totals

==============================================================================

    Total RO  Size (Code + RO Data)                60896 (  59.47kB)
    Total RW  Size (RW Data + ZI Data)             29248 (  28.56kB)
    Total ROM Size (Code + RO Data + RW Data)      62552 (  61.09kB)

==============================================================================

