<!doctype html public "-//w3c//dtd html 4.0 transitional//en">
<html><head>
<title>Static Call Graph - [ST7789V\ST7789V.axf]</title></head>
<body><HR>
<H1>Static Call Graph for image ST7789V\ST7789V.axf</H1><HR>
<BR><P>#&#060CALLGRAPH&#062# ARM Linker, 5050106: Last Updated: Wed Apr 21 22:21:33 2021
<BR><P>
<H3>Maximum Stack Usage =        796 bytes + Unknown(Cycles, Untraceable Function Pointers)</H3><H3>
Call chain for Maximum Stack Depth:</H3>
lv_btnm_design &rArr; lv_draw_label &rArr; lv_draw_rect &rArr; lv_draw_shadow &rArr; lv_draw_shadow_full &rArr; lv_draw_shadow_full_straight &rArr; lv_draw_fill &rArr; sw_color_fill &rArr; lv_color_mix
<P>
<H3>
Mutually Recursive functions
</H3> <LI><a href="#[24]">ADC1_2_IRQHandler</a>&nbsp;&nbsp;&nbsp;&rArr;&nbsp;&nbsp;&nbsp;<a href="#[24]">ADC1_2_IRQHandler</a><BR>
 <LI><a href="#[c]">BusFault_Handler</a>&nbsp;&nbsp;&nbsp;&rArr;&nbsp;&nbsp;&nbsp;<a href="#[c]">BusFault_Handler</a><BR>
 <LI><a href="#[a]">HardFault_Handler</a>&nbsp;&nbsp;&nbsp;&rArr;&nbsp;&nbsp;&nbsp;<a href="#[a]">HardFault_Handler</a><BR>
 <LI><a href="#[b]">MemManage_Handler</a>&nbsp;&nbsp;&nbsp;&rArr;&nbsp;&nbsp;&nbsp;<a href="#[b]">MemManage_Handler</a><BR>
 <LI><a href="#[9]">NMI_Handler</a>&nbsp;&nbsp;&nbsp;&rArr;&nbsp;&nbsp;&nbsp;<a href="#[9]">NMI_Handler</a><BR>
 <LI><a href="#[d]">UsageFault_Handler</a>&nbsp;&nbsp;&nbsp;&rArr;&nbsp;&nbsp;&nbsp;<a href="#[d]">UsageFault_Handler</a><BR>
 <LI><a href="#[1c0]">lv_refr_obj</a>&nbsp;&nbsp;&nbsp;&rArr;&nbsp;&nbsp;&nbsp;<a href="#[1c0]">lv_refr_obj</a><BR>
 <LI><a href="#[1bc]">lv_refr_get_top_obj</a>&nbsp;&nbsp;&nbsp;&rArr;&nbsp;&nbsp;&nbsp;<a href="#[1bc]">lv_refr_get_top_obj</a><BR>
 <LI><a href="#[1a0]">lv_obj_get_screen</a>&nbsp;&nbsp;&nbsp;&rArr;&nbsp;&nbsp;&nbsp;<a href="#[1a0]">lv_obj_get_screen</a><BR>
 <LI><a href="#[1a7]">refresh_children_position</a>&nbsp;&nbsp;&nbsp;&rArr;&nbsp;&nbsp;&nbsp;<a href="#[1a7]">refresh_children_position</a><BR>
 <LI><a href="#[1a8]">refresh_children_style</a>&nbsp;&nbsp;&nbsp;&rArr;&nbsp;&nbsp;&nbsp;<a href="#[1a8]">refresh_children_style</a><BR>
 <LI><a href="#[165]">lv_event_send_func</a>&nbsp;&nbsp;&nbsp;&rArr;&nbsp;&nbsp;&nbsp;<a href="#[e3]">lv_event_send</a><BR>
</UL>
<P>
<H3>
Function Pointers
</H3><UL>
 <LI><a href="#[24]">ADC1_2_IRQHandler</a> from startup_stm32f103xe.o(.text) referenced from startup_stm32f103xe.o(RESET)
 <LI><a href="#[41]">ADC3_IRQHandler</a> from startup_stm32f103xe.o(.text) referenced from startup_stm32f103xe.o(RESET)
 <LI><a href="#[c]">BusFault_Handler</a> from stm32f1xx_it.o(i.BusFault_Handler) referenced from startup_stm32f103xe.o(RESET)
 <LI><a href="#[27]">CAN1_RX1_IRQHandler</a> from startup_stm32f103xe.o(.text) referenced from startup_stm32f103xe.o(RESET)
 <LI><a href="#[28]">CAN1_SCE_IRQHandler</a> from startup_stm32f103xe.o(.text) referenced from startup_stm32f103xe.o(RESET)
 <LI><a href="#[1d]">DMA1_Channel1_IRQHandler</a> from startup_stm32f103xe.o(.text) referenced from startup_stm32f103xe.o(RESET)
 <LI><a href="#[1e]">DMA1_Channel2_IRQHandler</a> from startup_stm32f103xe.o(.text) referenced from startup_stm32f103xe.o(RESET)
 <LI><a href="#[1f]">DMA1_Channel3_IRQHandler</a> from startup_stm32f103xe.o(.text) referenced from startup_stm32f103xe.o(RESET)
 <LI><a href="#[20]">DMA1_Channel4_IRQHandler</a> from startup_stm32f103xe.o(.text) referenced from startup_stm32f103xe.o(RESET)
 <LI><a href="#[21]">DMA1_Channel5_IRQHandler</a> from stm32f1xx_it.o(i.DMA1_Channel5_IRQHandler) referenced from startup_stm32f103xe.o(RESET)
 <LI><a href="#[22]">DMA1_Channel6_IRQHandler</a> from startup_stm32f103xe.o(.text) referenced from startup_stm32f103xe.o(RESET)
 <LI><a href="#[23]">DMA1_Channel7_IRQHandler</a> from startup_stm32f103xe.o(.text) referenced from startup_stm32f103xe.o(RESET)
 <LI><a href="#[4a]">DMA2_Channel1_IRQHandler</a> from startup_stm32f103xe.o(.text) referenced from startup_stm32f103xe.o(RESET)
 <LI><a href="#[4b]">DMA2_Channel2_IRQHandler</a> from startup_stm32f103xe.o(.text) referenced from startup_stm32f103xe.o(RESET)
 <LI><a href="#[4c]">DMA2_Channel3_IRQHandler</a> from startup_stm32f103xe.o(.text) referenced from startup_stm32f103xe.o(RESET)
 <LI><a href="#[4d]">DMA2_Channel4_5_IRQHandler</a> from startup_stm32f103xe.o(.text) referenced from startup_stm32f103xe.o(RESET)
 <LI><a href="#[f]">DebugMon_Handler</a> from stm32f1xx_it.o(i.DebugMon_Handler) referenced from startup_stm32f103xe.o(RESET)
 <LI><a href="#[18]">EXTI0_IRQHandler</a> from startup_stm32f103xe.o(.text) referenced from startup_stm32f103xe.o(RESET)
 <LI><a href="#[3a]">EXTI15_10_IRQHandler</a> from startup_stm32f103xe.o(.text) referenced from startup_stm32f103xe.o(RESET)
 <LI><a href="#[19]">EXTI1_IRQHandler</a> from startup_stm32f103xe.o(.text) referenced from startup_stm32f103xe.o(RESET)
 <LI><a href="#[1a]">EXTI2_IRQHandler</a> from startup_stm32f103xe.o(.text) referenced from startup_stm32f103xe.o(RESET)
 <LI><a href="#[1b]">EXTI3_IRQHandler</a> from startup_stm32f103xe.o(.text) referenced from startup_stm32f103xe.o(RESET)
 <LI><a href="#[1c]">EXTI4_IRQHandler</a> from startup_stm32f103xe.o(.text) referenced from startup_stm32f103xe.o(RESET)
 <LI><a href="#[29]">EXTI9_5_IRQHandler</a> from startup_stm32f103xe.o(.text) referenced from startup_stm32f103xe.o(RESET)
 <LI><a href="#[16]">FLASH_IRQHandler</a> from startup_stm32f103xe.o(.text) referenced from startup_stm32f103xe.o(RESET)
 <LI><a href="#[42]">FSMC_IRQHandler</a> from startup_stm32f103xe.o(.text) referenced from startup_stm32f103xe.o(RESET)
 <LI><a href="#[a]">HardFault_Handler</a> from stm32f1xx_it.o(i.HardFault_Handler) referenced from startup_stm32f103xe.o(RESET)
 <LI><a href="#[32]">I2C1_ER_IRQHandler</a> from startup_stm32f103xe.o(.text) referenced from startup_stm32f103xe.o(RESET)
 <LI><a href="#[31]">I2C1_EV_IRQHandler</a> from startup_stm32f103xe.o(.text) referenced from startup_stm32f103xe.o(RESET)
 <LI><a href="#[34]">I2C2_ER_IRQHandler</a> from startup_stm32f103xe.o(.text) referenced from startup_stm32f103xe.o(RESET)
 <LI><a href="#[33]">I2C2_EV_IRQHandler</a> from startup_stm32f103xe.o(.text) referenced from startup_stm32f103xe.o(RESET)
 <LI><a href="#[b]">MemManage_Handler</a> from stm32f1xx_it.o(i.MemManage_Handler) referenced from startup_stm32f103xe.o(RESET)
 <LI><a href="#[9]">NMI_Handler</a> from stm32f1xx_it.o(i.NMI_Handler) referenced from startup_stm32f103xe.o(RESET)
 <LI><a href="#[13]">PVD_IRQHandler</a> from startup_stm32f103xe.o(.text) referenced from startup_stm32f103xe.o(RESET)
 <LI><a href="#[10]">PendSV_Handler</a> from stm32f1xx_it.o(i.PendSV_Handler) referenced from startup_stm32f103xe.o(RESET)
 <LI><a href="#[17]">RCC_IRQHandler</a> from startup_stm32f103xe.o(.text) referenced from startup_stm32f103xe.o(RESET)
 <LI><a href="#[3b]">RTC_Alarm_IRQHandler</a> from startup_stm32f103xe.o(.text) referenced from startup_stm32f103xe.o(RESET)
 <LI><a href="#[15]">RTC_IRQHandler</a> from startup_stm32f103xe.o(.text) referenced from startup_stm32f103xe.o(RESET)
 <LI><a href="#[8]">Reset_Handler</a> from startup_stm32f103xe.o(.text) referenced from startup_stm32f103xe.o(RESET)
 <LI><a href="#[43]">SDIO_IRQHandler</a> from startup_stm32f103xe.o(.text) referenced from startup_stm32f103xe.o(RESET)
 <LI><a href="#[35]">SPI1_IRQHandler</a> from startup_stm32f103xe.o(.text) referenced from startup_stm32f103xe.o(RESET)
 <LI><a href="#[36]">SPI2_IRQHandler</a> from stm32f1xx_it.o(i.SPI2_IRQHandler) referenced from startup_stm32f103xe.o(RESET)
 <LI><a href="#[45]">SPI3_IRQHandler</a> from startup_stm32f103xe.o(.text) referenced from startup_stm32f103xe.o(RESET)
 <LI><a href="#[51]">SPI_DMAAbortOnError</a> from stm32f1xx_hal_spi.o(i.SPI_DMAAbortOnError) referenced from stm32f1xx_hal_spi.o(i.HAL_SPI_IRQHandler)
 <LI><a href="#[54]">SPI_DMAError</a> from stm32f1xx_hal_spi.o(i.SPI_DMAError) referenced from stm32f1xx_hal_spi.o(i.HAL_SPI_Transmit_DMA)
 <LI><a href="#[52]">SPI_DMAHalfTransmitCplt</a> from stm32f1xx_hal_spi.o(i.SPI_DMAHalfTransmitCplt) referenced from stm32f1xx_hal_spi.o(i.HAL_SPI_Transmit_DMA)
 <LI><a href="#[53]">SPI_DMATransmitCplt</a> from stm32f1xx_hal_spi.o(i.SPI_DMATransmitCplt) referenced from stm32f1xx_hal_spi.o(i.HAL_SPI_Transmit_DMA)
 <LI><a href="#[e]">SVC_Handler</a> from stm32f1xx_it.o(i.SVC_Handler) referenced from startup_stm32f103xe.o(RESET)
 <LI><a href="#[11]">SysTick_Handler</a> from stm32f1xx_it.o(i.SysTick_Handler) referenced from startup_stm32f103xe.o(RESET)
 <LI><a href="#[4f]">SystemInit</a> from system_stm32f1xx.o(i.SystemInit) referenced from startup_stm32f103xe.o(.text)
 <LI><a href="#[14]">TAMPER_IRQHandler</a> from startup_stm32f103xe.o(.text) referenced from startup_stm32f103xe.o(RESET)
 <LI><a href="#[2a]">TIM1_BRK_IRQHandler</a> from startup_stm32f103xe.o(.text) referenced from startup_stm32f103xe.o(RESET)
 <LI><a href="#[2d]">TIM1_CC_IRQHandler</a> from startup_stm32f103xe.o(.text) referenced from startup_stm32f103xe.o(RESET)
 <LI><a href="#[2c]">TIM1_TRG_COM_IRQHandler</a> from startup_stm32f103xe.o(.text) referenced from startup_stm32f103xe.o(RESET)
 <LI><a href="#[2b]">TIM1_UP_IRQHandler</a> from startup_stm32f103xe.o(.text) referenced from startup_stm32f103xe.o(RESET)
 <LI><a href="#[2e]">TIM2_IRQHandler</a> from startup_stm32f103xe.o(.text) referenced from startup_stm32f103xe.o(RESET)
 <LI><a href="#[2f]">TIM3_IRQHandler</a> from startup_stm32f103xe.o(.text) referenced from startup_stm32f103xe.o(RESET)
 <LI><a href="#[30]">TIM4_IRQHandler</a> from startup_stm32f103xe.o(.text) referenced from startup_stm32f103xe.o(RESET)
 <LI><a href="#[44]">TIM5_IRQHandler</a> from startup_stm32f103xe.o(.text) referenced from startup_stm32f103xe.o(RESET)
 <LI><a href="#[48]">TIM6_IRQHandler</a> from stm32f1xx_it.o(i.TIM6_IRQHandler) referenced from startup_stm32f103xe.o(RESET)
 <LI><a href="#[49]">TIM7_IRQHandler</a> from startup_stm32f103xe.o(.text) referenced from startup_stm32f103xe.o(RESET)
 <LI><a href="#[3d]">TIM8_BRK_IRQHandler</a> from startup_stm32f103xe.o(.text) referenced from startup_stm32f103xe.o(RESET)
 <LI><a href="#[40]">TIM8_CC_IRQHandler</a> from startup_stm32f103xe.o(.text) referenced from startup_stm32f103xe.o(RESET)
 <LI><a href="#[3f]">TIM8_TRG_COM_IRQHandler</a> from startup_stm32f103xe.o(.text) referenced from startup_stm32f103xe.o(RESET)
 <LI><a href="#[3e]">TIM8_UP_IRQHandler</a> from startup_stm32f103xe.o(.text) referenced from startup_stm32f103xe.o(RESET)
 <LI><a href="#[46]">UART4_IRQHandler</a> from startup_stm32f103xe.o(.text) referenced from startup_stm32f103xe.o(RESET)
 <LI><a href="#[47]">UART5_IRQHandler</a> from startup_stm32f103xe.o(.text) referenced from startup_stm32f103xe.o(RESET)
 <LI><a href="#[37]">USART1_IRQHandler</a> from startup_stm32f103xe.o(.text) referenced from startup_stm32f103xe.o(RESET)
 <LI><a href="#[38]">USART2_IRQHandler</a> from startup_stm32f103xe.o(.text) referenced from startup_stm32f103xe.o(RESET)
 <LI><a href="#[39]">USART3_IRQHandler</a> from startup_stm32f103xe.o(.text) referenced from startup_stm32f103xe.o(RESET)
 <LI><a href="#[3c]">USBWakeUp_IRQHandler</a> from startup_stm32f103xe.o(.text) referenced from startup_stm32f103xe.o(RESET)
 <LI><a href="#[25]">USB_HP_CAN1_TX_IRQHandler</a> from startup_stm32f103xe.o(.text) referenced from startup_stm32f103xe.o(RESET)
 <LI><a href="#[26]">USB_LP_CAN1_RX0_IRQHandler</a> from startup_stm32f103xe.o(.text) referenced from startup_stm32f103xe.o(RESET)
 <LI><a href="#[d]">UsageFault_Handler</a> from stm32f1xx_it.o(i.UsageFault_Handler) referenced from startup_stm32f103xe.o(RESET)
 <LI><a href="#[12]">WWDG_IRQHandler</a> from startup_stm32f103xe.o(.text) referenced from startup_stm32f103xe.o(RESET)
 <LI><a href="#[50]">__main</a> from entry.o(.ARM.Collect$$$$00000000) referenced from startup_stm32f103xe.o(.text)
 <LI><a href="#[59]">anim_task</a> from lv_anim.o(i.anim_task) referenced from lv_anim.o(i.lv_anim_core_init)
 <LI><a href="#[78]">disp_flush</a> from lv_port_disp.o(i.disp_flush) referenced from lv_port_disp.o(i.lv_port_disp_init)
 <LI><a href="#[76]">edge_flash_anim</a> from lv_page.o(i.edge_flash_anim) referenced from lv_page.o(i.lv_page_start_edge_flash)
 <LI><a href="#[77]">edge_flash_anim_end</a> from lv_page.o(i.edge_flash_anim_end) referenced from lv_page.o(i.lv_page_start_edge_flash)
 <LI><a href="#[55]">event_handler</a> from gui_test.o(i.event_handler) referenced from gui_test.o(i.example_test)
 <LI><a href="#[58]">kern_pair_16_compare</a> from lv_font_fmt_txt.o(i.kern_pair_16_compare) referenced from lv_font_fmt_txt.o(i.get_kern_value)
 <LI><a href="#[57]">kern_pair_8_compare</a> from lv_font_fmt_txt.o(i.kern_pair_8_compare) referenced from lv_font_fmt_txt.o(i.get_kern_value)
 <LI><a href="#[6a]">lv_anim_path_linear</a> from lv_anim.o(i.lv_anim_path_linear) referenced from lv_label.o(i.lv_label_refr_text)
 <LI><a href="#[6a]">lv_anim_path_linear</a> from lv_anim.o(i.lv_anim_path_linear) referenced from lv_page.o(i.lv_page_scroll_hor)
 <LI><a href="#[6a]">lv_anim_path_linear</a> from lv_anim.o(i.lv_anim_path_linear) referenced from lv_page.o(i.lv_page_scroll_ver)
 <LI><a href="#[6a]">lv_anim_path_linear</a> from lv_anim.o(i.lv_anim_path_linear) referenced from lv_page.o(i.lv_page_start_edge_flash)
 <LI><a href="#[6a]">lv_anim_path_linear</a> from lv_anim.o(i.lv_anim_path_linear) referenced from lv_tabview.o(i.lv_tabview_set_tab_act)
 <LI><a href="#[5b]">lv_btn_design</a> from lv_btn.o(i.lv_btn_design) referenced from lv_btn.o(i.lv_btn_create)
 <LI><a href="#[5a]">lv_btn_signal</a> from lv_btn.o(i.lv_btn_signal) referenced from lv_btn.o(i.lv_btn_create)
 <LI><a href="#[5d]">lv_btnm_design</a> from lv_btnm.o(i.lv_btnm_design) referenced from lv_btnm.o(i.lv_btnm_create)
 <LI><a href="#[5c]">lv_btnm_signal</a> from lv_btnm.o(i.lv_btnm_signal) referenced from lv_btnm.o(i.lv_btnm_create)
 <LI><a href="#[5e]">lv_cont_signal</a> from lv_cont.o(i.lv_cont_signal) referenced from lv_cont.o(i.lv_cont_create)
 <LI><a href="#[5f]">lv_disp_refr_task</a> from lv_refr.o(i.lv_disp_refr_task) referenced from lv_hal_disp.o(i.lv_disp_drv_register)
 <LI><a href="#[1]">lv_font_get_bitmap_fmt_txt</a> from lv_font_fmt_txt.o(i.lv_font_get_bitmap_fmt_txt) referenced 2 times from lv_font_roboto_16.o(.data)
 <LI><a href="#[0]">lv_font_get_glyph_dsc_fmt_txt</a> from lv_font_fmt_txt.o(i.lv_font_get_glyph_dsc_fmt_txt) referenced 2 times from lv_font_roboto_16.o(.data)
 <LI><a href="#[67]">lv_img_decoder_built_in_close</a> from lv_img_decoder.o(i.lv_img_decoder_built_in_close) referenced from lv_img_decoder.o(i.lv_img_decoder_init)
 <LI><a href="#[64]">lv_img_decoder_built_in_info</a> from lv_img_decoder.o(i.lv_img_decoder_built_in_info) referenced from lv_img_decoder.o(i.lv_img_decoder_init)
 <LI><a href="#[65]">lv_img_decoder_built_in_open</a> from lv_img_decoder.o(i.lv_img_decoder_built_in_open) referenced from lv_img_decoder.o(i.lv_img_decoder_init)
 <LI><a href="#[66]">lv_img_decoder_built_in_read_line</a> from lv_img_decoder.o(i.lv_img_decoder_built_in_read_line) referenced from lv_img_decoder.o(i.lv_img_decoder_init)
 <LI><a href="#[68]">lv_label_design</a> from lv_label.o(i.lv_label_design) referenced from lv_label.o(i.lv_label_create)
 <LI><a href="#[6b]">lv_label_set_offset_x</a> from lv_label.o(i.lv_label_set_offset_x) referenced from lv_label.o(i.lv_label_refr_text)
 <LI><a href="#[6b]">lv_label_set_offset_x</a> from lv_label.o(i.lv_label_set_offset_x) referenced from lv_label.o(i.lv_label_set_long_mode)
 <LI><a href="#[6c]">lv_label_set_offset_y</a> from lv_label.o(i.lv_label_set_offset_y) referenced from lv_label.o(i.lv_label_refr_text)
 <LI><a href="#[6c]">lv_label_set_offset_y</a> from lv_label.o(i.lv_label_set_offset_y) referenced from lv_label.o(i.lv_label_set_long_mode)
 <LI><a href="#[69]">lv_label_signal</a> from lv_label.o(i.lv_label_signal) referenced from lv_label.o(i.lv_label_create)
 <LI><a href="#[61]">lv_ll_get_head</a> from lv_ll.o(i.lv_ll_get_head) referenced from lv_group.o(i.lv_group_focus_next)
 <LI><a href="#[60]">lv_ll_get_next</a> from lv_ll.o(i.lv_ll_get_next) referenced from lv_group.o(i.lv_group_focus_next)
 <LI><a href="#[62]">lv_ll_get_prev</a> from lv_ll.o(i.lv_ll_get_prev) referenced from lv_group.o(i.lv_group_focus_prev)
 <LI><a href="#[63]">lv_ll_get_tail</a> from lv_ll.o(i.lv_ll_get_tail) referenced from lv_group.o(i.lv_group_focus_prev)
 <LI><a href="#[70]">lv_obj_design</a> from lv_obj.o(i.lv_obj_design) referenced from lv_obj.o(i.lv_obj_create)
 <LI><a href="#[6d]">lv_obj_set_x</a> from lv_obj.o(i.lv_obj_set_x) referenced from lv_label.o(i.lv_label_set_long_mode)
 <LI><a href="#[6d]">lv_obj_set_x</a> from lv_obj.o(i.lv_obj_set_x) referenced from lv_page.o(i.lv_page_scroll_hor)
 <LI><a href="#[6d]">lv_obj_set_x</a> from lv_obj.o(i.lv_obj_set_x) referenced from lv_tabview.o(i.lv_tabview_set_tab_act)
 <LI><a href="#[6e]">lv_obj_set_y</a> from lv_obj.o(i.lv_obj_set_y) referenced from lv_label.o(i.lv_label_set_long_mode)
 <LI><a href="#[6e]">lv_obj_set_y</a> from lv_obj.o(i.lv_obj_set_y) referenced from lv_page.o(i.lv_page_scroll_ver)
 <LI><a href="#[6e]">lv_obj_set_y</a> from lv_obj.o(i.lv_obj_set_y) referenced from lv_tabview.o(i.lv_tabview_set_tab_act)
 <LI><a href="#[6f]">lv_obj_signal</a> from lv_obj.o(i.lv_obj_signal) referenced from lv_obj.o(i.lv_obj_create)
 <LI><a href="#[73]">lv_page_design</a> from lv_page.o(i.lv_page_design) referenced from lv_page.o(i.lv_page_create)
 <LI><a href="#[71]">lv_page_scrollable_signal</a> from lv_page.o(i.lv_page_scrollable_signal) referenced from lv_page.o(i.lv_page_create)
 <LI><a href="#[72]">lv_page_signal</a> from lv_page.o(i.lv_page_signal) referenced from lv_page.o(i.lv_page_create)
 <LI><a href="#[74]">lv_scrl_design</a> from lv_page.o(i.lv_scrl_design) referenced from lv_page.o(i.lv_page_create)
 <LI><a href="#[7b]">lv_tabview_signal</a> from lv_tabview.o(i.lv_tabview_signal) referenced from lv_tabview.o(i.lv_tabview_create)
 <LI><a href="#[5]">lv_txt_utf8_get_byte_id</a> from lv_txt.o(i.lv_txt_utf8_get_byte_id) referenced 2 times from lv_txt.o(.data)
 <LI><a href="#[6]">lv_txt_utf8_get_char_id</a> from lv_txt.o(i.lv_txt_utf8_get_char_id) referenced 2 times from lv_txt.o(.data)
 <LI><a href="#[7]">lv_txt_utf8_get_length</a> from lv_txt.o(i.lv_txt_utf8_get_length) referenced 2 times from lv_txt.o(.data)
 <LI><a href="#[3]">lv_txt_utf8_next</a> from lv_txt.o(i.lv_txt_utf8_next) referenced 2 times from lv_txt.o(.data)
 <LI><a href="#[4]">lv_txt_utf8_prev</a> from lv_txt.o(i.lv_txt_utf8_prev) referenced 2 times from lv_txt.o(.data)
 <LI><a href="#[2]">lv_txt_utf8_size</a> from lv_txt.o(i.lv_txt_utf8_size) referenced 2 times from lv_txt.o(.data)
 <LI><a href="#[4e]">main</a> from main.o(i.main) referenced from entry9a.o(.ARM.Collect$$$$0000000B)
 <LI><a href="#[75]">scrl_def_event_cb</a> from lv_page.o(i.scrl_def_event_cb) referenced from lv_page.o(i.lv_page_create)
 <LI><a href="#[7c]">tab_btnm_event_cb</a> from lv_tabview.o(i.tab_btnm_event_cb) referenced from lv_tabview.o(i.lv_tabview_create)
 <LI><a href="#[7a]">tabpage_scrl_signal</a> from lv_tabview.o(i.tabpage_scrl_signal) referenced from lv_tabview.o(i.lv_tabview_add_tab)
 <LI><a href="#[79]">tabpage_signal</a> from lv_tabview.o(i.tabpage_signal) referenced from lv_tabview.o(i.lv_tabview_add_tab)
 <LI><a href="#[79]">tabpage_signal</a> from lv_tabview.o(i.tabpage_signal) referenced from lv_tabview.o(i.tabview_realign)
 <LI><a href="#[56]">unicode_list_compare</a> from lv_font_fmt_txt.o(i.unicode_list_compare) referenced from lv_font_fmt_txt.o(i.get_glyph_dsc_id)
</UL>
<P>
<H3>
Global Symbols
</H3>
<P><STRONG><a name="[50]"></a>__main</STRONG> (Thumb, 0 bytes, Stack size unknown bytes, entry.o(.ARM.Collect$$$$00000000))
<BR>[Address Reference Count : 1]<UL><LI> startup_stm32f103xe.o(.text)
</UL>
<P><STRONG><a name="[1d3]"></a>_main_stk</STRONG> (Thumb, 0 bytes, Stack size unknown bytes, entry2.o(.ARM.Collect$$$$00000001))

<P><STRONG><a name="[7d]"></a>_main_scatterload</STRONG> (Thumb, 0 bytes, Stack size unknown bytes, entry5.o(.ARM.Collect$$$$00000004))
<BR><BR>[Calls]<UL><LI><a href="#[7e]">&gt;&gt;</a>&nbsp;&nbsp;&nbsp;__scatterload
</UL>

<P><STRONG><a name="[82]"></a>__main_after_scatterload</STRONG> (Thumb, 0 bytes, Stack size unknown bytes, entry5.o(.ARM.Collect$$$$00000004))
<BR><BR>[Called By]<UL><LI><a href="#[7e]">&gt;&gt;</a>&nbsp;&nbsp;&nbsp;__scatterload
</UL>

<P><STRONG><a name="[1d4]"></a>_main_clock</STRONG> (Thumb, 0 bytes, Stack size unknown bytes, entry7b.o(.ARM.Collect$$$$00000008))

<P><STRONG><a name="[1d5]"></a>_main_cpp_init</STRONG> (Thumb, 0 bytes, Stack size unknown bytes, entry8b.o(.ARM.Collect$$$$0000000A))

<P><STRONG><a name="[1d6]"></a>_main_init</STRONG> (Thumb, 0 bytes, Stack size unknown bytes, entry9a.o(.ARM.Collect$$$$0000000B))

<P><STRONG><a name="[1d7]"></a>__rt_final_cpp</STRONG> (Thumb, 0 bytes, Stack size unknown bytes, entry10a.o(.ARM.Collect$$$$0000000D))

<P><STRONG><a name="[1d8]"></a>__rt_final_exit</STRONG> (Thumb, 0 bytes, Stack size unknown bytes, entry11a.o(.ARM.Collect$$$$0000000F))

<P><STRONG><a name="[8]"></a>Reset_Handler</STRONG> (Thumb, 8 bytes, Stack size 0 bytes, startup_stm32f103xe.o(.text))
<BR>[Address Reference Count : 1]<UL><LI> startup_stm32f103xe.o(RESET)
</UL>
<P><STRONG><a name="[24]"></a>ADC1_2_IRQHandler</STRONG> (Thumb, 0 bytes, Stack size 0 bytes, startup_stm32f103xe.o(.text))
<BR><BR>[Calls]<UL><LI><a href="#[24]">&gt;&gt;</a>&nbsp;&nbsp;&nbsp;ADC1_2_IRQHandler
</UL>
<BR>[Called By]<UL><LI><a href="#[24]">&gt;&gt;</a>&nbsp;&nbsp;&nbsp;ADC1_2_IRQHandler
</UL>
<BR>[Address Reference Count : 1]<UL><LI> startup_stm32f103xe.o(RESET)
</UL>
<P><STRONG><a name="[41]"></a>ADC3_IRQHandler</STRONG> (Thumb, 0 bytes, Stack size 0 bytes, startup_stm32f103xe.o(.text))
<BR>[Address Reference Count : 1]<UL><LI> startup_stm32f103xe.o(RESET)
</UL>
<P><STRONG><a name="[27]"></a>CAN1_RX1_IRQHandler</STRONG> (Thumb, 0 bytes, Stack size 0 bytes, startup_stm32f103xe.o(.text))
<BR>[Address Reference Count : 1]<UL><LI> startup_stm32f103xe.o(RESET)
</UL>
<P><STRONG><a name="[28]"></a>CAN1_SCE_IRQHandler</STRONG> (Thumb, 0 bytes, Stack size 0 bytes, startup_stm32f103xe.o(.text))
<BR>[Address Reference Count : 1]<UL><LI> startup_stm32f103xe.o(RESET)
</UL>
<P><STRONG><a name="[1d]"></a>DMA1_Channel1_IRQHandler</STRONG> (Thumb, 0 bytes, Stack size 0 bytes, startup_stm32f103xe.o(.text))
<BR>[Address Reference Count : 1]<UL><LI> startup_stm32f103xe.o(RESET)
</UL>
<P><STRONG><a name="[1e]"></a>DMA1_Channel2_IRQHandler</STRONG> (Thumb, 0 bytes, Stack size 0 bytes, startup_stm32f103xe.o(.text))
<BR>[Address Reference Count : 1]<UL><LI> startup_stm32f103xe.o(RESET)
</UL>
<P><STRONG><a name="[1f]"></a>DMA1_Channel3_IRQHandler</STRONG> (Thumb, 0 bytes, Stack size 0 bytes, startup_stm32f103xe.o(.text))
<BR>[Address Reference Count : 1]<UL><LI> startup_stm32f103xe.o(RESET)
</UL>
<P><STRONG><a name="[20]"></a>DMA1_Channel4_IRQHandler</STRONG> (Thumb, 0 bytes, Stack size 0 bytes, startup_stm32f103xe.o(.text))
<BR>[Address Reference Count : 1]<UL><LI> startup_stm32f103xe.o(RESET)
</UL>
<P><STRONG><a name="[22]"></a>DMA1_Channel6_IRQHandler</STRONG> (Thumb, 0 bytes, Stack size 0 bytes, startup_stm32f103xe.o(.text))
<BR>[Address Reference Count : 1]<UL><LI> startup_stm32f103xe.o(RESET)
</UL>
<P><STRONG><a name="[23]"></a>DMA1_Channel7_IRQHandler</STRONG> (Thumb, 0 bytes, Stack size 0 bytes, startup_stm32f103xe.o(.text))
<BR>[Address Reference Count : 1]<UL><LI> startup_stm32f103xe.o(RESET)
</UL>
<P><STRONG><a name="[4a]"></a>DMA2_Channel1_IRQHandler</STRONG> (Thumb, 0 bytes, Stack size 0 bytes, startup_stm32f103xe.o(.text))
<BR>[Address Reference Count : 1]<UL><LI> startup_stm32f103xe.o(RESET)
</UL>
<P><STRONG><a name="[4b]"></a>DMA2_Channel2_IRQHandler</STRONG> (Thumb, 0 bytes, Stack size 0 bytes, startup_stm32f103xe.o(.text))
<BR>[Address Reference Count : 1]<UL><LI> startup_stm32f103xe.o(RESET)
</UL>
<P><STRONG><a name="[4c]"></a>DMA2_Channel3_IRQHandler</STRONG> (Thumb, 0 bytes, Stack size 0 bytes, startup_stm32f103xe.o(.text))
<BR>[Address Reference Count : 1]<UL><LI> startup_stm32f103xe.o(RESET)
</UL>
<P><STRONG><a name="[4d]"></a>DMA2_Channel4_5_IRQHandler</STRONG> (Thumb, 0 bytes, Stack size 0 bytes, startup_stm32f103xe.o(.text))
<BR>[Address Reference Count : 1]<UL><LI> startup_stm32f103xe.o(RESET)
</UL>
<P><STRONG><a name="[18]"></a>EXTI0_IRQHandler</STRONG> (Thumb, 0 bytes, Stack size 0 bytes, startup_stm32f103xe.o(.text))
<BR>[Address Reference Count : 1]<UL><LI> startup_stm32f103xe.o(RESET)
</UL>
<P><STRONG><a name="[3a]"></a>EXTI15_10_IRQHandler</STRONG> (Thumb, 0 bytes, Stack size 0 bytes, startup_stm32f103xe.o(.text))
<BR>[Address Reference Count : 1]<UL><LI> startup_stm32f103xe.o(RESET)
</UL>
<P><STRONG><a name="[19]"></a>EXTI1_IRQHandler</STRONG> (Thumb, 0 bytes, Stack size 0 bytes, startup_stm32f103xe.o(.text))
<BR>[Address Reference Count : 1]<UL><LI> startup_stm32f103xe.o(RESET)
</UL>
<P><STRONG><a name="[1a]"></a>EXTI2_IRQHandler</STRONG> (Thumb, 0 bytes, Stack size 0 bytes, startup_stm32f103xe.o(.text))
<BR>[Address Reference Count : 1]<UL><LI> startup_stm32f103xe.o(RESET)
</UL>
<P><STRONG><a name="[1b]"></a>EXTI3_IRQHandler</STRONG> (Thumb, 0 bytes, Stack size 0 bytes, startup_stm32f103xe.o(.text))
<BR>[Address Reference Count : 1]<UL><LI> startup_stm32f103xe.o(RESET)
</UL>
<P><STRONG><a name="[1c]"></a>EXTI4_IRQHandler</STRONG> (Thumb, 0 bytes, Stack size 0 bytes, startup_stm32f103xe.o(.text))
<BR>[Address Reference Count : 1]<UL><LI> startup_stm32f103xe.o(RESET)
</UL>
<P><STRONG><a name="[29]"></a>EXTI9_5_IRQHandler</STRONG> (Thumb, 0 bytes, Stack size 0 bytes, startup_stm32f103xe.o(.text))
<BR>[Address Reference Count : 1]<UL><LI> startup_stm32f103xe.o(RESET)
</UL>
<P><STRONG><a name="[16]"></a>FLASH_IRQHandler</STRONG> (Thumb, 0 bytes, Stack size 0 bytes, startup_stm32f103xe.o(.text))
<BR>[Address Reference Count : 1]<UL><LI> startup_stm32f103xe.o(RESET)
</UL>
<P><STRONG><a name="[42]"></a>FSMC_IRQHandler</STRONG> (Thumb, 0 bytes, Stack size 0 bytes, startup_stm32f103xe.o(.text))
<BR>[Address Reference Count : 1]<UL><LI> startup_stm32f103xe.o(RESET)
</UL>
<P><STRONG><a name="[32]"></a>I2C1_ER_IRQHandler</STRONG> (Thumb, 0 bytes, Stack size 0 bytes, startup_stm32f103xe.o(.text))
<BR>[Address Reference Count : 1]<UL><LI> startup_stm32f103xe.o(RESET)
</UL>
<P><STRONG><a name="[31]"></a>I2C1_EV_IRQHandler</STRONG> (Thumb, 0 bytes, Stack size 0 bytes, startup_stm32f103xe.o(.text))
<BR>[Address Reference Count : 1]<UL><LI> startup_stm32f103xe.o(RESET)
</UL>
<P><STRONG><a name="[34]"></a>I2C2_ER_IRQHandler</STRONG> (Thumb, 0 bytes, Stack size 0 bytes, startup_stm32f103xe.o(.text))
<BR>[Address Reference Count : 1]<UL><LI> startup_stm32f103xe.o(RESET)
</UL>
<P><STRONG><a name="[33]"></a>I2C2_EV_IRQHandler</STRONG> (Thumb, 0 bytes, Stack size 0 bytes, startup_stm32f103xe.o(.text))
<BR>[Address Reference Count : 1]<UL><LI> startup_stm32f103xe.o(RESET)
</UL>
<P><STRONG><a name="[13]"></a>PVD_IRQHandler</STRONG> (Thumb, 0 bytes, Stack size 0 bytes, startup_stm32f103xe.o(.text))
<BR>[Address Reference Count : 1]<UL><LI> startup_stm32f103xe.o(RESET)
</UL>
<P><STRONG><a name="[17]"></a>RCC_IRQHandler</STRONG> (Thumb, 0 bytes, Stack size 0 bytes, startup_stm32f103xe.o(.text))
<BR>[Address Reference Count : 1]<UL><LI> startup_stm32f103xe.o(RESET)
</UL>
<P><STRONG><a name="[3b]"></a>RTC_Alarm_IRQHandler</STRONG> (Thumb, 0 bytes, Stack size 0 bytes, startup_stm32f103xe.o(.text))
<BR>[Address Reference Count : 1]<UL><LI> startup_stm32f103xe.o(RESET)
</UL>
<P><STRONG><a name="[15]"></a>RTC_IRQHandler</STRONG> (Thumb, 0 bytes, Stack size 0 bytes, startup_stm32f103xe.o(.text))
<BR>[Address Reference Count : 1]<UL><LI> startup_stm32f103xe.o(RESET)
</UL>
<P><STRONG><a name="[43]"></a>SDIO_IRQHandler</STRONG> (Thumb, 0 bytes, Stack size 0 bytes, startup_stm32f103xe.o(.text))
<BR>[Address Reference Count : 1]<UL><LI> startup_stm32f103xe.o(RESET)
</UL>
<P><STRONG><a name="[35]"></a>SPI1_IRQHandler</STRONG> (Thumb, 0 bytes, Stack size 0 bytes, startup_stm32f103xe.o(.text))
<BR>[Address Reference Count : 1]<UL><LI> startup_stm32f103xe.o(RESET)
</UL>
<P><STRONG><a name="[45]"></a>SPI3_IRQHandler</STRONG> (Thumb, 0 bytes, Stack size 0 bytes, startup_stm32f103xe.o(.text))
<BR>[Address Reference Count : 1]<UL><LI> startup_stm32f103xe.o(RESET)
</UL>
<P><STRONG><a name="[14]"></a>TAMPER_IRQHandler</STRONG> (Thumb, 0 bytes, Stack size 0 bytes, startup_stm32f103xe.o(.text))
<BR>[Address Reference Count : 1]<UL><LI> startup_stm32f103xe.o(RESET)
</UL>
<P><STRONG><a name="[2a]"></a>TIM1_BRK_IRQHandler</STRONG> (Thumb, 0 bytes, Stack size 0 bytes, startup_stm32f103xe.o(.text))
<BR>[Address Reference Count : 1]<UL><LI> startup_stm32f103xe.o(RESET)
</UL>
<P><STRONG><a name="[2d]"></a>TIM1_CC_IRQHandler</STRONG> (Thumb, 0 bytes, Stack size 0 bytes, startup_stm32f103xe.o(.text))
<BR>[Address Reference Count : 1]<UL><LI> startup_stm32f103xe.o(RESET)
</UL>
<P><STRONG><a name="[2c]"></a>TIM1_TRG_COM_IRQHandler</STRONG> (Thumb, 0 bytes, Stack size 0 bytes, startup_stm32f103xe.o(.text))
<BR>[Address Reference Count : 1]<UL><LI> startup_stm32f103xe.o(RESET)
</UL>
<P><STRONG><a name="[2b]"></a>TIM1_UP_IRQHandler</STRONG> (Thumb, 0 bytes, Stack size 0 bytes, startup_stm32f103xe.o(.text))
<BR>[Address Reference Count : 1]<UL><LI> startup_stm32f103xe.o(RESET)
</UL>
<P><STRONG><a name="[2e]"></a>TIM2_IRQHandler</STRONG> (Thumb, 0 bytes, Stack size 0 bytes, startup_stm32f103xe.o(.text))
<BR>[Address Reference Count : 1]<UL><LI> startup_stm32f103xe.o(RESET)
</UL>
<P><STRONG><a name="[2f]"></a>TIM3_IRQHandler</STRONG> (Thumb, 0 bytes, Stack size 0 bytes, startup_stm32f103xe.o(.text))
<BR>[Address Reference Count : 1]<UL><LI> startup_stm32f103xe.o(RESET)
</UL>
<P><STRONG><a name="[30]"></a>TIM4_IRQHandler</STRONG> (Thumb, 0 bytes, Stack size 0 bytes, startup_stm32f103xe.o(.text))
<BR>[Address Reference Count : 1]<UL><LI> startup_stm32f103xe.o(RESET)
</UL>
<P><STRONG><a name="[44]"></a>TIM5_IRQHandler</STRONG> (Thumb, 0 bytes, Stack size 0 bytes, startup_stm32f103xe.o(.text))
<BR>[Address Reference Count : 1]<UL><LI> startup_stm32f103xe.o(RESET)
</UL>
<P><STRONG><a name="[49]"></a>TIM7_IRQHandler</STRONG> (Thumb, 0 bytes, Stack size 0 bytes, startup_stm32f103xe.o(.text))
<BR>[Address Reference Count : 1]<UL><LI> startup_stm32f103xe.o(RESET)
</UL>
<P><STRONG><a name="[3d]"></a>TIM8_BRK_IRQHandler</STRONG> (Thumb, 0 bytes, Stack size 0 bytes, startup_stm32f103xe.o(.text))
<BR>[Address Reference Count : 1]<UL><LI> startup_stm32f103xe.o(RESET)
</UL>
<P><STRONG><a name="[40]"></a>TIM8_CC_IRQHandler</STRONG> (Thumb, 0 bytes, Stack size 0 bytes, startup_stm32f103xe.o(.text))
<BR>[Address Reference Count : 1]<UL><LI> startup_stm32f103xe.o(RESET)
</UL>
<P><STRONG><a name="[3f]"></a>TIM8_TRG_COM_IRQHandler</STRONG> (Thumb, 0 bytes, Stack size 0 bytes, startup_stm32f103xe.o(.text))
<BR>[Address Reference Count : 1]<UL><LI> startup_stm32f103xe.o(RESET)
</UL>
<P><STRONG><a name="[3e]"></a>TIM8_UP_IRQHandler</STRONG> (Thumb, 0 bytes, Stack size 0 bytes, startup_stm32f103xe.o(.text))
<BR>[Address Reference Count : 1]<UL><LI> startup_stm32f103xe.o(RESET)
</UL>
<P><STRONG><a name="[46]"></a>UART4_IRQHandler</STRONG> (Thumb, 0 bytes, Stack size 0 bytes, startup_stm32f103xe.o(.text))
<BR>[Address Reference Count : 1]<UL><LI> startup_stm32f103xe.o(RESET)
</UL>
<P><STRONG><a name="[47]"></a>UART5_IRQHandler</STRONG> (Thumb, 0 bytes, Stack size 0 bytes, startup_stm32f103xe.o(.text))
<BR>[Address Reference Count : 1]<UL><LI> startup_stm32f103xe.o(RESET)
</UL>
<P><STRONG><a name="[37]"></a>USART1_IRQHandler</STRONG> (Thumb, 0 bytes, Stack size 0 bytes, startup_stm32f103xe.o(.text))
<BR>[Address Reference Count : 1]<UL><LI> startup_stm32f103xe.o(RESET)
</UL>
<P><STRONG><a name="[38]"></a>USART2_IRQHandler</STRONG> (Thumb, 0 bytes, Stack size 0 bytes, startup_stm32f103xe.o(.text))
<BR>[Address Reference Count : 1]<UL><LI> startup_stm32f103xe.o(RESET)
</UL>
<P><STRONG><a name="[39]"></a>USART3_IRQHandler</STRONG> (Thumb, 0 bytes, Stack size 0 bytes, startup_stm32f103xe.o(.text))
<BR>[Address Reference Count : 1]<UL><LI> startup_stm32f103xe.o(RESET)
</UL>
<P><STRONG><a name="[3c]"></a>USBWakeUp_IRQHandler</STRONG> (Thumb, 0 bytes, Stack size 0 bytes, startup_stm32f103xe.o(.text))
<BR>[Address Reference Count : 1]<UL><LI> startup_stm32f103xe.o(RESET)
</UL>
<P><STRONG><a name="[25]"></a>USB_HP_CAN1_TX_IRQHandler</STRONG> (Thumb, 0 bytes, Stack size 0 bytes, startup_stm32f103xe.o(.text))
<BR>[Address Reference Count : 1]<UL><LI> startup_stm32f103xe.o(RESET)
</UL>
<P><STRONG><a name="[26]"></a>USB_LP_CAN1_RX0_IRQHandler</STRONG> (Thumb, 0 bytes, Stack size 0 bytes, startup_stm32f103xe.o(.text))
<BR>[Address Reference Count : 1]<UL><LI> startup_stm32f103xe.o(RESET)
</UL>
<P><STRONG><a name="[12]"></a>WWDG_IRQHandler</STRONG> (Thumb, 0 bytes, Stack size 0 bytes, startup_stm32f103xe.o(.text))
<BR>[Address Reference Count : 1]<UL><LI> startup_stm32f103xe.o(RESET)
</UL>
<P><STRONG><a name="[141]"></a>__aeabi_memcpy</STRONG> (Thumb, 36 bytes, Stack size 0 bytes, memcpya.o(.text))
<BR><BR>[Called By]<UL><LI><a href="#[148]">&gt;&gt;</a>&nbsp;&nbsp;&nbsp;sw_color_fill
<LI><a href="#[5f]">&gt;&gt;</a>&nbsp;&nbsp;&nbsp;lv_disp_refr_task
<LI><a href="#[14a]">&gt;&gt;</a>&nbsp;&nbsp;&nbsp;lv_mem_realloc
<LI><a href="#[196]">&gt;&gt;</a>&nbsp;&nbsp;&nbsp;node_set_prev
<LI><a href="#[197]">&gt;&gt;</a>&nbsp;&nbsp;&nbsp;node_set_next
<LI><a href="#[dd]">&gt;&gt;</a>&nbsp;&nbsp;&nbsp;lv_label_create
<LI><a href="#[18b]">&gt;&gt;</a>&nbsp;&nbsp;&nbsp;lv_label_set_dot_tmp
</UL>

<P><STRONG><a name="[c9]"></a>__aeabi_memcpy4</STRONG> (Thumb, 0 bytes, Stack size 0 bytes, memcpya.o(.text))
<BR><BR>[Called By]<UL><LI><a href="#[d3]">&gt;&gt;</a>&nbsp;&nbsp;&nbsp;lv_style_copy
<LI><a href="#[c8]">&gt;&gt;</a>&nbsp;&nbsp;&nbsp;anim_ready_handler
<LI><a href="#[136]">&gt;&gt;</a>&nbsp;&nbsp;&nbsp;lv_disp_drv_register
<LI><a href="#[f1]">&gt;&gt;</a>&nbsp;&nbsp;&nbsp;lv_anim_create
<LI><a href="#[108]">&gt;&gt;</a>&nbsp;&nbsp;&nbsp;lv_btnm_create
<LI><a href="#[df]">&gt;&gt;</a>&nbsp;&nbsp;&nbsp;lv_btn_create
</UL>

<P><STRONG><a name="[1d9]"></a>__aeabi_memcpy8</STRONG> (Thumb, 0 bytes, Stack size 0 bytes, memcpya.o(.text), UNUSED)

<P><STRONG><a name="[80]"></a>__aeabi_memset</STRONG> (Thumb, 14 bytes, Stack size 0 bytes, memseta.o(.text))
<BR><BR>[Called By]<UL><LI><a href="#[c6]">&gt;&gt;</a>&nbsp;&nbsp;&nbsp;lv_mem_free
<LI><a href="#[c7]">&gt;&gt;</a>&nbsp;&nbsp;&nbsp;lv_mem_alloc
<LI><a href="#[81]">&gt;&gt;</a>&nbsp;&nbsp;&nbsp;_memset$wrapper
<LI><a href="#[7f]">&gt;&gt;</a>&nbsp;&nbsp;&nbsp;__aeabi_memclr
</UL>

<P><STRONG><a name="[1da]"></a>__aeabi_memset4</STRONG> (Thumb, 0 bytes, Stack size 0 bytes, memseta.o(.text), UNUSED)

<P><STRONG><a name="[1db]"></a>__aeabi_memset8</STRONG> (Thumb, 0 bytes, Stack size 0 bytes, memseta.o(.text), UNUSED)

<P><STRONG><a name="[7f]"></a>__aeabi_memclr</STRONG> (Thumb, 4 bytes, Stack size 0 bytes, memseta.o(.text))
<BR><BR>[Calls]<UL><LI><a href="#[80]">&gt;&gt;</a>&nbsp;&nbsp;&nbsp;__aeabi_memset
</UL>
<BR>[Called By]<UL><LI><a href="#[163]">&gt;&gt;</a>&nbsp;&nbsp;&nbsp;lv_draw_shadow_full
<LI><a href="#[196]">&gt;&gt;</a>&nbsp;&nbsp;&nbsp;node_set_prev
<LI><a href="#[197]">&gt;&gt;</a>&nbsp;&nbsp;&nbsp;node_set_next
<LI><a href="#[c2]">&gt;&gt;</a>&nbsp;&nbsp;&nbsp;allocate_btn_areas_and_controls
</UL>

<P><STRONG><a name="[bf]"></a>__aeabi_memclr4</STRONG> (Thumb, 0 bytes, Stack size 0 bytes, memseta.o(.text))
<BR><BR>[Called By]<UL><LI><a href="#[be]">&gt;&gt;</a>&nbsp;&nbsp;&nbsp;SystemClock_Config
<LI><a href="#[16e]">&gt;&gt;</a>&nbsp;&nbsp;&nbsp;lv_img_cache_invalidate_src
<LI><a href="#[5f]">&gt;&gt;</a>&nbsp;&nbsp;&nbsp;lv_disp_refr_task
<LI><a href="#[170]">&gt;&gt;</a>&nbsp;&nbsp;&nbsp;lv_img_cache_set_size
<LI><a href="#[136]">&gt;&gt;</a>&nbsp;&nbsp;&nbsp;lv_disp_drv_register
<LI><a href="#[135]">&gt;&gt;</a>&nbsp;&nbsp;&nbsp;lv_disp_drv_init
<LI><a href="#[134]">&gt;&gt;</a>&nbsp;&nbsp;&nbsp;lv_disp_buf_init
</UL>

<P><STRONG><a name="[1dc]"></a>__aeabi_memclr8</STRONG> (Thumb, 0 bytes, Stack size 0 bytes, memseta.o(.text), UNUSED)

<P><STRONG><a name="[81]"></a>_memset$wrapper</STRONG> (Thumb, 18 bytes, Stack size 8 bytes, memseta.o(.text), UNUSED)
<BR><BR>[Calls]<UL><LI><a href="#[80]">&gt;&gt;</a>&nbsp;&nbsp;&nbsp;__aeabi_memset
</UL>

<P><STRONG><a name="[c4]"></a>strlen</STRONG> (Thumb, 14 bytes, Stack size 0 bytes, strlen.o(.text))
<BR><BR>[Called By]<UL><LI><a href="#[10b]">&gt;&gt;</a>&nbsp;&nbsp;&nbsp;lv_btnm_set_map
<LI><a href="#[c2]">&gt;&gt;</a>&nbsp;&nbsp;&nbsp;allocate_btn_areas_and_controls
<LI><a href="#[de]">&gt;&gt;</a>&nbsp;&nbsp;&nbsp;lv_label_set_text
<LI><a href="#[dd]">&gt;&gt;</a>&nbsp;&nbsp;&nbsp;lv_label_create
<LI><a href="#[dc]">&gt;&gt;</a>&nbsp;&nbsp;&nbsp;lv_tabview_add_tab
</UL>

<P><STRONG><a name="[c3]"></a>strcmp</STRONG> (Thumb, 28 bytes, Stack size 8 bytes, strcmp.o(.text))
<BR><BR>[Stack]<UL><LI>Max Depth = 8<LI>Call Chain = strcmp
</UL>
<BR>[Called By]<UL><LI><a href="#[10b]">&gt;&gt;</a>&nbsp;&nbsp;&nbsp;lv_btnm_set_map
<LI><a href="#[5d]">&gt;&gt;</a>&nbsp;&nbsp;&nbsp;lv_btnm_design
<LI><a href="#[c2]">&gt;&gt;</a>&nbsp;&nbsp;&nbsp;allocate_btn_areas_and_controls
</UL>

<P><STRONG><a name="[194]"></a>strcpy</STRONG> (Thumb, 18 bytes, Stack size 0 bytes, strcpy.o(.text))
<BR><BR>[Called By]<UL><LI><a href="#[de]">&gt;&gt;</a>&nbsp;&nbsp;&nbsp;lv_label_set_text
<LI><a href="#[dc]">&gt;&gt;</a>&nbsp;&nbsp;&nbsp;lv_tabview_add_tab
</UL>

<P><STRONG><a name="[7e]"></a>__scatterload</STRONG> (Thumb, 28 bytes, Stack size 0 bytes, init.o(.text))
<BR><BR>[Calls]<UL><LI><a href="#[82]">&gt;&gt;</a>&nbsp;&nbsp;&nbsp;__main_after_scatterload
</UL>
<BR>[Called By]<UL><LI><a href="#[7d]">&gt;&gt;</a>&nbsp;&nbsp;&nbsp;_main_scatterload
</UL>

<P><STRONG><a name="[1dd]"></a>__scatterload_rt2</STRONG> (Thumb, 0 bytes, Stack size 0 bytes, init.o(.text), UNUSED)

<P><STRONG><a name="[1de]"></a>__decompress</STRONG> (Thumb, 0 bytes, Stack size unknown bytes, __dczerorl2.o(.text), UNUSED)

<P><STRONG><a name="[1df]"></a>__decompress1</STRONG> (Thumb, 86 bytes, Stack size unknown bytes, __dczerorl2.o(.text), UNUSED)

<P><STRONG><a name="[c]"></a>BusFault_Handler</STRONG> (Thumb, 2 bytes, Stack size 0 bytes, stm32f1xx_it.o(i.BusFault_Handler))
<BR><BR>[Calls]<UL><LI><a href="#[c]">&gt;&gt;</a>&nbsp;&nbsp;&nbsp;BusFault_Handler
</UL>
<BR>[Called By]<UL><LI><a href="#[c]">&gt;&gt;</a>&nbsp;&nbsp;&nbsp;BusFault_Handler
</UL>
<BR>[Address Reference Count : 1]<UL><LI> startup_stm32f103xe.o(RESET)
</UL>
<P><STRONG><a name="[21]"></a>DMA1_Channel5_IRQHandler</STRONG> (Thumb, 6 bytes, Stack size 0 bytes, stm32f1xx_it.o(i.DMA1_Channel5_IRQHandler))
<BR><BR>[Stack]<UL><LI>Max Depth = 40<LI>Call Chain = DMA1_Channel5_IRQHandler &rArr; HAL_DMA_IRQHandler
</UL>
<BR>[Calls]<UL><LI><a href="#[83]">&gt;&gt;</a>&nbsp;&nbsp;&nbsp;HAL_DMA_IRQHandler
</UL>
<BR>[Address Reference Count : 1]<UL><LI> startup_stm32f103xe.o(RESET)
</UL>
<P><STRONG><a name="[f]"></a>DebugMon_Handler</STRONG> (Thumb, 2 bytes, Stack size 0 bytes, stm32f1xx_it.o(i.DebugMon_Handler))
<BR>[Address Reference Count : 1]<UL><LI> startup_stm32f103xe.o(RESET)
</UL>
<P><STRONG><a name="[99]"></a>Error_Handler</STRONG> (Thumb, 4 bytes, Stack size 0 bytes, main.o(i.Error_Handler))
<BR><BR>[Called By]<UL><LI><a href="#[96]">&gt;&gt;</a>&nbsp;&nbsp;&nbsp;HAL_SPI_MspInit
</UL>

<P><STRONG><a name="[93]"></a>HAL_DMA_Abort_IT</STRONG> (Thumb, 296 bytes, Stack size 40 bytes, stm32f1xx_hal_dma.o(i.HAL_DMA_Abort_IT))
<BR><BR>[Stack]<UL><LI>Max Depth = 40<LI>Call Chain = HAL_DMA_Abort_IT
</UL>
<BR>[Called By]<UL><LI><a href="#[92]">&gt;&gt;</a>&nbsp;&nbsp;&nbsp;HAL_SPI_IRQHandler
</UL>

<P><STRONG><a name="[b2]"></a>HAL_DMA_GetState</STRONG> (Thumb, 6 bytes, Stack size 0 bytes, stm32f1xx_hal_dma.o(i.HAL_DMA_GetState))
<BR><BR>[Called By]<UL><LI><a href="#[b0]">&gt;&gt;</a>&nbsp;&nbsp;&nbsp;LCD_Clear
</UL>

<P><STRONG><a name="[83]"></a>HAL_DMA_IRQHandler</STRONG> (Thumb, 552 bytes, Stack size 40 bytes, stm32f1xx_hal_dma.o(i.HAL_DMA_IRQHandler))
<BR><BR>[Stack]<UL><LI>Max Depth = 40<LI>Call Chain = HAL_DMA_IRQHandler
</UL>
<BR>[Called By]<UL><LI><a href="#[21]">&gt;&gt;</a>&nbsp;&nbsp;&nbsp;DMA1_Channel5_IRQHandler
</UL>

<P><STRONG><a name="[98]"></a>HAL_DMA_Init</STRONG> (Thumb, 112 bytes, Stack size 12 bytes, stm32f1xx_hal_dma.o(i.HAL_DMA_Init))
<BR><BR>[Stack]<UL><LI>Max Depth = 12<LI>Call Chain = HAL_DMA_Init
</UL>
<BR>[Called By]<UL><LI><a href="#[96]">&gt;&gt;</a>&nbsp;&nbsp;&nbsp;HAL_SPI_MspInit
</UL>

<P><STRONG><a name="[84]"></a>HAL_DMA_Start_IT</STRONG> (Thumb, 112 bytes, Stack size 16 bytes, stm32f1xx_hal_dma.o(i.HAL_DMA_Start_IT))
<BR><BR>[Stack]<UL><LI>Max Depth = 28<LI>Call Chain = HAL_DMA_Start_IT &rArr; DMA_SetConfig
</UL>
<BR>[Calls]<UL><LI><a href="#[85]">&gt;&gt;</a>&nbsp;&nbsp;&nbsp;DMA_SetConfig
</UL>
<BR>[Called By]<UL><LI><a href="#[9d]">&gt;&gt;</a>&nbsp;&nbsp;&nbsp;HAL_SPI_Transmit_DMA
</UL>

<P><STRONG><a name="[86]"></a>HAL_Delay</STRONG> (Thumb, 32 bytes, Stack size 16 bytes, stm32f1xx_hal.o(i.HAL_Delay))
<BR><BR>[Stack]<UL><LI>Max Depth = 16<LI>Call Chain = HAL_Delay
</UL>
<BR>[Calls]<UL><LI><a href="#[87]">&gt;&gt;</a>&nbsp;&nbsp;&nbsp;HAL_GetTick
</UL>
<BR>[Called By]<UL><LI><a href="#[b5]">&gt;&gt;</a>&nbsp;&nbsp;&nbsp;LCD_Init
<LI><a href="#[4e]">&gt;&gt;</a>&nbsp;&nbsp;&nbsp;main
<LI><a href="#[b4]">&gt;&gt;</a>&nbsp;&nbsp;&nbsp;LCD_Gpio_Init
</UL>

<P><STRONG><a name="[97]"></a>HAL_GPIO_Init</STRONG> (Thumb, 462 bytes, Stack size 40 bytes, stm32f1xx_hal_gpio.o(i.HAL_GPIO_Init))
<BR><BR>[Stack]<UL><LI>Max Depth = 40<LI>Call Chain = HAL_GPIO_Init
</UL>
<BR>[Called By]<UL><LI><a href="#[ab]">&gt;&gt;</a>&nbsp;&nbsp;&nbsp;HAL_UART_MspInit
<LI><a href="#[96]">&gt;&gt;</a>&nbsp;&nbsp;&nbsp;HAL_SPI_MspInit
<LI><a href="#[b8]">&gt;&gt;</a>&nbsp;&nbsp;&nbsp;MX_GPIO_Init
</UL>

<P><STRONG><a name="[b1]"></a>HAL_GPIO_WritePin</STRONG> (Thumb, 10 bytes, Stack size 0 bytes, stm32f1xx_hal_gpio.o(i.HAL_GPIO_WritePin))
<BR><BR>[Called By]<UL><LI><a href="#[b5]">&gt;&gt;</a>&nbsp;&nbsp;&nbsp;LCD_Init
<LI><a href="#[b8]">&gt;&gt;</a>&nbsp;&nbsp;&nbsp;MX_GPIO_Init
<LI><a href="#[b4]">&gt;&gt;</a>&nbsp;&nbsp;&nbsp;LCD_Gpio_Init
<LI><a href="#[b3]">&gt;&gt;</a>&nbsp;&nbsp;&nbsp;LCD_Color_Fill
<LI><a href="#[b0]">&gt;&gt;</a>&nbsp;&nbsp;&nbsp;LCD_Clear
<LI><a href="#[af]">&gt;&gt;</a>&nbsp;&nbsp;&nbsp;LCD_Write_Data
<LI><a href="#[ae]">&gt;&gt;</a>&nbsp;&nbsp;&nbsp;LCD_Write_Cmd
</UL>

<P><STRONG><a name="[87]"></a>HAL_GetTick</STRONG> (Thumb, 6 bytes, Stack size 0 bytes, stm32f1xx_hal.o(i.HAL_GetTick))
<BR><BR>[Called By]<UL><LI><a href="#[bc]">&gt;&gt;</a>&nbsp;&nbsp;&nbsp;SPI_WaitFlagStateUntilTimeout
<LI><a href="#[53]">&gt;&gt;</a>&nbsp;&nbsp;&nbsp;SPI_DMATransmitCplt
<LI><a href="#[91]">&gt;&gt;</a>&nbsp;&nbsp;&nbsp;HAL_RCC_OscConfig
<LI><a href="#[8f]">&gt;&gt;</a>&nbsp;&nbsp;&nbsp;HAL_RCC_ClockConfig
<LI><a href="#[86]">&gt;&gt;</a>&nbsp;&nbsp;&nbsp;HAL_Delay
<LI><a href="#[9b]">&gt;&gt;</a>&nbsp;&nbsp;&nbsp;HAL_SPI_Transmit
</UL>

<P><STRONG><a name="[bd]"></a>HAL_IncTick</STRONG> (Thumb, 12 bytes, Stack size 0 bytes, stm32f1xx_hal.o(i.HAL_IncTick))
<BR><BR>[Called By]<UL><LI><a href="#[11]">&gt;&gt;</a>&nbsp;&nbsp;&nbsp;SysTick_Handler
</UL>

<P><STRONG><a name="[88]"></a>HAL_Init</STRONG> (Thumb, 32 bytes, Stack size 8 bytes, stm32f1xx_hal.o(i.HAL_Init))
<BR><BR>[Stack]<UL><LI>Max Depth = 40<LI>Call Chain = HAL_Init &rArr; HAL_InitTick &rArr; HAL_NVIC_SetPriority
</UL>
<BR>[Calls]<UL><LI><a href="#[8b]">&gt;&gt;</a>&nbsp;&nbsp;&nbsp;HAL_MspInit
<LI><a href="#[8a]">&gt;&gt;</a>&nbsp;&nbsp;&nbsp;HAL_InitTick
<LI><a href="#[89]">&gt;&gt;</a>&nbsp;&nbsp;&nbsp;HAL_NVIC_SetPriorityGrouping
</UL>
<BR>[Called By]<UL><LI><a href="#[4e]">&gt;&gt;</a>&nbsp;&nbsp;&nbsp;main
</UL>

<P><STRONG><a name="[8a]"></a>HAL_InitTick</STRONG> (Thumb, 54 bytes, Stack size 16 bytes, stm32f1xx_hal.o(i.HAL_InitTick))
<BR><BR>[Stack]<UL><LI>Max Depth = 32<LI>Call Chain = HAL_InitTick &rArr; HAL_NVIC_SetPriority
</UL>
<BR>[Calls]<UL><LI><a href="#[8d]">&gt;&gt;</a>&nbsp;&nbsp;&nbsp;HAL_NVIC_SetPriority
<LI><a href="#[8c]">&gt;&gt;</a>&nbsp;&nbsp;&nbsp;HAL_SYSTICK_Config
</UL>
<BR>[Called By]<UL><LI><a href="#[8f]">&gt;&gt;</a>&nbsp;&nbsp;&nbsp;HAL_RCC_ClockConfig
<LI><a href="#[88]">&gt;&gt;</a>&nbsp;&nbsp;&nbsp;HAL_Init
</UL>

<P><STRONG><a name="[8b]"></a>HAL_MspInit</STRONG> (Thumb, 2 bytes, Stack size 0 bytes, stm32f1xx_hal.o(i.HAL_MspInit))
<BR><BR>[Called By]<UL><LI><a href="#[88]">&gt;&gt;</a>&nbsp;&nbsp;&nbsp;HAL_Init
</UL>

<P><STRONG><a name="[9a]"></a>HAL_NVIC_EnableIRQ</STRONG> (Thumb, 26 bytes, Stack size 0 bytes, stm32f1xx_hal_cortex.o(i.HAL_NVIC_EnableIRQ))
<BR><BR>[Called By]<UL><LI><a href="#[9f]">&gt;&gt;</a>&nbsp;&nbsp;&nbsp;HAL_TIM_Base_MspInit
<LI><a href="#[96]">&gt;&gt;</a>&nbsp;&nbsp;&nbsp;HAL_SPI_MspInit
<LI><a href="#[4e]">&gt;&gt;</a>&nbsp;&nbsp;&nbsp;main
</UL>

<P><STRONG><a name="[8d]"></a>HAL_NVIC_SetPriority</STRONG> (Thumb, 60 bytes, Stack size 16 bytes, stm32f1xx_hal_cortex.o(i.HAL_NVIC_SetPriority))
<BR><BR>[Stack]<UL><LI>Max Depth = 16<LI>Call Chain = HAL_NVIC_SetPriority
</UL>
<BR>[Calls]<UL><LI><a href="#[8e]">&gt;&gt;</a>&nbsp;&nbsp;&nbsp;__NVIC_SetPriority
</UL>
<BR>[Called By]<UL><LI><a href="#[9f]">&gt;&gt;</a>&nbsp;&nbsp;&nbsp;HAL_TIM_Base_MspInit
<LI><a href="#[96]">&gt;&gt;</a>&nbsp;&nbsp;&nbsp;HAL_SPI_MspInit
<LI><a href="#[4e]">&gt;&gt;</a>&nbsp;&nbsp;&nbsp;main
<LI><a href="#[8a]">&gt;&gt;</a>&nbsp;&nbsp;&nbsp;HAL_InitTick
</UL>

<P><STRONG><a name="[89]"></a>HAL_NVIC_SetPriorityGrouping</STRONG> (Thumb, 26 bytes, Stack size 0 bytes, stm32f1xx_hal_cortex.o(i.HAL_NVIC_SetPriorityGrouping))
<BR><BR>[Called By]<UL><LI><a href="#[88]">&gt;&gt;</a>&nbsp;&nbsp;&nbsp;HAL_Init
</UL>

<P><STRONG><a name="[8f]"></a>HAL_RCC_ClockConfig</STRONG> (Thumb, 280 bytes, Stack size 32 bytes, stm32f1xx_hal_rcc.o(i.HAL_RCC_ClockConfig))
<BR><BR>[Stack]<UL><LI>Max Depth = 64<LI>Call Chain = HAL_RCC_ClockConfig &rArr; HAL_InitTick &rArr; HAL_NVIC_SetPriority
</UL>
<BR>[Calls]<UL><LI><a href="#[90]">&gt;&gt;</a>&nbsp;&nbsp;&nbsp;HAL_RCC_GetSysClockFreq
<LI><a href="#[8a]">&gt;&gt;</a>&nbsp;&nbsp;&nbsp;HAL_InitTick
<LI><a href="#[87]">&gt;&gt;</a>&nbsp;&nbsp;&nbsp;HAL_GetTick
</UL>
<BR>[Called By]<UL><LI><a href="#[be]">&gt;&gt;</a>&nbsp;&nbsp;&nbsp;SystemClock_Config
</UL>

<P><STRONG><a name="[c1]"></a>HAL_RCC_GetPCLK1Freq</STRONG> (Thumb, 20 bytes, Stack size 0 bytes, stm32f1xx_hal_rcc.o(i.HAL_RCC_GetPCLK1Freq))
<BR><BR>[Called By]<UL><LI><a href="#[ac]">&gt;&gt;</a>&nbsp;&nbsp;&nbsp;UART_SetConfig
</UL>

<P><STRONG><a name="[c0]"></a>HAL_RCC_GetPCLK2Freq</STRONG> (Thumb, 20 bytes, Stack size 0 bytes, stm32f1xx_hal_rcc.o(i.HAL_RCC_GetPCLK2Freq))
<BR><BR>[Called By]<UL><LI><a href="#[ac]">&gt;&gt;</a>&nbsp;&nbsp;&nbsp;UART_SetConfig
</UL>

<P><STRONG><a name="[90]"></a>HAL_RCC_GetSysClockFreq</STRONG> (Thumb, 74 bytes, Stack size 20 bytes, stm32f1xx_hal_rcc.o(i.HAL_RCC_GetSysClockFreq))
<BR><BR>[Stack]<UL><LI>Max Depth = 20<LI>Call Chain = HAL_RCC_GetSysClockFreq
</UL>
<BR>[Called By]<UL><LI><a href="#[8f]">&gt;&gt;</a>&nbsp;&nbsp;&nbsp;HAL_RCC_ClockConfig
</UL>

<P><STRONG><a name="[91]"></a>HAL_RCC_OscConfig</STRONG> (Thumb, 778 bytes, Stack size 40 bytes, stm32f1xx_hal_rcc.o(i.HAL_RCC_OscConfig))
<BR><BR>[Stack]<UL><LI>Max Depth = 40<LI>Call Chain = HAL_RCC_OscConfig
</UL>
<BR>[Calls]<UL><LI><a href="#[87]">&gt;&gt;</a>&nbsp;&nbsp;&nbsp;HAL_GetTick
</UL>
<BR>[Called By]<UL><LI><a href="#[be]">&gt;&gt;</a>&nbsp;&nbsp;&nbsp;SystemClock_Config
</UL>

<P><STRONG><a name="[94]"></a>HAL_SPI_ErrorCallback</STRONG> (Thumb, 2 bytes, Stack size 0 bytes, stm32f1xx_hal_spi.o(i.HAL_SPI_ErrorCallback))
<BR><BR>[Called By]<UL><LI><a href="#[53]">&gt;&gt;</a>&nbsp;&nbsp;&nbsp;SPI_DMATransmitCplt
<LI><a href="#[54]">&gt;&gt;</a>&nbsp;&nbsp;&nbsp;SPI_DMAError
<LI><a href="#[51]">&gt;&gt;</a>&nbsp;&nbsp;&nbsp;SPI_DMAAbortOnError
<LI><a href="#[92]">&gt;&gt;</a>&nbsp;&nbsp;&nbsp;HAL_SPI_IRQHandler
</UL>

<P><STRONG><a name="[92]"></a>HAL_SPI_IRQHandler</STRONG> (Thumb, 220 bytes, Stack size 16 bytes, stm32f1xx_hal_spi.o(i.HAL_SPI_IRQHandler))
<BR><BR>[Stack]<UL><LI>Max Depth = 56<LI>Call Chain = HAL_SPI_IRQHandler &rArr; HAL_DMA_Abort_IT
</UL>
<BR>[Calls]<UL><LI><a href="#[94]">&gt;&gt;</a>&nbsp;&nbsp;&nbsp;HAL_SPI_ErrorCallback
<LI><a href="#[93]">&gt;&gt;</a>&nbsp;&nbsp;&nbsp;HAL_DMA_Abort_IT
</UL>
<BR>[Called By]<UL><LI><a href="#[36]">&gt;&gt;</a>&nbsp;&nbsp;&nbsp;SPI2_IRQHandler
</UL>

<P><STRONG><a name="[95]"></a>HAL_SPI_Init</STRONG> (Thumb, 178 bytes, Stack size 16 bytes, stm32f1xx_hal_spi.o(i.HAL_SPI_Init))
<BR><BR>[Stack]<UL><LI>Max Depth = 96<LI>Call Chain = HAL_SPI_Init &rArr; HAL_SPI_MspInit &rArr; HAL_GPIO_Init
</UL>
<BR>[Calls]<UL><LI><a href="#[96]">&gt;&gt;</a>&nbsp;&nbsp;&nbsp;HAL_SPI_MspInit
</UL>
<BR>[Called By]<UL><LI><a href="#[b9]">&gt;&gt;</a>&nbsp;&nbsp;&nbsp;MX_SPI2_Init
</UL>

<P><STRONG><a name="[96]"></a>HAL_SPI_MspInit</STRONG> (Thumb, 140 bytes, Stack size 40 bytes, stm32f1xx_hal_msp.o(i.HAL_SPI_MspInit))
<BR><BR>[Stack]<UL><LI>Max Depth = 80<LI>Call Chain = HAL_SPI_MspInit &rArr; HAL_GPIO_Init
</UL>
<BR>[Calls]<UL><LI><a href="#[98]">&gt;&gt;</a>&nbsp;&nbsp;&nbsp;HAL_DMA_Init
<LI><a href="#[8d]">&gt;&gt;</a>&nbsp;&nbsp;&nbsp;HAL_NVIC_SetPriority
<LI><a href="#[9a]">&gt;&gt;</a>&nbsp;&nbsp;&nbsp;HAL_NVIC_EnableIRQ
<LI><a href="#[97]">&gt;&gt;</a>&nbsp;&nbsp;&nbsp;HAL_GPIO_Init
<LI><a href="#[99]">&gt;&gt;</a>&nbsp;&nbsp;&nbsp;Error_Handler
</UL>
<BR>[Called By]<UL><LI><a href="#[95]">&gt;&gt;</a>&nbsp;&nbsp;&nbsp;HAL_SPI_Init
</UL>

<P><STRONG><a name="[9b]"></a>HAL_SPI_Transmit</STRONG> (Thumb, 358 bytes, Stack size 40 bytes, stm32f1xx_hal_spi.o(i.HAL_SPI_Transmit))
<BR><BR>[Stack]<UL><LI>Max Depth = 88<LI>Call Chain = HAL_SPI_Transmit &rArr; SPI_EndRxTxTransaction &rArr; SPI_WaitFlagStateUntilTimeout
</UL>
<BR>[Calls]<UL><LI><a href="#[9c]">&gt;&gt;</a>&nbsp;&nbsp;&nbsp;SPI_EndRxTxTransaction
<LI><a href="#[87]">&gt;&gt;</a>&nbsp;&nbsp;&nbsp;HAL_GetTick
</UL>
<BR>[Called By]<UL><LI><a href="#[b3]">&gt;&gt;</a>&nbsp;&nbsp;&nbsp;LCD_Color_Fill
<LI><a href="#[b7]">&gt;&gt;</a>&nbsp;&nbsp;&nbsp;SPI2_WriteData
</UL>

<P><STRONG><a name="[9d]"></a>HAL_SPI_Transmit_DMA</STRONG> (Thumb, 202 bytes, Stack size 24 bytes, stm32f1xx_hal_spi.o(i.HAL_SPI_Transmit_DMA))
<BR><BR>[Stack]<UL><LI>Max Depth = 52<LI>Call Chain = HAL_SPI_Transmit_DMA &rArr; HAL_DMA_Start_IT &rArr; DMA_SetConfig
</UL>
<BR>[Calls]<UL><LI><a href="#[84]">&gt;&gt;</a>&nbsp;&nbsp;&nbsp;HAL_DMA_Start_IT
</UL>
<BR>[Called By]<UL><LI><a href="#[b0]">&gt;&gt;</a>&nbsp;&nbsp;&nbsp;LCD_Clear
</UL>

<P><STRONG><a name="[bb]"></a>HAL_SPI_TxCpltCallback</STRONG> (Thumb, 2 bytes, Stack size 0 bytes, stm32f1xx_hal_spi.o(i.HAL_SPI_TxCpltCallback))
<BR><BR>[Called By]<UL><LI><a href="#[53]">&gt;&gt;</a>&nbsp;&nbsp;&nbsp;SPI_DMATransmitCplt
</UL>

<P><STRONG><a name="[ba]"></a>HAL_SPI_TxHalfCpltCallback</STRONG> (Thumb, 2 bytes, Stack size 0 bytes, stm32f1xx_hal_spi.o(i.HAL_SPI_TxHalfCpltCallback))
<BR><BR>[Called By]<UL><LI><a href="#[52]">&gt;&gt;</a>&nbsp;&nbsp;&nbsp;SPI_DMAHalfTransmitCplt
</UL>

<P><STRONG><a name="[8c]"></a>HAL_SYSTICK_Config</STRONG> (Thumb, 40 bytes, Stack size 8 bytes, stm32f1xx_hal_cortex.o(i.HAL_SYSTICK_Config))
<BR><BR>[Stack]<UL><LI>Max Depth = 8<LI>Call Chain = HAL_SYSTICK_Config
</UL>
<BR>[Calls]<UL><LI><a href="#[8e]">&gt;&gt;</a>&nbsp;&nbsp;&nbsp;__NVIC_SetPriority
</UL>
<BR>[Called By]<UL><LI><a href="#[8a]">&gt;&gt;</a>&nbsp;&nbsp;&nbsp;HAL_InitTick
</UL>

<P><STRONG><a name="[a6]"></a>HAL_TIMEx_BreakCallback</STRONG> (Thumb, 2 bytes, Stack size 0 bytes, stm32f1xx_hal_tim_ex.o(i.HAL_TIMEx_BreakCallback))
<BR><BR>[Called By]<UL><LI><a href="#[a1]">&gt;&gt;</a>&nbsp;&nbsp;&nbsp;HAL_TIM_IRQHandler
</UL>

<P><STRONG><a name="[a8]"></a>HAL_TIMEx_CommutCallback</STRONG> (Thumb, 2 bytes, Stack size 0 bytes, stm32f1xx_hal_tim_ex.o(i.HAL_TIMEx_CommutCallback))
<BR><BR>[Called By]<UL><LI><a href="#[a1]">&gt;&gt;</a>&nbsp;&nbsp;&nbsp;HAL_TIM_IRQHandler
</UL>

<P><STRONG><a name="[1ce]"></a>HAL_TIMEx_MasterConfigSynchronization</STRONG> (Thumb, 104 bytes, Stack size 16 bytes, stm32f1xx_hal_tim_ex.o(i.HAL_TIMEx_MasterConfigSynchronization))
<BR><BR>[Stack]<UL><LI>Max Depth = 16<LI>Call Chain = HAL_TIMEx_MasterConfigSynchronization
</UL>
<BR>[Called By]<UL><LI><a href="#[4e]">&gt;&gt;</a>&nbsp;&nbsp;&nbsp;main
</UL>

<P><STRONG><a name="[9e]"></a>HAL_TIM_Base_Init</STRONG> (Thumb, 90 bytes, Stack size 8 bytes, stm32f1xx_hal_tim.o(i.HAL_TIM_Base_Init))
<BR><BR>[Stack]<UL><LI>Max Depth = 32<LI>Call Chain = HAL_TIM_Base_Init &rArr; HAL_TIM_Base_MspInit &rArr; HAL_NVIC_SetPriority
</UL>
<BR>[Calls]<UL><LI><a href="#[9f]">&gt;&gt;</a>&nbsp;&nbsp;&nbsp;HAL_TIM_Base_MspInit
<LI><a href="#[a0]">&gt;&gt;</a>&nbsp;&nbsp;&nbsp;TIM_Base_SetConfig
</UL>
<BR>[Called By]<UL><LI><a href="#[4e]">&gt;&gt;</a>&nbsp;&nbsp;&nbsp;main
</UL>

<P><STRONG><a name="[9f]"></a>HAL_TIM_Base_MspInit</STRONG> (Thumb, 50 bytes, Stack size 8 bytes, stm32f1xx_hal_msp.o(i.HAL_TIM_Base_MspInit))
<BR><BR>[Stack]<UL><LI>Max Depth = 24<LI>Call Chain = HAL_TIM_Base_MspInit &rArr; HAL_NVIC_SetPriority
</UL>
<BR>[Calls]<UL><LI><a href="#[8d]">&gt;&gt;</a>&nbsp;&nbsp;&nbsp;HAL_NVIC_SetPriority
<LI><a href="#[9a]">&gt;&gt;</a>&nbsp;&nbsp;&nbsp;HAL_NVIC_EnableIRQ
</UL>
<BR>[Called By]<UL><LI><a href="#[9e]">&gt;&gt;</a>&nbsp;&nbsp;&nbsp;HAL_TIM_Base_Init
</UL>

<P><STRONG><a name="[1cf]"></a>HAL_TIM_Base_Start_IT</STRONG> (Thumb, 88 bytes, Stack size 0 bytes, stm32f1xx_hal_tim.o(i.HAL_TIM_Base_Start_IT))
<BR><BR>[Called By]<UL><LI><a href="#[4e]">&gt;&gt;</a>&nbsp;&nbsp;&nbsp;main
</UL>

<P><STRONG><a name="[a2]"></a>HAL_TIM_IC_CaptureCallback</STRONG> (Thumb, 2 bytes, Stack size 0 bytes, stm32f1xx_hal_tim.o(i.HAL_TIM_IC_CaptureCallback))
<BR><BR>[Called By]<UL><LI><a href="#[a1]">&gt;&gt;</a>&nbsp;&nbsp;&nbsp;HAL_TIM_IRQHandler
</UL>

<P><STRONG><a name="[a1]"></a>HAL_TIM_IRQHandler</STRONG> (Thumb, 358 bytes, Stack size 16 bytes, stm32f1xx_hal_tim.o(i.HAL_TIM_IRQHandler))
<BR><BR>[Stack]<UL><LI>Max Depth = 16<LI>Call Chain = HAL_TIM_IRQHandler
</UL>
<BR>[Calls]<UL><LI><a href="#[a5]">&gt;&gt;</a>&nbsp;&nbsp;&nbsp;HAL_TIM_PeriodElapsedCallback
<LI><a href="#[a7]">&gt;&gt;</a>&nbsp;&nbsp;&nbsp;HAL_TIM_TriggerCallback
<LI><a href="#[a4]">&gt;&gt;</a>&nbsp;&nbsp;&nbsp;HAL_TIM_PWM_PulseFinishedCallback
<LI><a href="#[a3]">&gt;&gt;</a>&nbsp;&nbsp;&nbsp;HAL_TIM_OC_DelayElapsedCallback
<LI><a href="#[a2]">&gt;&gt;</a>&nbsp;&nbsp;&nbsp;HAL_TIM_IC_CaptureCallback
<LI><a href="#[a8]">&gt;&gt;</a>&nbsp;&nbsp;&nbsp;HAL_TIMEx_CommutCallback
<LI><a href="#[a6]">&gt;&gt;</a>&nbsp;&nbsp;&nbsp;HAL_TIMEx_BreakCallback
</UL>
<BR>[Called By]<UL><LI><a href="#[48]">&gt;&gt;</a>&nbsp;&nbsp;&nbsp;TIM6_IRQHandler
</UL>

<P><STRONG><a name="[a3]"></a>HAL_TIM_OC_DelayElapsedCallback</STRONG> (Thumb, 2 bytes, Stack size 0 bytes, stm32f1xx_hal_tim.o(i.HAL_TIM_OC_DelayElapsedCallback))
<BR><BR>[Called By]<UL><LI><a href="#[a1]">&gt;&gt;</a>&nbsp;&nbsp;&nbsp;HAL_TIM_IRQHandler
</UL>

<P><STRONG><a name="[a4]"></a>HAL_TIM_PWM_PulseFinishedCallback</STRONG> (Thumb, 2 bytes, Stack size 0 bytes, stm32f1xx_hal_tim.o(i.HAL_TIM_PWM_PulseFinishedCallback))
<BR><BR>[Called By]<UL><LI><a href="#[a1]">&gt;&gt;</a>&nbsp;&nbsp;&nbsp;HAL_TIM_IRQHandler
</UL>

<P><STRONG><a name="[a5]"></a>HAL_TIM_PeriodElapsedCallback</STRONG> (Thumb, 14 bytes, Stack size 0 bytes, main.o(i.HAL_TIM_PeriodElapsedCallback))
<BR><BR>[Calls]<UL><LI><a href="#[a9]">&gt;&gt;</a>&nbsp;&nbsp;&nbsp;lv_tick_inc
</UL>
<BR>[Called By]<UL><LI><a href="#[a1]">&gt;&gt;</a>&nbsp;&nbsp;&nbsp;HAL_TIM_IRQHandler
</UL>

<P><STRONG><a name="[a7]"></a>HAL_TIM_TriggerCallback</STRONG> (Thumb, 2 bytes, Stack size 0 bytes, stm32f1xx_hal_tim.o(i.HAL_TIM_TriggerCallback))
<BR><BR>[Called By]<UL><LI><a href="#[a1]">&gt;&gt;</a>&nbsp;&nbsp;&nbsp;HAL_TIM_IRQHandler
</UL>

<P><STRONG><a name="[aa]"></a>HAL_UART_Init</STRONG> (Thumb, 98 bytes, Stack size 16 bytes, stm32f1xx_hal_uart.o(i.HAL_UART_Init))
<BR><BR>[Stack]<UL><LI>Max Depth = 88<LI>Call Chain = HAL_UART_Init &rArr; HAL_UART_MspInit &rArr; HAL_GPIO_Init
</UL>
<BR>[Calls]<UL><LI><a href="#[ab]">&gt;&gt;</a>&nbsp;&nbsp;&nbsp;HAL_UART_MspInit
<LI><a href="#[ac]">&gt;&gt;</a>&nbsp;&nbsp;&nbsp;UART_SetConfig
</UL>
<BR>[Called By]<UL><LI><a href="#[4e]">&gt;&gt;</a>&nbsp;&nbsp;&nbsp;main
</UL>

<P><STRONG><a name="[ab]"></a>HAL_UART_MspInit</STRONG> (Thumb, 100 bytes, Stack size 32 bytes, stm32f1xx_hal_msp.o(i.HAL_UART_MspInit))
<BR><BR>[Stack]<UL><LI>Max Depth = 72<LI>Call Chain = HAL_UART_MspInit &rArr; HAL_GPIO_Init
</UL>
<BR>[Calls]<UL><LI><a href="#[97]">&gt;&gt;</a>&nbsp;&nbsp;&nbsp;HAL_GPIO_Init
</UL>
<BR>[Called By]<UL><LI><a href="#[aa]">&gt;&gt;</a>&nbsp;&nbsp;&nbsp;HAL_UART_Init
</UL>

<P><STRONG><a name="[a]"></a>HardFault_Handler</STRONG> (Thumb, 2 bytes, Stack size 0 bytes, stm32f1xx_it.o(i.HardFault_Handler))
<BR><BR>[Calls]<UL><LI><a href="#[a]">&gt;&gt;</a>&nbsp;&nbsp;&nbsp;HardFault_Handler
</UL>
<BR>[Called By]<UL><LI><a href="#[a]">&gt;&gt;</a>&nbsp;&nbsp;&nbsp;HardFault_Handler
</UL>
<BR>[Address Reference Count : 1]<UL><LI> startup_stm32f103xe.o(RESET)
</UL>
<P><STRONG><a name="[ad]"></a>LCD_Address_Set</STRONG> (Thumb, 82 bytes, Stack size 24 bytes, tftlcd.o(i.LCD_Address_Set))
<BR><BR>[Stack]<UL><LI>Max Depth = 144<LI>Call Chain = LCD_Address_Set &rArr; LCD_Write_Data &rArr; LCD_SPI_Send &rArr; SPI2_WriteData &rArr; HAL_SPI_Transmit &rArr; SPI_EndRxTxTransaction &rArr; SPI_WaitFlagStateUntilTimeout
</UL>
<BR>[Calls]<UL><LI><a href="#[af]">&gt;&gt;</a>&nbsp;&nbsp;&nbsp;LCD_Write_Data
<LI><a href="#[ae]">&gt;&gt;</a>&nbsp;&nbsp;&nbsp;LCD_Write_Cmd
</UL>
<BR>[Called By]<UL><LI><a href="#[b5]">&gt;&gt;</a>&nbsp;&nbsp;&nbsp;LCD_Init
<LI><a href="#[b3]">&gt;&gt;</a>&nbsp;&nbsp;&nbsp;LCD_Color_Fill
<LI><a href="#[b0]">&gt;&gt;</a>&nbsp;&nbsp;&nbsp;LCD_Clear
</UL>

<P><STRONG><a name="[b0]"></a>LCD_Clear</STRONG> (Thumb, 92 bytes, Stack size 16 bytes, tftlcd.o(i.LCD_Clear))
<BR><BR>[Stack]<UL><LI>Max Depth = 160<LI>Call Chain = LCD_Clear &rArr; LCD_Address_Set &rArr; LCD_Write_Data &rArr; LCD_SPI_Send &rArr; SPI2_WriteData &rArr; HAL_SPI_Transmit &rArr; SPI_EndRxTxTransaction &rArr; SPI_WaitFlagStateUntilTimeout
</UL>
<BR>[Calls]<UL><LI><a href="#[b1]">&gt;&gt;</a>&nbsp;&nbsp;&nbsp;HAL_GPIO_WritePin
<LI><a href="#[b2]">&gt;&gt;</a>&nbsp;&nbsp;&nbsp;HAL_DMA_GetState
<LI><a href="#[9d]">&gt;&gt;</a>&nbsp;&nbsp;&nbsp;HAL_SPI_Transmit_DMA
<LI><a href="#[ad]">&gt;&gt;</a>&nbsp;&nbsp;&nbsp;LCD_Address_Set
</UL>
<BR>[Called By]<UL><LI><a href="#[b5]">&gt;&gt;</a>&nbsp;&nbsp;&nbsp;LCD_Init
</UL>

<P><STRONG><a name="[b3]"></a>LCD_Color_Fill</STRONG> (Thumb, 110 bytes, Stack size 32 bytes, tftlcd.o(i.LCD_Color_Fill))
<BR><BR>[Stack]<UL><LI>Max Depth = 176<LI>Call Chain = LCD_Color_Fill &rArr; LCD_Address_Set &rArr; LCD_Write_Data &rArr; LCD_SPI_Send &rArr; SPI2_WriteData &rArr; HAL_SPI_Transmit &rArr; SPI_EndRxTxTransaction &rArr; SPI_WaitFlagStateUntilTimeout
</UL>
<BR>[Calls]<UL><LI><a href="#[b1]">&gt;&gt;</a>&nbsp;&nbsp;&nbsp;HAL_GPIO_WritePin
<LI><a href="#[9b]">&gt;&gt;</a>&nbsp;&nbsp;&nbsp;HAL_SPI_Transmit
<LI><a href="#[ad]">&gt;&gt;</a>&nbsp;&nbsp;&nbsp;LCD_Address_Set
</UL>
<BR>[Called By]<UL><LI><a href="#[78]">&gt;&gt;</a>&nbsp;&nbsp;&nbsp;disp_flush
</UL>

<P><STRONG><a name="[b4]"></a>LCD_Gpio_Init</STRONG> (Thumb, 54 bytes, Stack size 8 bytes, tftlcd.o(i.LCD_Gpio_Init))
<BR><BR>[Stack]<UL><LI>Max Depth = 24<LI>Call Chain = LCD_Gpio_Init &rArr; HAL_Delay
</UL>
<BR>[Calls]<UL><LI><a href="#[b1]">&gt;&gt;</a>&nbsp;&nbsp;&nbsp;HAL_GPIO_WritePin
<LI><a href="#[86]">&gt;&gt;</a>&nbsp;&nbsp;&nbsp;HAL_Delay
</UL>
<BR>[Called By]<UL><LI><a href="#[b5]">&gt;&gt;</a>&nbsp;&nbsp;&nbsp;LCD_Init
</UL>

<P><STRONG><a name="[b5]"></a>LCD_Init</STRONG> (Thumb, 412 bytes, Stack size 8 bytes, tftlcd.o(i.LCD_Init))
<BR><BR>[Stack]<UL><LI>Max Depth = 168<LI>Call Chain = LCD_Init &rArr; LCD_Clear &rArr; LCD_Address_Set &rArr; LCD_Write_Data &rArr; LCD_SPI_Send &rArr; SPI2_WriteData &rArr; HAL_SPI_Transmit &rArr; SPI_EndRxTxTransaction &rArr; SPI_WaitFlagStateUntilTimeout
</UL>
<BR>[Calls]<UL><LI><a href="#[b1]">&gt;&gt;</a>&nbsp;&nbsp;&nbsp;HAL_GPIO_WritePin
<LI><a href="#[86]">&gt;&gt;</a>&nbsp;&nbsp;&nbsp;HAL_Delay
<LI><a href="#[b4]">&gt;&gt;</a>&nbsp;&nbsp;&nbsp;LCD_Gpio_Init
<LI><a href="#[b0]">&gt;&gt;</a>&nbsp;&nbsp;&nbsp;LCD_Clear
<LI><a href="#[ad]">&gt;&gt;</a>&nbsp;&nbsp;&nbsp;LCD_Address_Set
<LI><a href="#[af]">&gt;&gt;</a>&nbsp;&nbsp;&nbsp;LCD_Write_Data
<LI><a href="#[ae]">&gt;&gt;</a>&nbsp;&nbsp;&nbsp;LCD_Write_Cmd
</UL>
<BR>[Called By]<UL><LI><a href="#[4e]">&gt;&gt;</a>&nbsp;&nbsp;&nbsp;main
</UL>

<P><STRONG><a name="[b]"></a>MemManage_Handler</STRONG> (Thumb, 2 bytes, Stack size 0 bytes, stm32f1xx_it.o(i.MemManage_Handler))
<BR><BR>[Calls]<UL><LI><a href="#[b]">&gt;&gt;</a>&nbsp;&nbsp;&nbsp;MemManage_Handler
</UL>
<BR>[Called By]<UL><LI><a href="#[b]">&gt;&gt;</a>&nbsp;&nbsp;&nbsp;MemManage_Handler
</UL>
<BR>[Address Reference Count : 1]<UL><LI> startup_stm32f103xe.o(RESET)
</UL>
<P><STRONG><a name="[9]"></a>NMI_Handler</STRONG> (Thumb, 2 bytes, Stack size 0 bytes, stm32f1xx_it.o(i.NMI_Handler))
<BR><BR>[Calls]<UL><LI><a href="#[9]">&gt;&gt;</a>&nbsp;&nbsp;&nbsp;NMI_Handler
</UL>
<BR>[Called By]<UL><LI><a href="#[9]">&gt;&gt;</a>&nbsp;&nbsp;&nbsp;NMI_Handler
</UL>
<BR>[Address Reference Count : 1]<UL><LI> startup_stm32f103xe.o(RESET)
</UL>
<P><STRONG><a name="[10]"></a>PendSV_Handler</STRONG> (Thumb, 2 bytes, Stack size 0 bytes, stm32f1xx_it.o(i.PendSV_Handler))
<BR>[Address Reference Count : 1]<UL><LI> startup_stm32f103xe.o(RESET)
</UL>
<P><STRONG><a name="[36]"></a>SPI2_IRQHandler</STRONG> (Thumb, 6 bytes, Stack size 0 bytes, stm32f1xx_it.o(i.SPI2_IRQHandler))
<BR><BR>[Stack]<UL><LI>Max Depth = 56<LI>Call Chain = SPI2_IRQHandler &rArr; HAL_SPI_IRQHandler &rArr; HAL_DMA_Abort_IT
</UL>
<BR>[Calls]<UL><LI><a href="#[92]">&gt;&gt;</a>&nbsp;&nbsp;&nbsp;HAL_SPI_IRQHandler
</UL>
<BR>[Address Reference Count : 1]<UL><LI> startup_stm32f103xe.o(RESET)
</UL>
<P><STRONG><a name="[b7]"></a>SPI2_WriteData</STRONG> (Thumb, 14 bytes, Stack size 0 bytes, spi.o(i.SPI2_WriteData))
<BR><BR>[Stack]<UL><LI>Max Depth = 88<LI>Call Chain = SPI2_WriteData &rArr; HAL_SPI_Transmit &rArr; SPI_EndRxTxTransaction &rArr; SPI_WaitFlagStateUntilTimeout
</UL>
<BR>[Calls]<UL><LI><a href="#[9b]">&gt;&gt;</a>&nbsp;&nbsp;&nbsp;HAL_SPI_Transmit
</UL>
<BR>[Called By]<UL><LI><a href="#[b6]">&gt;&gt;</a>&nbsp;&nbsp;&nbsp;LCD_SPI_Send
</UL>

<P><STRONG><a name="[e]"></a>SVC_Handler</STRONG> (Thumb, 2 bytes, Stack size 0 bytes, stm32f1xx_it.o(i.SVC_Handler))
<BR>[Address Reference Count : 1]<UL><LI> startup_stm32f103xe.o(RESET)
</UL>
<P><STRONG><a name="[11]"></a>SysTick_Handler</STRONG> (Thumb, 4 bytes, Stack size 0 bytes, stm32f1xx_it.o(i.SysTick_Handler))
<BR><BR>[Calls]<UL><LI><a href="#[bd]">&gt;&gt;</a>&nbsp;&nbsp;&nbsp;HAL_IncTick
</UL>
<BR>[Address Reference Count : 1]<UL><LI> startup_stm32f103xe.o(RESET)
</UL>
<P><STRONG><a name="[be]"></a>SystemClock_Config</STRONG> (Thumb, 94 bytes, Stack size 72 bytes, main.o(i.SystemClock_Config))
<BR><BR>[Stack]<UL><LI>Max Depth = 136<LI>Call Chain = SystemClock_Config &rArr; HAL_RCC_ClockConfig &rArr; HAL_InitTick &rArr; HAL_NVIC_SetPriority
</UL>
<BR>[Calls]<UL><LI><a href="#[91]">&gt;&gt;</a>&nbsp;&nbsp;&nbsp;HAL_RCC_OscConfig
<LI><a href="#[8f]">&gt;&gt;</a>&nbsp;&nbsp;&nbsp;HAL_RCC_ClockConfig
<LI><a href="#[bf]">&gt;&gt;</a>&nbsp;&nbsp;&nbsp;__aeabi_memclr4
</UL>
<BR>[Called By]<UL><LI><a href="#[4e]">&gt;&gt;</a>&nbsp;&nbsp;&nbsp;main
</UL>

<P><STRONG><a name="[4f]"></a>SystemInit</STRONG> (Thumb, 2 bytes, Stack size 0 bytes, system_stm32f1xx.o(i.SystemInit))
<BR>[Address Reference Count : 1]<UL><LI> startup_stm32f103xe.o(.text)
</UL>
<P><STRONG><a name="[48]"></a>TIM6_IRQHandler</STRONG> (Thumb, 6 bytes, Stack size 0 bytes, stm32f1xx_it.o(i.TIM6_IRQHandler))
<BR><BR>[Stack]<UL><LI>Max Depth = 16<LI>Call Chain = TIM6_IRQHandler &rArr; HAL_TIM_IRQHandler
</UL>
<BR>[Calls]<UL><LI><a href="#[a1]">&gt;&gt;</a>&nbsp;&nbsp;&nbsp;HAL_TIM_IRQHandler
</UL>
<BR>[Address Reference Count : 1]<UL><LI> startup_stm32f103xe.o(RESET)
</UL>
<P><STRONG><a name="[a0]"></a>TIM_Base_SetConfig</STRONG> (Thumb, 120 bytes, Stack size 20 bytes, stm32f1xx_hal_tim.o(i.TIM_Base_SetConfig))
<BR><BR>[Stack]<UL><LI>Max Depth = 20<LI>Call Chain = TIM_Base_SetConfig
</UL>
<BR>[Called By]<UL><LI><a href="#[9e]">&gt;&gt;</a>&nbsp;&nbsp;&nbsp;HAL_TIM_Base_Init
</UL>

<P><STRONG><a name="[d]"></a>UsageFault_Handler</STRONG> (Thumb, 2 bytes, Stack size 0 bytes, stm32f1xx_it.o(i.UsageFault_Handler))
<BR><BR>[Calls]<UL><LI><a href="#[d]">&gt;&gt;</a>&nbsp;&nbsp;&nbsp;UsageFault_Handler
</UL>
<BR>[Called By]<UL><LI><a href="#[d]">&gt;&gt;</a>&nbsp;&nbsp;&nbsp;UsageFault_Handler
</UL>
<BR>[Address Reference Count : 1]<UL><LI> startup_stm32f103xe.o(RESET)
</UL>
<P><STRONG><a name="[1e0]"></a>__scatterload_copy</STRONG> (Thumb, 14 bytes, Stack size unknown bytes, handlers.o(i.__scatterload_copy), UNUSED)

<P><STRONG><a name="[1e1]"></a>__scatterload_null</STRONG> (Thumb, 2 bytes, Stack size unknown bytes, handlers.o(i.__scatterload_null), UNUSED)

<P><STRONG><a name="[1e2]"></a>__scatterload_zeroinit</STRONG> (Thumb, 14 bytes, Stack size unknown bytes, handlers.o(i.__scatterload_zeroinit), UNUSED)

<P><STRONG><a name="[55]"></a>event_handler</STRONG> (Thumb, 20 bytes, Stack size 0 bytes, gui_test.o(i.event_handler))
<BR><BR>[Stack]<UL><LI>Max Depth = 8<LI>Call Chain = event_handler &rArr; lv_tabview_get_tab_act
</UL>
<BR>[Calls]<UL><LI><a href="#[cf]">&gt;&gt;</a>&nbsp;&nbsp;&nbsp;lv_tabview_get_tab_act
</UL>
<BR>[Address Reference Count : 1]<UL><LI> gui_test.o(i.example_test)
</UL>
<P><STRONG><a name="[d0]"></a>example_test</STRONG> (Thumb, 442 bytes, Stack size 24 bytes, gui_test.o(i.example_test))
<BR><BR>[Stack]<UL><LI>Max Depth = 336<LI>Call Chain = example_test &rArr; lv_label_create &rArr; lv_label_set_text &rArr; lv_label_refr_text &rArr; lv_obj_set_height &rArr; lv_obj_set_size &rArr; lv_obj_realign &rArr; lv_obj_align_origo &rArr; lv_obj_set_pos &rArr; lv_obj_invalidate &rArr; lv_inv_area &rArr; lv_area_intersect
</UL>
<BR>[Calls]<UL><LI><a href="#[e0]">&gt;&gt;</a>&nbsp;&nbsp;&nbsp;lv_obj_set_pos
<LI><a href="#[d6]">&gt;&gt;</a>&nbsp;&nbsp;&nbsp;lv_obj_get_width
<LI><a href="#[d5]">&gt;&gt;</a>&nbsp;&nbsp;&nbsp;lv_obj_get_height
<LI><a href="#[d3]">&gt;&gt;</a>&nbsp;&nbsp;&nbsp;lv_style_copy
<LI><a href="#[d1]">&gt;&gt;</a>&nbsp;&nbsp;&nbsp;lv_disp_get_default
<LI><a href="#[d2]">&gt;&gt;</a>&nbsp;&nbsp;&nbsp;lv_disp_get_scr_act
<LI><a href="#[d7]">&gt;&gt;</a>&nbsp;&nbsp;&nbsp;lv_obj_set_size
<LI><a href="#[d9]">&gt;&gt;</a>&nbsp;&nbsp;&nbsp;lv_obj_set_event_cb
<LI><a href="#[d8]">&gt;&gt;</a>&nbsp;&nbsp;&nbsp;lv_obj_align
<LI><a href="#[df]">&gt;&gt;</a>&nbsp;&nbsp;&nbsp;lv_btn_create
<LI><a href="#[de]">&gt;&gt;</a>&nbsp;&nbsp;&nbsp;lv_label_set_text
<LI><a href="#[dd]">&gt;&gt;</a>&nbsp;&nbsp;&nbsp;lv_label_create
<LI><a href="#[db]">&gt;&gt;</a>&nbsp;&nbsp;&nbsp;lv_tabview_set_style
<LI><a href="#[da]">&gt;&gt;</a>&nbsp;&nbsp;&nbsp;lv_tabview_set_btns_pos
<LI><a href="#[d4]">&gt;&gt;</a>&nbsp;&nbsp;&nbsp;lv_tabview_create
<LI><a href="#[dc]">&gt;&gt;</a>&nbsp;&nbsp;&nbsp;lv_tabview_add_tab
</UL>
<BR>[Called By]<UL><LI><a href="#[4e]">&gt;&gt;</a>&nbsp;&nbsp;&nbsp;main
</UL>

<P><STRONG><a name="[ee]"></a>lv_anim_core_init</STRONG> (Thumb, 34 bytes, Stack size 8 bytes, lv_anim.o(i.lv_anim_core_init))
<BR><BR>[Stack]<UL><LI>Max Depth = 112<LI>Call Chain = lv_anim_core_init &rArr; lv_task_create &rArr; lv_task_create_basic &rArr; lv_ll_ins_prev &rArr; lv_ll_ins_head &rArr; lv_mem_alloc &rArr; ent_trunc
</UL>
<BR>[Calls]<UL><LI><a href="#[ef]">&gt;&gt;</a>&nbsp;&nbsp;&nbsp;lv_ll_init
<LI><a href="#[cc]">&gt;&gt;</a>&nbsp;&nbsp;&nbsp;lv_tick_get
<LI><a href="#[f0]">&gt;&gt;</a>&nbsp;&nbsp;&nbsp;lv_task_create
</UL>
<BR>[Called By]<UL><LI><a href="#[17a]">&gt;&gt;</a>&nbsp;&nbsp;&nbsp;lv_init
</UL>

<P><STRONG><a name="[f1]"></a>lv_anim_create</STRONG> (Thumb, 68 bytes, Stack size 16 bytes, lv_anim.o(i.lv_anim_create))
<BR><BR>[Stack]<UL><LI>Max Depth = 80<LI>Call Chain = lv_anim_create &rArr; lv_anim_del &rArr; lv_ll_rem &rArr; node_set_prev
</UL>
<BR>[Calls]<UL><LI><a href="#[f3]">&gt;&gt;</a>&nbsp;&nbsp;&nbsp;lv_ll_ins_head
<LI><a href="#[f2]">&gt;&gt;</a>&nbsp;&nbsp;&nbsp;lv_anim_del
<LI><a href="#[c9]">&gt;&gt;</a>&nbsp;&nbsp;&nbsp;__aeabi_memcpy4
</UL>
<BR>[Called By]<UL><LI><a href="#[1c3]">&gt;&gt;</a>&nbsp;&nbsp;&nbsp;lv_tabview_set_tab_act
<LI><a href="#[18f]">&gt;&gt;</a>&nbsp;&nbsp;&nbsp;lv_label_refr_text
<LI><a href="#[1b7]">&gt;&gt;</a>&nbsp;&nbsp;&nbsp;lv_page_start_edge_flash
<LI><a href="#[1b4]">&gt;&gt;</a>&nbsp;&nbsp;&nbsp;lv_page_scroll_ver
<LI><a href="#[1b3]">&gt;&gt;</a>&nbsp;&nbsp;&nbsp;lv_page_scroll_hor
</UL>

<P><STRONG><a name="[f2]"></a>lv_anim_del</STRONG> (Thumb, 86 bytes, Stack size 32 bytes, lv_anim.o(i.lv_anim_del))
<BR><BR>[Stack]<UL><LI>Max Depth = 64<LI>Call Chain = lv_anim_del &rArr; lv_ll_rem &rArr; node_set_prev
</UL>
<BR>[Calls]<UL><LI><a href="#[c6]">&gt;&gt;</a>&nbsp;&nbsp;&nbsp;lv_mem_free
<LI><a href="#[ca]">&gt;&gt;</a>&nbsp;&nbsp;&nbsp;lv_ll_rem
<LI><a href="#[60]">&gt;&gt;</a>&nbsp;&nbsp;&nbsp;lv_ll_get_next
<LI><a href="#[61]">&gt;&gt;</a>&nbsp;&nbsp;&nbsp;lv_ll_get_head
</UL>
<BR>[Called By]<UL><LI><a href="#[f1]">&gt;&gt;</a>&nbsp;&nbsp;&nbsp;lv_anim_create
<LI><a href="#[181]">&gt;&gt;</a>&nbsp;&nbsp;&nbsp;lv_label_set_long_mode
<LI><a href="#[18f]">&gt;&gt;</a>&nbsp;&nbsp;&nbsp;lv_label_refr_text
</UL>

<P><STRONG><a name="[6a]"></a>lv_anim_path_linear</STRONG> (Thumb, 38 bytes, Stack size 0 bytes, lv_anim.o(i.lv_anim_path_linear))
<BR>[Address Reference Count : 5]<UL><LI> lv_label.o(i.lv_label_refr_text)
<LI> lv_page.o(i.lv_page_scroll_hor)
<LI> lv_page.o(i.lv_page_scroll_ver)
<LI> lv_page.o(i.lv_page_start_edge_flash)
<LI> lv_tabview.o(i.lv_tabview_set_tab_act)
</UL>
<P><STRONG><a name="[190]"></a>lv_anim_speed_to_time</STRONG> (Thumb, 38 bytes, Stack size 0 bytes, lv_anim.o(i.lv_anim_speed_to_time))
<BR><BR>[Called By]<UL><LI><a href="#[18f]">&gt;&gt;</a>&nbsp;&nbsp;&nbsp;lv_label_refr_text
</UL>

<P><STRONG><a name="[1be]"></a>lv_area_get_size</STRONG> (Thumb, 28 bytes, Stack size 0 bytes, lv_area.o(i.lv_area_get_size))
<BR><BR>[Called By]<UL><LI><a href="#[13c]">&gt;&gt;</a>&nbsp;&nbsp;&nbsp;lv_refr_join_area
<LI><a href="#[13d]">&gt;&gt;</a>&nbsp;&nbsp;&nbsp;lv_refr_areas
</UL>

<P><STRONG><a name="[147]"></a>lv_area_intersect</STRONG> (Thumb, 80 bytes, Stack size 16 bytes, lv_area.o(i.lv_area_intersect))
<BR><BR>[Stack]<UL><LI>Max Depth = 16<LI>Call Chain = lv_area_intersect
</UL>
<BR>[Called By]<UL><LI><a href="#[ce]">&gt;&gt;</a>&nbsp;&nbsp;&nbsp;lv_obj_invalidate
<LI><a href="#[146]">&gt;&gt;</a>&nbsp;&nbsp;&nbsp;lv_draw_fill
<LI><a href="#[1c0]">&gt;&gt;</a>&nbsp;&nbsp;&nbsp;lv_refr_obj
<LI><a href="#[1bb]">&gt;&gt;</a>&nbsp;&nbsp;&nbsp;lv_refr_area_part
<LI><a href="#[ed]">&gt;&gt;</a>&nbsp;&nbsp;&nbsp;lv_inv_area
</UL>

<P><STRONG><a name="[161]"></a>lv_area_is_in</STRONG> (Thumb, 58 bytes, Stack size 8 bytes, lv_area.o(i.lv_area_is_in))
<BR><BR>[Stack]<UL><LI>Max Depth = 8<LI>Call Chain = lv_area_is_in
</UL>
<BR>[Called By]<UL><LI><a href="#[155]">&gt;&gt;</a>&nbsp;&nbsp;&nbsp;lv_draw_shadow
<LI><a href="#[1bc]">&gt;&gt;</a>&nbsp;&nbsp;&nbsp;lv_refr_get_top_obj
<LI><a href="#[ed]">&gt;&gt;</a>&nbsp;&nbsp;&nbsp;lv_inv_area
<LI><a href="#[70]">&gt;&gt;</a>&nbsp;&nbsp;&nbsp;lv_obj_design
</UL>

<P><STRONG><a name="[156]"></a>lv_area_is_on</STRONG> (Thumb, 56 bytes, Stack size 0 bytes, lv_area.o(i.lv_area_is_on))
<BR><BR>[Called By]<UL><LI><a href="#[13c]">&gt;&gt;</a>&nbsp;&nbsp;&nbsp;lv_refr_join_area
<LI><a href="#[110]">&gt;&gt;</a>&nbsp;&nbsp;&nbsp;lv_draw_rect
</UL>

<P><STRONG><a name="[e7]"></a>lv_area_is_point_on</STRONG> (Thumb, 50 bytes, Stack size 8 bytes, lv_area.o(i.lv_area_is_point_on))
<BR><BR>[Stack]<UL><LI>Max Depth = 8<LI>Call Chain = lv_area_is_point_on
</UL>
<BR>[Called By]<UL><LI><a href="#[e5]">&gt;&gt;</a>&nbsp;&nbsp;&nbsp;get_button_from_point
</UL>

<P><STRONG><a name="[1bf]"></a>lv_area_join</STRONG> (Thumb, 68 bytes, Stack size 8 bytes, lv_area.o(i.lv_area_join))
<BR><BR>[Stack]<UL><LI>Max Depth = 8<LI>Call Chain = lv_area_join
</UL>
<BR>[Called By]<UL><LI><a href="#[13c]">&gt;&gt;</a>&nbsp;&nbsp;&nbsp;lv_refr_join_area
</UL>

<P><STRONG><a name="[117]"></a>lv_area_set</STRONG> (Thumb, 14 bytes, Stack size 8 bytes, lv_area.o(i.lv_area_set))
<BR><BR>[Stack]<UL><LI>Max Depth = 8<LI>Call Chain = lv_area_set
</UL>
<BR>[Called By]<UL><LI><a href="#[158]">&gt;&gt;</a>&nbsp;&nbsp;&nbsp;lv_draw_rect_main_corner
<LI><a href="#[10b]">&gt;&gt;</a>&nbsp;&nbsp;&nbsp;lv_btnm_set_map
</UL>

<P><STRONG><a name="[f6]"></a>lv_area_set_height</STRONG> (Thumb, 10 bytes, Stack size 0 bytes, lv_area.o(i.lv_area_set_height))
<BR><BR>[Called By]<UL><LI><a href="#[f4]">&gt;&gt;</a>&nbsp;&nbsp;&nbsp;lv_area_set_pos
<LI><a href="#[1ad]">&gt;&gt;</a>&nbsp;&nbsp;&nbsp;lv_page_set_style
<LI><a href="#[1ae]">&gt;&gt;</a>&nbsp;&nbsp;&nbsp;lv_page_sb_refresh
</UL>

<P><STRONG><a name="[f4]"></a>lv_area_set_pos</STRONG> (Thumb, 48 bytes, Stack size 12 bytes, lv_area.o(i.lv_area_set_pos))
<BR><BR>[Stack]<UL><LI>Max Depth = 12<LI>Call Chain = lv_area_set_pos
</UL>
<BR>[Calls]<UL><LI><a href="#[f6]">&gt;&gt;</a>&nbsp;&nbsp;&nbsp;lv_area_set_height
<LI><a href="#[f5]">&gt;&gt;</a>&nbsp;&nbsp;&nbsp;lv_area_set_width
</UL>
<BR>[Called By]<UL><LI><a href="#[1ae]">&gt;&gt;</a>&nbsp;&nbsp;&nbsp;lv_page_sb_refresh
</UL>

<P><STRONG><a name="[f5]"></a>lv_area_set_width</STRONG> (Thumb, 10 bytes, Stack size 0 bytes, lv_area.o(i.lv_area_set_width))
<BR><BR>[Called By]<UL><LI><a href="#[f4]">&gt;&gt;</a>&nbsp;&nbsp;&nbsp;lv_area_set_pos
<LI><a href="#[1ad]">&gt;&gt;</a>&nbsp;&nbsp;&nbsp;lv_page_set_style
<LI><a href="#[1ae]">&gt;&gt;</a>&nbsp;&nbsp;&nbsp;lv_page_sb_refresh
</UL>

<P><STRONG><a name="[df]"></a>lv_btn_create</STRONG> (Thumb, 242 bytes, Stack size 24 bytes, lv_btn.o(i.lv_btn_create))
<BR><BR>[Stack]<UL><LI>Max Depth = 232<LI>Call Chain = lv_btn_create &rArr; lv_cont_create &rArr; lv_obj_create &rArr; lv_group_add_obj &rArr; lv_group_refocus &rArr; lv_group_focus_prev &rArr; focus_next_core &rArr; obj_to_foreground &rArr; lv_obj_move_foreground &rArr; lv_obj_invalidate &rArr; lv_inv_area &rArr; lv_area_intersect
</UL>
<BR>[Calls]<UL><LI><a href="#[100]">&gt;&gt;</a>&nbsp;&nbsp;&nbsp;lv_theme_get_current
<LI><a href="#[102]">&gt;&gt;</a>&nbsp;&nbsp;&nbsp;lv_obj_set_style
<LI><a href="#[fb]">&gt;&gt;</a>&nbsp;&nbsp;&nbsp;lv_obj_set_signal_cb
<LI><a href="#[fc]">&gt;&gt;</a>&nbsp;&nbsp;&nbsp;lv_obj_set_design_cb
<LI><a href="#[ff]">&gt;&gt;</a>&nbsp;&nbsp;&nbsp;lv_obj_set_click
<LI><a href="#[fd]">&gt;&gt;</a>&nbsp;&nbsp;&nbsp;lv_obj_refresh_style
<LI><a href="#[f8]">&gt;&gt;</a>&nbsp;&nbsp;&nbsp;lv_obj_get_signal_cb
<LI><a href="#[c5]">&gt;&gt;</a>&nbsp;&nbsp;&nbsp;lv_obj_get_ext_attr
<LI><a href="#[f9]">&gt;&gt;</a>&nbsp;&nbsp;&nbsp;lv_obj_get_design_cb
<LI><a href="#[fa]">&gt;&gt;</a>&nbsp;&nbsp;&nbsp;lv_obj_allocate_ext_attr
<LI><a href="#[fe]">&gt;&gt;</a>&nbsp;&nbsp;&nbsp;lv_cont_set_layout
<LI><a href="#[f7]">&gt;&gt;</a>&nbsp;&nbsp;&nbsp;lv_cont_create
<LI><a href="#[101]">&gt;&gt;</a>&nbsp;&nbsp;&nbsp;lv_btn_set_style
<LI><a href="#[c9]">&gt;&gt;</a>&nbsp;&nbsp;&nbsp;__aeabi_memcpy4
</UL>
<BR>[Called By]<UL><LI><a href="#[d0]">&gt;&gt;</a>&nbsp;&nbsp;&nbsp;example_test
</UL>

<P><STRONG><a name="[103]"></a>lv_btn_get_toggle</STRONG> (Thumb, 14 bytes, Stack size 8 bytes, lv_btn.o(i.lv_btn_get_toggle))
<BR><BR>[Stack]<UL><LI>Max Depth = 8<LI>Call Chain = lv_btn_get_toggle
</UL>
<BR>[Calls]<UL><LI><a href="#[c5]">&gt;&gt;</a>&nbsp;&nbsp;&nbsp;lv_obj_get_ext_attr
</UL>
<BR>[Called By]<UL><LI><a href="#[5a]">&gt;&gt;</a>&nbsp;&nbsp;&nbsp;lv_btn_signal
</UL>

<P><STRONG><a name="[104]"></a>lv_btn_set_state</STRONG> (Thumb, 44 bytes, Stack size 16 bytes, lv_btn.o(i.lv_btn_set_state))
<BR><BR>[Stack]<UL><LI>Max Depth = 120<LI>Call Chain = lv_btn_set_state &rArr; lv_obj_set_style &rArr; refresh_children_style &rArr;  refresh_children_style (Cycle)
</UL>
<BR>[Calls]<UL><LI><a href="#[102]">&gt;&gt;</a>&nbsp;&nbsp;&nbsp;lv_obj_set_style
<LI><a href="#[c5]">&gt;&gt;</a>&nbsp;&nbsp;&nbsp;lv_obj_get_ext_attr
</UL>
<BR>[Called By]<UL><LI><a href="#[5a]">&gt;&gt;</a>&nbsp;&nbsp;&nbsp;lv_btn_signal
</UL>

<P><STRONG><a name="[101]"></a>lv_btn_set_style</STRONG> (Thumb, 66 bytes, Stack size 16 bytes, lv_btn.o(i.lv_btn_set_style))
<BR><BR>[Stack]<UL><LI>Max Depth = 120<LI>Call Chain = lv_btn_set_style &rArr; lv_obj_set_style &rArr; refresh_children_style &rArr;  refresh_children_style (Cycle)
</UL>
<BR>[Calls]<UL><LI><a href="#[102]">&gt;&gt;</a>&nbsp;&nbsp;&nbsp;lv_obj_set_style
<LI><a href="#[c5]">&gt;&gt;</a>&nbsp;&nbsp;&nbsp;lv_obj_get_ext_attr
</UL>
<BR>[Called By]<UL><LI><a href="#[df]">&gt;&gt;</a>&nbsp;&nbsp;&nbsp;lv_btn_create
</UL>

<P><STRONG><a name="[106]"></a>lv_btnm_clear_btn_ctrl</STRONG> (Thumb, 44 bytes, Stack size 16 bytes, lv_btnm.o(i.lv_btnm_clear_btn_ctrl))
<BR><BR>[Stack]<UL><LI>Max Depth = 104<LI>Call Chain = lv_btnm_clear_btn_ctrl &rArr; invalidate_button_area &rArr; lv_inv_area &rArr; lv_area_intersect
</UL>
<BR>[Calls]<UL><LI><a href="#[c5]">&gt;&gt;</a>&nbsp;&nbsp;&nbsp;lv_obj_get_ext_attr
<LI><a href="#[eb]">&gt;&gt;</a>&nbsp;&nbsp;&nbsp;invalidate_button_area
</UL>
<BR>[Called By]<UL><LI><a href="#[1c3]">&gt;&gt;</a>&nbsp;&nbsp;&nbsp;lv_tabview_set_tab_act
<LI><a href="#[107]">&gt;&gt;</a>&nbsp;&nbsp;&nbsp;lv_btnm_clear_btn_ctrl_all
</UL>

<P><STRONG><a name="[107]"></a>lv_btnm_clear_btn_ctrl_all</STRONG> (Thumb, 42 bytes, Stack size 24 bytes, lv_btnm.o(i.lv_btnm_clear_btn_ctrl_all))
<BR><BR>[Stack]<UL><LI>Max Depth = 128<LI>Call Chain = lv_btnm_clear_btn_ctrl_all &rArr; lv_btnm_clear_btn_ctrl &rArr; invalidate_button_area &rArr; lv_inv_area &rArr; lv_area_intersect
</UL>
<BR>[Calls]<UL><LI><a href="#[c5]">&gt;&gt;</a>&nbsp;&nbsp;&nbsp;lv_obj_get_ext_attr
<LI><a href="#[106]">&gt;&gt;</a>&nbsp;&nbsp;&nbsp;lv_btnm_clear_btn_ctrl
</UL>
<BR>[Called By]<UL><LI><a href="#[11c]">&gt;&gt;</a>&nbsp;&nbsp;&nbsp;make_one_button_toggled
<LI><a href="#[7c]">&gt;&gt;</a>&nbsp;&nbsp;&nbsp;tab_btnm_event_cb
</UL>

<P><STRONG><a name="[108]"></a>lv_btnm_create</STRONG> (Thumb, 270 bytes, Stack size 24 bytes, lv_btnm.o(i.lv_btnm_create))
<BR><BR>[Stack]<UL><LI>Max Depth = 208<LI>Call Chain = lv_btnm_create &rArr; lv_obj_create &rArr; lv_group_add_obj &rArr; lv_group_refocus &rArr; lv_group_focus_prev &rArr; focus_next_core &rArr; obj_to_foreground &rArr; lv_obj_move_foreground &rArr; lv_obj_invalidate &rArr; lv_inv_area &rArr; lv_area_intersect
</UL>
<BR>[Calls]<UL><LI><a href="#[100]">&gt;&gt;</a>&nbsp;&nbsp;&nbsp;lv_theme_get_current
<LI><a href="#[102]">&gt;&gt;</a>&nbsp;&nbsp;&nbsp;lv_obj_set_style
<LI><a href="#[d7]">&gt;&gt;</a>&nbsp;&nbsp;&nbsp;lv_obj_set_size
<LI><a href="#[fb]">&gt;&gt;</a>&nbsp;&nbsp;&nbsp;lv_obj_set_signal_cb
<LI><a href="#[fc]">&gt;&gt;</a>&nbsp;&nbsp;&nbsp;lv_obj_set_design_cb
<LI><a href="#[f8]">&gt;&gt;</a>&nbsp;&nbsp;&nbsp;lv_obj_get_signal_cb
<LI><a href="#[c5]">&gt;&gt;</a>&nbsp;&nbsp;&nbsp;lv_obj_get_ext_attr
<LI><a href="#[f9]">&gt;&gt;</a>&nbsp;&nbsp;&nbsp;lv_obj_get_design_cb
<LI><a href="#[109]">&gt;&gt;</a>&nbsp;&nbsp;&nbsp;lv_obj_create
<LI><a href="#[fa]">&gt;&gt;</a>&nbsp;&nbsp;&nbsp;lv_obj_allocate_ext_attr
<LI><a href="#[10c]">&gt;&gt;</a>&nbsp;&nbsp;&nbsp;lv_btnm_set_style
<LI><a href="#[10b]">&gt;&gt;</a>&nbsp;&nbsp;&nbsp;lv_btnm_set_map
<LI><a href="#[10a]">&gt;&gt;</a>&nbsp;&nbsp;&nbsp;lv_btnm_get_map_array
<LI><a href="#[c9]">&gt;&gt;</a>&nbsp;&nbsp;&nbsp;__aeabi_memcpy4
</UL>
<BR>[Called By]<UL><LI><a href="#[d4]">&gt;&gt;</a>&nbsp;&nbsp;&nbsp;lv_tabview_create
</UL>

<P><STRONG><a name="[113]"></a>lv_btnm_get_active_btn</STRONG> (Thumb, 10 bytes, Stack size 8 bytes, lv_btnm.o(i.lv_btnm_get_active_btn))
<BR><BR>[Stack]<UL><LI>Max Depth = 8<LI>Call Chain = lv_btnm_get_active_btn
</UL>
[...]
</UL>
<BR>[Calls]<UL><LI><a href="#[c6]">&gt;&gt;</a>&nbsp;&nbsp;&nbsp;lv_mem_free
<LI><a href="#[10d]">&gt;&gt;</a>&nbsp;&nbsp;&nbsp;lv_obj_get_style
<LI><a href="#[c5]">&gt;&gt;</a>&nbsp;&nbsp;&nbsp;lv_obj_get_ext_attr
<LI><a href="#[192]">&gt;&gt;</a>&nbsp;&nbsp;&nbsp;lv_label_revert_dots
<LI><a href="#[18f]">&gt;&gt;</a>&nbsp;&nbsp;&nbsp;lv_label_refr_text
<LI><a href="#[18c]">&gt;&gt;</a>&nbsp;&nbsp;&nbsp;lv_label_dot_tmp_free
</UL>
<BR>[Address Reference Count : 1]<UL><LI> lv_label.o(i.lv_label_create)
</UL>
<P><STRONG><a name="[76]"></a>edge_flash_anim</STRONG> (Thumb, 22 bytes, Stack size 16 bytes, lv_page.o(i.edge_flash_anim))
<BR><BR>[Stack]<UL><LI>Max Depth = 88<LI>Call Chain = edge_flash_anim &rArr; lv_obj_invalidate &rArr; lv_inv_area &rArr; lv_area_intersect
</UL>
<BR>[Calls]<UL><LI><a href="#[ce]">&gt;&gt;</a>&nbsp;&nbsp;&nbsp;lv_obj_invalidate
<LI><a href="#[c5]">&gt;&gt;</a>&nbsp;&nbsp;&nbsp;lv_obj_get_ext_attr
</UL>
<BR>[Address Reference Count : 1]<UL><LI> lv_page.o(i.lv_page_start_edge_flash)
</UL>
<P><STRONG><a name="[77]"></a>edge_flash_anim_end</STRONG> (Thumb, 30 bytes, Stack size 8 bytes, lv_page.o(i.edge_flash_anim_end))
<BR><BR>[Stack]<UL><LI>Max Depth = 80<LI>Call Chain = edge_flash_anim_end &rArr; lv_obj_invalidate &rArr; lv_inv_area &rArr; lv_area_intersect
</UL>
<BR>[Calls]<UL><LI><a href="#[ce]">&gt;&gt;</a>&nbsp;&nbsp;&nbsp;lv_obj_invalidate
<LI><a href="#[c5]">&gt;&gt;</a>&nbsp;&nbsp;&nbsp;lv_obj_get_ext_attr
</UL>
<BR>[Address Reference Count : 1]<UL><LI> lv_page.o(i.lv_page_start_edge_flash)
</UL>
<P><STRONG><a name="[1b8]"></a>lv_area_get_height</STRONG> (Thumb, 12 bytes, Stack size 0 bytes, lv_page.o(i.lv_area_get_height))
<BR><BR>[Called By]<UL><LI><a href="#[72]">&gt;&gt;</a>&nbsp;&nbsp;&nbsp;lv_page_signal
<LI><a href="#[71]">&gt;&gt;</a>&nbsp;&nbsp;&nbsp;lv_page_scrollable_signal
</UL>

<P><STRONG><a name="[1b6]"></a>lv_area_get_width</STRONG> (Thumb, 12 bytes, Stack size 0 bytes, lv_page.o(i.lv_area_get_width))
<BR><BR>[Called By]<UL><LI><a href="#[72]">&gt;&gt;</a>&nbsp;&nbsp;&nbsp;lv_page_signal
<LI><a href="#[71]">&gt;&gt;</a>&nbsp;&nbsp;&nbsp;lv_page_scrollable_signal
</UL>

<P><STRONG><a name="[73]"></a>lv_page_design</STRONG> (Thumb, 526 bytes, Stack size 168 bytes, lv_page.o(i.lv_page_design))
<BR><BR>[Stack]<UL><LI>Max Depth = 628<LI>Call Chain = lv_page_design &rArr; lv_draw_rect &rArr; lv_draw_shadow &rArr; lv_draw_shadow_full &rArr; lv_draw_shadow_full_straight &rArr; lv_draw_fill &rArr; sw_color_fill &rArr; lv_color_mix
</UL>
<BR>[Calls]<UL><LI><a href="#[d6]">&gt;&gt;</a>&nbsp;&nbsp;&nbsp;lv_obj_get_width
<LI><a href="#[d5]">&gt;&gt;</a>&nbsp;&nbsp;&nbsp;lv_obj_get_height
<LI><a href="#[d3]">&gt;&gt;</a>&nbsp;&nbsp;&nbsp;lv_style_copy
<LI><a href="#[110]">&gt;&gt;</a>&nbsp;&nbsp;&nbsp;lv_draw_rect
<LI><a href="#[10e]">&gt;&gt;</a>&nbsp;&nbsp;&nbsp;lv_obj_get_opa_scale
<LI><a href="#[c5]">&gt;&gt;</a>&nbsp;&nbsp;&nbsp;lv_obj_get_ext_attr
<LI><a href="#[1ac]">&gt;&gt;</a>&nbsp;&nbsp;&nbsp;lv_page_get_style
</UL>
<BR>[Address Reference Count : 1]<UL><LI> lv_page.o(i.lv_page_create)
</UL>
<P><STRONG><a name="[1b1]"></a>lv_page_get_scrl_width</STRONG> (Thumb, 14 bytes, Stack size 8 bytes, lv_page.o(i.lv_page_get_scrl_width))
<BR><BR>[Stack]<UL><LI>Max Depth = 16<LI>Call Chain = lv_page_get_scrl_width &rArr; lv_page_get_scrl
</UL>
<BR>[Calls]<UL><LI><a href="#[d6]">&gt;&gt;</a>&nbsp;&nbsp;&nbsp;lv_obj_get_width
<LI><a href="#[1b0]">&gt;&gt;</a>&nbsp;&nbsp;&nbsp;lv_page_get_scrl
</UL>
<BR>[Called By]<UL><LI><a href="#[72]">&gt;&gt;</a>&nbsp;&nbsp;&nbsp;lv_page_signal
</UL>

<P><STRONG><a name="[1ae]"></a>lv_page_sb_refresh</STRONG> (Thumb, 862 bytes, Stack size 64 bytes, lv_page.o(i.lv_page_sb_refresh))
<BR><BR>[Stack]<UL><LI>Max Depth = 112<LI>Call Chain = lv_page_sb_refresh &rArr; lv_inv_area &rArr; lv_area_intersect
</UL>
<BR>[Calls]<UL><LI><a href="#[19d]">&gt;&gt;</a>&nbsp;&nbsp;&nbsp;lv_obj_get_y
<LI><a href="#[19c]">&gt;&gt;</a>&nbsp;&nbsp;&nbsp;lv_obj_get_x
<LI><a href="#[d6]">&gt;&gt;</a>&nbsp;&nbsp;&nbsp;lv_obj_get_width
<LI><a href="#[d5]">&gt;&gt;</a>&nbsp;&nbsp;&nbsp;lv_obj_get_height
<LI><a href="#[105]">&gt;&gt;</a>&nbsp;&nbsp;&nbsp;lv_indev_is_dragging
<LI><a href="#[118]">&gt;&gt;</a>&nbsp;&nbsp;&nbsp;lv_indev_get_act
<LI><a href="#[ec]">&gt;&gt;</a>&nbsp;&nbsp;&nbsp;lv_obj_get_disp
<LI><a href="#[f6]">&gt;&gt;</a>&nbsp;&nbsp;&nbsp;lv_area_set_height
<LI><a href="#[ed]">&gt;&gt;</a>&nbsp;&nbsp;&nbsp;lv_inv_area
<LI><a href="#[10d]">&gt;&gt;</a>&nbsp;&nbsp;&nbsp;lv_obj_get_style
<LI><a href="#[c5]">&gt;&gt;</a>&nbsp;&nbsp;&nbsp;lv_obj_get_ext_attr
<LI><a href="#[f5]">&gt;&gt;</a>&nbsp;&nbsp;&nbsp;lv_area_set_width
<LI><a href="#[f4]">&gt;&gt;</a>&nbsp;&nbsp;&nbsp;lv_area_set_pos
</UL>
<BR>[Called By]<UL><LI><a href="#[1ad]">&gt;&gt;</a>&nbsp;&nbsp;&nbsp;lv_page_set_style
<LI><a href="#[1ab]">&gt;&gt;</a>&nbsp;&nbsp;&nbsp;lv_page_set_sb_mode
<LI><a href="#[1aa]">&gt;&gt;</a>&nbsp;&nbsp;&nbsp;lv_page_create
<LI><a href="#[72]">&gt;&gt;</a>&nbsp;&nbsp;&nbsp;lv_page_signal
<LI><a href="#[71]">&gt;&gt;</a>&nbsp;&nbsp;&nbsp;lv_page_scrollable_signal
</UL>

<P><STRONG><a name="[71]"></a>lv_page_scrollable_signal</STRONG> (Thumb, 1042 bytes, Stack size 136 bytes, lv_page.o(i.lv_page_scrollable_signal))
<BR><BR>[Stack]<UL><LI>Max Depth = 264<LI>Call Chain = lv_page_scrollable_signal &rArr; lv_page_start_edge_flash &rArr; lv_anim_create &rArr; lv_anim_del &rArr; lv_ll_rem &rArr; node_set_prev
</UL>
<BR>[Calls]<UL><LI><a href="#[6e]">&gt;&gt;</a>&nbsp;&nbsp;&nbsp;lv_obj_set_y
<LI><a href="#[6d]">&gt;&gt;</a>&nbsp;&nbsp;&nbsp;lv_obj_set_x
<LI><a href="#[e0]">&gt;&gt;</a>&nbsp;&nbsp;&nbsp;lv_obj_set_pos
<LI><a href="#[19d]">&gt;&gt;</a>&nbsp;&nbsp;&nbsp;lv_obj_get_y
<LI><a href="#[19c]">&gt;&gt;</a>&nbsp;&nbsp;&nbsp;lv_obj_get_x
<LI><a href="#[e6]">&gt;&gt;</a>&nbsp;&nbsp;&nbsp;lv_obj_get_coords
<LI><a href="#[105]">&gt;&gt;</a>&nbsp;&nbsp;&nbsp;lv_indev_is_dragging
<LI><a href="#[1b5]">&gt;&gt;</a>&nbsp;&nbsp;&nbsp;lv_indev_get_vect
<LI><a href="#[118]">&gt;&gt;</a>&nbsp;&nbsp;&nbsp;lv_indev_get_act
<LI><a href="#[12d]">&gt;&gt;</a>&nbsp;&nbsp;&nbsp;lv_obj_get_parent
<LI><a href="#[ec]">&gt;&gt;</a>&nbsp;&nbsp;&nbsp;lv_obj_get_disp
<LI><a href="#[ed]">&gt;&gt;</a>&nbsp;&nbsp;&nbsp;lv_inv_area
<LI><a href="#[10d]">&gt;&gt;</a>&nbsp;&nbsp;&nbsp;lv_obj_get_style
<LI><a href="#[c5]">&gt;&gt;</a>&nbsp;&nbsp;&nbsp;lv_obj_get_ext_attr
<LI><a href="#[1b7]">&gt;&gt;</a>&nbsp;&nbsp;&nbsp;lv_page_start_edge_flash
<LI><a href="#[1ae]">&gt;&gt;</a>&nbsp;&nbsp;&nbsp;lv_page_sb_refresh
<LI><a href="#[1b6]">&gt;&gt;</a>&nbsp;&nbsp;&nbsp;lv_area_get_width
<LI><a href="#[1b8]">&gt;&gt;</a>&nbsp;&nbsp;&nbsp;lv_area_get_height
</UL>
<BR>[Address Reference Count : 1]<UL><LI> lv_page.o(i.lv_page_create)
</UL>
<P><STRONG><a name="[72]"></a>lv_page_signal</STRONG> (Thumb, 546 bytes, Stack size 40 bytes, lv_page.o(i.lv_page_signal))
<BR><BR>[Stack]<UL><LI>Max Depth = 168<LI>Call Chain = lv_page_signal &rArr; lv_page_scroll_ver &rArr; lv_anim_create &rArr; lv_anim_del &rArr; lv_ll_rem &rArr; node_set_prev
</UL>
<BR>[Calls]<UL><LI><a href="#[1a6]">&gt;&gt;</a>&nbsp;&nbsp;&nbsp;lv_obj_set_parent
<LI><a href="#[124]">&gt;&gt;</a>&nbsp;&nbsp;&nbsp;lv_obj_is_protected
<LI><a href="#[d6]">&gt;&gt;</a>&nbsp;&nbsp;&nbsp;lv_obj_get_width
<LI><a href="#[d5]">&gt;&gt;</a>&nbsp;&nbsp;&nbsp;lv_obj_get_height
<LI><a href="#[193]">&gt;&gt;</a>&nbsp;&nbsp;&nbsp;lv_obj_refresh_ext_draw_pad
<LI><a href="#[c5]">&gt;&gt;</a>&nbsp;&nbsp;&nbsp;lv_obj_get_ext_attr
<LI><a href="#[129]">&gt;&gt;</a>&nbsp;&nbsp;&nbsp;lv_obj_get_child
<LI><a href="#[1ac]">&gt;&gt;</a>&nbsp;&nbsp;&nbsp;lv_page_get_style
<LI><a href="#[1b0]">&gt;&gt;</a>&nbsp;&nbsp;&nbsp;lv_page_get_scrl
<LI><a href="#[121]">&gt;&gt;</a>&nbsp;&nbsp;&nbsp;lv_cont_get_fit_top
<LI><a href="#[120]">&gt;&gt;</a>&nbsp;&nbsp;&nbsp;lv_cont_get_fit_left
<LI><a href="#[1b4]">&gt;&gt;</a>&nbsp;&nbsp;&nbsp;lv_page_scroll_ver
<LI><a href="#[1b3]">&gt;&gt;</a>&nbsp;&nbsp;&nbsp;lv_page_scroll_hor
<LI><a href="#[1ae]">&gt;&gt;</a>&nbsp;&nbsp;&nbsp;lv_page_sb_refresh
<LI><a href="#[1b1]">&gt;&gt;</a>&nbsp;&nbsp;&nbsp;lv_page_get_scrl_width
<LI><a href="#[1b6]">&gt;&gt;</a>&nbsp;&nbsp;&nbsp;lv_area_get_width
<LI><a href="#[1b8]">&gt;&gt;</a>&nbsp;&nbsp;&nbsp;lv_area_get_height
</UL>
<BR>[Address Reference Count : 1]<UL><LI> lv_page.o(i.lv_page_create)
</UL>
<P><STRONG><a name="[74]"></a>lv_scrl_design</STRONG> (Thumb, 138 bytes, Stack size 40 bytes, lv_page.o(i.lv_scrl_design))
<BR><BR>[Stack]<UL><LI>Max Depth = 72<LI>Call Chain = lv_scrl_design &rArr; lv_obj_get_style &rArr; lv_group_mod_style
</UL>
<BR>[Calls]<UL><LI><a href="#[11d]">&gt;&gt;</a>&nbsp;&nbsp;&nbsp;lv_obj_get_group
<LI><a href="#[16d]">&gt;&gt;</a>&nbsp;&nbsp;&nbsp;lv_group_mod_style
<LI><a href="#[11e]">&gt;&gt;</a>&nbsp;&nbsp;&nbsp;lv_group_get_focused
<LI><a href="#[12d]">&gt;&gt;</a>&nbsp;&nbsp;&nbsp;lv_obj_get_parent
<LI><a href="#[10d]">&gt;&gt;</a>&nbsp;&nbsp;&nbsp;lv_obj_get_style
</UL>
<BR>[Address Reference Count : 1]<UL><LI> lv_page.o(i.lv_page_create)
</UL>
<P><STRONG><a name="[75]"></a>scrl_def_event_cb</STRONG> (Thumb, 60 bytes, Stack size 16 bytes, lv_page.o(i.scrl_def_event_cb))
<BR><BR>[Stack]<UL><LI>Max Depth = 64<LI>Call Chain = scrl_def_event_cb &rArr; lv_event_send &rArr; lv_event_send_func &rArr;  lv_event_send (Cycle)
</UL>
<BR>[Calls]<UL><LI><a href="#[e3]">&gt;&gt;</a>&nbsp;&nbsp;&nbsp;lv_event_send
<LI><a href="#[12d]">&gt;&gt;</a>&nbsp;&nbsp;&nbsp;lv_obj_get_parent
<LI><a href="#[1c8]">&gt;&gt;</a>&nbsp;&nbsp;&nbsp;lv_event_get_data
</UL>
<BR>[Address Reference Count : 1]<UL><LI> lv_page.o(i.lv_page_create)
</UL>
<P><STRONG><a name="[132]"></a>lv_cont_set_fit2</STRONG> (Thumb, 14 bytes, Stack size 8 bytes, lv_tabview.o(i.lv_cont_set_fit2))
<BR><BR>[Stack]<UL><LI>Max Depth = 104<LI>Call Chain = lv_cont_set_fit2 &rArr; lv_cont_set_fit4 &rArr; lv_obj_invalidate &rArr; lv_inv_area &rArr; lv_area_intersect
</UL>
<BR>[Calls]<UL><LI><a href="#[133]">&gt;&gt;</a>&nbsp;&nbsp;&nbsp;lv_cont_set_fit4
</UL>
<BR>[Called By]<UL><LI><a href="#[d4]">&gt;&gt;</a>&nbsp;&nbsp;&nbsp;lv_tabview_create
<LI><a href="#[1c2]">&gt;&gt;</a>&nbsp;&nbsp;&nbsp;tabview_realign
</UL>

<P><STRONG><a name="[7b]"></a>lv_tabview_signal</STRONG> (Thumb, 306 bytes, Stack size 32 bytes, lv_tabview.o(i.lv_tabview_signal))
<BR><BR>[Stack]<UL><LI>Max Depth = 240<LI>Call Chain = lv_tabview_signal &rArr; tabview_realign &rArr; lv_tabview_set_tab_act &rArr; lv_obj_set_y &rArr; lv_obj_set_pos &rArr; lv_obj_invalidate &rArr; lv_inv_area &rArr; lv_area_intersect
</UL>
<BR>[Calls]<UL><LI><a href="#[d6]">&gt;&gt;</a>&nbsp;&nbsp;&nbsp;lv_obj_get_width
<LI><a href="#[d5]">&gt;&gt;</a>&nbsp;&nbsp;&nbsp;lv_obj_get_height
<LI><a href="#[11d]">&gt;&gt;</a>&nbsp;&nbsp;&nbsp;lv_obj_get_group
<LI><a href="#[119]">&gt;&gt;</a>&nbsp;&nbsp;&nbsp;lv_indev_get_type
<LI><a href="#[118]">&gt;&gt;</a>&nbsp;&nbsp;&nbsp;lv_indev_get_act
<LI><a href="#[c6]">&gt;&gt;</a>&nbsp;&nbsp;&nbsp;lv_mem_free
<LI><a href="#[e3]">&gt;&gt;</a>&nbsp;&nbsp;&nbsp;lv_event_send
<LI><a href="#[11f]">&gt;&gt;</a>&nbsp;&nbsp;&nbsp;lv_group_get_editing
<LI><a href="#[ce]">&gt;&gt;</a>&nbsp;&nbsp;&nbsp;lv_obj_invalidate
<LI><a href="#[c5]">&gt;&gt;</a>&nbsp;&nbsp;&nbsp;lv_obj_get_ext_attr
<LI><a href="#[1c8]">&gt;&gt;</a>&nbsp;&nbsp;&nbsp;lv_event_get_data
<LI><a href="#[1c2]">&gt;&gt;</a>&nbsp;&nbsp;&nbsp;tabview_realign
</UL>
<BR>[Address Reference Count : 1]<UL><LI> lv_tabview.o(i.lv_tabview_create)
</UL>
<P><STRONG><a name="[7c]"></a>tab_btnm_event_cb</STRONG> (Thumb, 88 bytes, Stack size 24 bytes, lv_tabview.o(i.tab_btnm_event_cb))
<BR><BR>[Stack]<UL><LI>Max Depth = 200<LI>Call Chain = tab_btnm_event_cb &rArr; lv_tabview_set_tab_act &rArr; lv_obj_set_y &rArr; lv_obj_set_pos &rArr; lv_obj_invalidate &rArr; lv_inv_area &rArr; lv_area_intersect
</UL>
<BR>[Calls]<UL><LI><a href="#[1c3]">&gt;&gt;</a>&nbsp;&nbsp;&nbsp;lv_tabview_set_tab_act
<LI><a href="#[e3]">&gt;&gt;</a>&nbsp;&nbsp;&nbsp;lv_event_send
<LI><a href="#[12d]">&gt;&gt;</a>&nbsp;&nbsp;&nbsp;lv_obj_get_parent
<LI><a href="#[115]">&gt;&gt;</a>&nbsp;&nbsp;&nbsp;lv_btnm_set_btn_ctrl
<LI><a href="#[113]">&gt;&gt;</a>&nbsp;&nbsp;&nbsp;lv_btnm_get_active_btn
<LI><a href="#[107]">&gt;&gt;</a>&nbsp;&nbsp;&nbsp;lv_btnm_clear_btn_ctrl_all
<LI><a href="#[cf]">&gt;&gt;</a>&nbsp;&nbsp;&nbsp;lv_tabview_get_tab_act
</UL>
<BR>[Address Reference Count : 1]<UL><LI> lv_tabview.o(i.lv_tabview_create)
</UL>
<P><STRONG><a name="[1d0]"></a>tabpage_press_lost_handler</STRONG> (Thumb, 192 bytes, Stack size 40 bytes, lv_tabview.o(i.tabpage_press_lost_handler))
<BR><BR>[Stack]<UL><LI>Max Depth = 216<LI>Call Chain = tabpage_press_lost_handler &rArr; lv_tabview_set_tab_act &rArr; lv_obj_set_y &rArr; lv_obj_set_pos &rArr; lv_obj_invalidate &rArr; lv_inv_area &rArr; lv_area_intersect
</UL>
<BR>[Calls]<UL><LI><a href="#[1c3]">&gt;&gt;</a>&nbsp;&nbsp;&nbsp;lv_tabview_set_tab_act
<LI><a href="#[d6]">&gt;&gt;</a>&nbsp;&nbsp;&nbsp;lv_obj_get_width
<LI><a href="#[1b5]">&gt;&gt;</a>&nbsp;&nbsp;&nbsp;lv_indev_get_vect
<LI><a href="#[11a]">&gt;&gt;</a>&nbsp;&nbsp;&nbsp;lv_indev_get_point
<LI><a href="#[118]">&gt;&gt;</a>&nbsp;&nbsp;&nbsp;lv_indev_get_act
<LI><a href="#[e3]">&gt;&gt;</a>&nbsp;&nbsp;&nbsp;lv_event_send
<LI><a href="#[1a4]">&gt;&gt;</a>&nbsp;&nbsp;&nbsp;lv_obj_set_drag
<LI><a href="#[c5]">&gt;&gt;</a>&nbsp;&nbsp;&nbsp;lv_obj_get_ext_attr
<LI><a href="#[1b0]">&gt;&gt;</a>&nbsp;&nbsp;&nbsp;lv_page_get_scrl
<LI><a href="#[cf]">&gt;&gt;</a>&nbsp;&nbsp;&nbsp;lv_tabview_get_tab_act
</UL>
<BR>[Called By]<UL><LI><a href="#[79]">&gt;&gt;</a>&nbsp;&nbsp;&nbsp;tabpage_signal
<LI><a href="#[7a]">&gt;&gt;</a>&nbsp;&nbsp;&nbsp;tabpage_scrl_signal
</UL>

<P><STRONG><a name="[1d1]"></a>tabpage_pressed_handler</STRONG> (Thumb, 24 bytes, Stack size 8 bytes, lv_tabview.o(i.tabpage_pressed_handler))
<BR><BR>[Stack]<UL><LI>Max Depth = 8<LI>Call Chain = tabpage_pressed_handler
</UL>
<BR>[Calls]<UL><LI><a href="#[11a]">&gt;&gt;</a>&nbsp;&nbsp;&nbsp;lv_indev_get_point
<LI><a href="#[118]">&gt;&gt;</a>&nbsp;&nbsp;&nbsp;lv_indev_get_act
<LI><a href="#[c5]">&gt;&gt;</a>&nbsp;&nbsp;&nbsp;lv_obj_get_ext_attr
</UL>
<BR>[Called By]<UL><LI><a href="#[79]">&gt;&gt;</a>&nbsp;&nbsp;&nbsp;tabpage_signal
<LI><a href="#[7a]">&gt;&gt;</a>&nbsp;&nbsp;&nbsp;tabpage_scrl_signal
</UL>

<P><STRONG><a name="[1d2]"></a>tabpage_pressing_handler</STRONG> (Thumb, 340 bytes, Stack size 32 bytes, lv_tabview.o(i.tabpage_pressing_handler))
<BR><BR>[Stack]<UL><LI>Max Depth = 136<LI>Call Chain = tabpage_pressing_handler &rArr; lv_obj_set_y &rArr; lv_obj_set_pos &rArr; lv_obj_invalidate &rArr; lv_inv_area &rArr; lv_area_intersect
</UL>
<BR>[Calls]<UL><LI><a href="#[6e]">&gt;&gt;</a>&nbsp;&nbsp;&nbsp;lv_obj_set_y
<LI><a href="#[6d]">&gt;&gt;</a>&nbsp;&nbsp;&nbsp;lv_obj_set_x
<LI><a href="#[19c]">&gt;&gt;</a>&nbsp;&nbsp;&nbsp;lv_obj_get_x
<LI><a href="#[d6]">&gt;&gt;</a>&nbsp;&nbsp;&nbsp;lv_obj_get_width
<LI><a href="#[d5]">&gt;&gt;</a>&nbsp;&nbsp;&nbsp;lv_obj_get_height
<LI><a href="#[11a]">&gt;&gt;</a>&nbsp;&nbsp;&nbsp;lv_indev_get_point
<LI><a href="#[118]">&gt;&gt;</a>&nbsp;&nbsp;&nbsp;lv_indev_get_act
<LI><a href="#[1a4]">&gt;&gt;</a>&nbsp;&nbsp;&nbsp;lv_obj_set_drag
<LI><a href="#[10d]">&gt;&gt;</a>&nbsp;&nbsp;&nbsp;lv_obj_get_style
<LI><a href="#[c5]">&gt;&gt;</a>&nbsp;&nbsp;&nbsp;lv_obj_get_ext_attr
<LI><a href="#[1b0]">&gt;&gt;</a>&nbsp;&nbsp;&nbsp;lv_page_get_scrl
<LI><a href="#[1b2]">&gt;&gt;</a>&nbsp;&nbsp;&nbsp;lv_page_on_edge
</UL>
<BR>[Called By]<UL><LI><a href="#[79]">&gt;&gt;</a>&nbsp;&nbsp;&nbsp;tabpage_signal
<LI><a href="#[7a]">&gt;&gt;</a>&nbsp;&nbsp;&nbsp;tabpage_scrl_signal
</UL>

<P><STRONG><a name="[7a]"></a>tabpage_scrl_signal</STRONG> (Thumb, 96 bytes, Stack size 24 bytes, lv_tabview.o(i.tabpage_scrl_signal))
<BR><BR>[Stack]<UL><LI>Max Depth = 240<LI>Call Chain = tabpage_scrl_signal &rArr; tabpage_press_lost_handler &rArr; lv_tabview_set_tab_act &rArr; lv_obj_set_y &rArr; lv_obj_set_pos &rArr; lv_obj_invalidate &rArr; lv_inv_area &rArr; lv_area_intersect
</UL>
<BR>[Calls]<UL><LI><a href="#[12d]">&gt;&gt;</a>&nbsp;&nbsp;&nbsp;lv_obj_get_parent
<LI><a href="#[1c6]">&gt;&gt;</a>&nbsp;&nbsp;&nbsp;lv_tabview_get_sliding
<LI><a href="#[1d2]">&gt;&gt;</a>&nbsp;&nbsp;&nbsp;tabpage_pressing_handler
<LI><a href="#[1d1]">&gt;&gt;</a>&nbsp;&nbsp;&nbsp;tabpage_pressed_handler
<LI><a href="#[1d0]">&gt;&gt;</a>&nbsp;&nbsp;&nbsp;tabpage_press_lost_handler
</UL>
<BR>[Address Reference Count : 1]<UL><LI> lv_tabview.o(i.lv_tabview_add_tab)
</UL>
<P><STRONG><a name="[79]"></a>tabpage_signal</STRONG> (Thumb, 90 bytes, Stack size 24 bytes, lv_tabview.o(i.tabpage_signal))
<BR><BR>[Stack]<UL><LI>Max Depth = 240<LI>Call Chain = tabpage_signal &rArr; tabpage_press_lost_handler &rArr; lv_tabview_set_tab_act &rArr; lv_obj_set_y &rArr; lv_obj_set_pos &rArr; lv_obj_invalidate &rArr; lv_inv_area &rArr; lv_area_intersect
</UL>
<BR>[Calls]<UL><LI><a href="#[12d]">&gt;&gt;</a>&nbsp;&nbsp;&nbsp;lv_obj_get_parent
<LI><a href="#[1c6]">&gt;&gt;</a>&nbsp;&nbsp;&nbsp;lv_tabview_get_sliding
<LI><a href="#[1d2]">&gt;&gt;</a>&nbsp;&nbsp;&nbsp;tabpage_pressing_handler
<LI><a href="#[1d1]">&gt;&gt;</a>&nbsp;&nbsp;&nbsp;tabpage_pressed_handler
<LI><a href="#[1d0]">&gt;&gt;</a>&nbsp;&nbsp;&nbsp;tabpage_press_lost_handler
</UL>
<BR>[Address Reference Count : 2]<UL><LI> lv_tabview.o(i.lv_tabview_add_tab)
<LI> lv_tabview.o(i.tabview_realign)
</UL>
<P><STRONG><a name="[1c2]"></a>tabview_realign</STRONG> (Thumb, 868 bytes, Stack size 32 bytes, lv_tabview.o(i.tabview_realign))
<BR><BR>[Stack]<UL><LI>Max Depth = 208<LI>Call Chain = tabview_realign &rArr; lv_tabview_set_tab_act &rArr; lv_obj_set_y &rArr; lv_obj_set_pos &rArr; lv_obj_invalidate &rArr; lv_inv_area &rArr; lv_area_intersect
</UL>
<BR>[Calls]<UL><LI><a href="#[1c3]">&gt;&gt;</a>&nbsp;&nbsp;&nbsp;lv_tabview_set_tab_act
<LI><a href="#[d6]">&gt;&gt;</a>&nbsp;&nbsp;&nbsp;lv_obj_get_width
<LI><a href="#[d5]">&gt;&gt;</a>&nbsp;&nbsp;&nbsp;lv_obj_get_height
<LI><a href="#[14f]">&gt;&gt;</a>&nbsp;&nbsp;&nbsp;lv_font_get_glyph_width
<LI><a href="#[1a9]">&gt;&gt;</a>&nbsp;&nbsp;&nbsp;lv_obj_set_width
<LI><a href="#[d7]">&gt;&gt;</a>&nbsp;&nbsp;&nbsp;lv_obj_set_size
<LI><a href="#[1a5]">&gt;&gt;</a>&nbsp;&nbsp;&nbsp;lv_obj_set_hidden
<LI><a href="#[191]">&gt;&gt;</a>&nbsp;&nbsp;&nbsp;lv_obj_set_height
<LI><a href="#[f8]">&gt;&gt;</a>&nbsp;&nbsp;&nbsp;lv_obj_get_signal_cb
<LI><a href="#[c5]">&gt;&gt;</a>&nbsp;&nbsp;&nbsp;lv_obj_get_ext_attr
<LI><a href="#[129]">&gt;&gt;</a>&nbsp;&nbsp;&nbsp;lv_obj_get_child
<LI><a href="#[d8]">&gt;&gt;</a>&nbsp;&nbsp;&nbsp;lv_obj_align
<LI><a href="#[fe]">&gt;&gt;</a>&nbsp;&nbsp;&nbsp;lv_cont_set_layout
<LI><a href="#[1c7]">&gt;&gt;</a>&nbsp;&nbsp;&nbsp;lv_tabview_get_style
<LI><a href="#[132]">&gt;&gt;</a>&nbsp;&nbsp;&nbsp;lv_cont_set_fit2
</UL>
<BR>[Called By]<UL><LI><a href="#[db]">&gt;&gt;</a>&nbsp;&nbsp;&nbsp;lv_tabview_set_style
<LI><a href="#[da]">&gt;&gt;</a>&nbsp;&nbsp;&nbsp;lv_tabview_set_btns_pos
<LI><a href="#[dc]">&gt;&gt;</a>&nbsp;&nbsp;&nbsp;lv_tabview_add_tab
<LI><a href="#[7b]">&gt;&gt;</a>&nbsp;&nbsp;&nbsp;lv_tabview_signal
</UL>

<P><STRONG><a name="[78]"></a>disp_flush</STRONG> (Thumb, 30 bytes, Stack size 16 bytes, lv_port_disp.o(i.disp_flush))
<BR><BR>[Stack]<UL><LI>Max Depth = 192<LI>Call Chain = disp_flush &rArr; LCD_Color_Fill &rArr; LCD_Address_Set &rArr; LCD_Write_Data &rArr; LCD_SPI_Send &rArr; SPI2_WriteData &rArr; HAL_SPI_Transmit &rArr; SPI_EndRxTxTransaction &rArr; SPI_WaitFlagStateUntilTimeout
</UL>
<BR>[Calls]<UL><LI><a href="#[b3]">&gt;&gt;</a>&nbsp;&nbsp;&nbsp;LCD_Color_Fill
<LI><a href="#[cd]">&gt;&gt;</a>&nbsp;&nbsp;&nbsp;lv_disp_flush_ready
</UL>
<BR>[Address Reference Count : 1]<UL><LI> lv_port_disp.o(i.lv_port_disp_init)
</UL><P>
<H3>
Undefined Global Symbols
</H3><HR></body></html>
