Component: ARM Compiler 5.05 update 1 (build 106) Tool: armlink [4d0efa]

==============================================================================

Section Cross References

    startup_stm32f103xe.o(RESET) refers to startup_stm32f103xe.o(STACK) for __initial_sp
    startup_stm32f103xe.o(RESET) refers to startup_stm32f103xe.o(.text) for Reset_Handler
    startup_stm32f103xe.o(RESET) refers to stm32f1xx_it.o(i.NMI_Handler) for NMI_Handler
    startup_stm32f103xe.o(RESET) refers to stm32f1xx_it.o(i.HardFault_Handler) for HardFault_Handler
    startup_stm32f103xe.o(RESET) refers to stm32f1xx_it.o(i.MemManage_Handler) for MemManage_Handler
    startup_stm32f103xe.o(RESET) refers to stm32f1xx_it.o(i.BusFault_Handler) for BusFault_Handler
    startup_stm32f103xe.o(RESET) refers to stm32f1xx_it.o(i.UsageFault_Handler) for UsageFault_Handler
    startup_stm32f103xe.o(RESET) refers to stm32f1xx_it.o(i.SVC_Handler) for SVC_Handler
    startup_stm32f103xe.o(RESET) refers to stm32f1xx_it.o(i.DebugMon_Handler) for DebugMon_Handler
    startup_stm32f103xe.o(RESET) refers to stm32f1xx_it.o(i.PendSV_Handler) for PendSV_Handler
    startup_stm32f103xe.o(RESET) refers to stm32f1xx_it.o(i.SysTick_Handler) for SysTick_Handler
    startup_stm32f103xe.o(RESET) refers to stm32f1xx_it.o(i.SDIO_IRQHandler) for SDIO_IRQHandler
    startup_stm32f103xe.o(RESET) refers to stm32f1xx_it.o(i.DMA2_Channel4_5_IRQHandler) for DMA2_Channel4_5_IRQHandler
    startup_stm32f103xe.o(.text) refers to system_stm32f1xx.o(i.SystemInit) for SystemInit
    startup_stm32f103xe.o(.text) refers to entry.o(.ARM.Collect$$$$00000000) for __main
    main.o(i.Fatfs_RW_test) refers to printf3.o(i.__0printf$3) for __2printf
    main.o(i.Fatfs_RW_test) refers to ff.o(i.f_mount) for f_mount
    main.o(i.Fatfs_RW_test) refers to ff.o(i.f_open) for f_open
    main.o(i.Fatfs_RW_test) refers to ff.o(i.f_write) for f_write
    main.o(i.Fatfs_RW_test) refers to ff.o(i.f_close) for f_close
    main.o(i.Fatfs_RW_test) refers to ff.o(i.f_read) for f_read
    main.o(i.Fatfs_RW_test) refers to main.o(.bss) for .bss
    main.o(i.Fatfs_RW_test) refers to fatfs.o(.data) for retSD
    main.o(i.Fatfs_RW_test) refers to main.o(.data) for .data
    main.o(i.SD_EraseTest) refers to stm32f1xx_hal_sd.o(i.HAL_SD_Erase) for HAL_SD_Erase
    main.o(i.SD_EraseTest) refers to printf3.o(i.__0printf$3) for __2printf
    main.o(i.SD_EraseTest) refers to stm32f1xx_hal.o(i.HAL_Delay) for HAL_Delay
    main.o(i.SD_EraseTest) refers to stm32f1xx_hal_sd.o(i.HAL_SD_ReadBlocks) for HAL_SD_ReadBlocks
    main.o(i.SD_EraseTest) refers to stm32f1xx_hal_sd.o(i.HAL_SD_GetError) for HAL_SD_GetError
    main.o(i.SD_EraseTest) refers to main.o(i.eBuffercmp) for eBuffercmp
    main.o(i.SD_EraseTest) refers to main.o(.bss) for .bss
    main.o(i.SD_Write_Read_Test) refers to main.o(i.Fill_Buffer) for Fill_Buffer
    main.o(i.SD_Write_Read_Test) refers to main.o(i.set_dma_write) for set_dma_write
    main.o(i.SD_Write_Read_Test) refers to stm32f1xx_hal_sd.o(i.HAL_SD_WriteBlocks_DMA) for HAL_SD_WriteBlocks_DMA
    main.o(i.SD_Write_Read_Test) refers to printf3.o(i.__0printf$3) for __2printf
    main.o(i.SD_Write_Read_Test) refers to stm32f1xx_hal.o(i.HAL_Delay) for HAL_Delay
    main.o(i.SD_Write_Read_Test) refers to main.o(i.set_dma_read) for set_dma_read
    main.o(i.SD_Write_Read_Test) refers to stm32f1xx_hal_sd.o(i.HAL_SD_ReadBlocks_DMA) for HAL_SD_ReadBlocks_DMA
    main.o(i.SD_Write_Read_Test) refers to main.o(i.Buffercmp) for Buffercmp
    main.o(i.SD_Write_Read_Test) refers to main.o(.bss) for .bss
    main.o(i.SystemClock_Config) refers to memseta.o(.text) for __aeabi_memclr4
    main.o(i.SystemClock_Config) refers to stm32f1xx_hal_rcc.o(i.HAL_RCC_OscConfig) for HAL_RCC_OscConfig
    main.o(i.SystemClock_Config) refers to stm32f1xx_hal_rcc.o(i.HAL_RCC_ClockConfig) for HAL_RCC_ClockConfig
    main.o(i.fputc) refers to stm32f1xx_hal_uart.o(i.HAL_UART_Transmit) for HAL_UART_Transmit
    main.o(i.fputc) refers to main.o(.bss) for .bss
    main.o(i.main) refers to stm32f1xx_hal.o(i.HAL_Init) for HAL_Init
    main.o(i.main) refers to main.o(i.SystemClock_Config) for SystemClock_Config
    main.o(i.main) refers to stm32f1xx_hal_cortex.o(i.HAL_NVIC_SetPriority) for HAL_NVIC_SetPriority
    main.o(i.main) refers to stm32f1xx_hal_cortex.o(i.HAL_NVIC_EnableIRQ) for HAL_NVIC_EnableIRQ
    main.o(i.main) refers to stm32f1xx_hal_uart.o(i.HAL_UART_Init) for HAL_UART_Init
    main.o(i.main) refers to fatfs.o(i.MX_FATFS_Init) for MX_FATFS_Init
    main.o(i.main) refers to main.o(i.Fatfs_RW_test) for Fatfs_RW_test
    main.o(i.main) refers to main.o(.bss) for .bss
    main.o(i.set_dma_read) refers to stm32f1xx_hal_dma.o(i.HAL_DMA_DeInit) for HAL_DMA_DeInit
    main.o(i.set_dma_read) refers to stm32f1xx_hal_dma.o(i.HAL_DMA_Init) for HAL_DMA_Init
    main.o(i.set_dma_read) refers to main.o(.bss) for .bss
    main.o(i.set_dma_write) refers to stm32f1xx_hal_dma.o(i.HAL_DMA_DeInit) for HAL_DMA_DeInit
[...]
    Removing stm32f1xx_hal_sd.o(i.HAL_SD_GetError), (4 bytes).
    Removing stm32f1xx_hal_sd.o(i.HAL_SD_GetState), (6 bytes).
    Removing stm32f1xx_hal_sd.o(i.HAL_SD_MspDeInit), (2 bytes).
    Removing stm32f1xx_hal_sd.o(i.HAL_SD_MspInit), (2 bytes).
    Removing stm32f1xx_hal_sd.o(i.HAL_SD_ReadBlocks), (504 bytes).
    Removing stm32f1xx_hal_sd.o(i.HAL_SD_ReadBlocks_IT), (228 bytes).
    Removing stm32f1xx_hal_sd.o(i.HAL_SD_RxCpltCallback), (2 bytes).
    Removing stm32f1xx_hal_sd.o(i.HAL_SD_TxCpltCallback), (2 bytes).
    Removing stm32f1xx_hal_sd.o(i.HAL_SD_WriteBlocks), (460 bytes).
    Removing stm32f1xx_hal_sd.o(i.HAL_SD_WriteBlocks_IT), (224 bytes).
    Removing stm32f1xx_hal_sd.o(i.SD_SendSDStatus), (232 bytes).
    Removing stm32f1xx_hal_tim.o(.rev16_text), (4 bytes).
    Removing stm32f1xx_hal_tim.o(.revsh_text), (4 bytes).
    Removing stm32f1xx_hal_tim.o(.rrx_text), (6 bytes).
    Removing stm32f1xx_hal_tim_ex.o(.rev16_text), (4 bytes).
    Removing stm32f1xx_hal_tim_ex.o(.revsh_text), (4 bytes).
    Removing stm32f1xx_hal_tim_ex.o(.rrx_text), (6 bytes).
    Removing stm32f1xx_hal_uart.o(.rev16_text), (4 bytes).
    Removing stm32f1xx_hal_uart.o(.revsh_text), (4 bytes).
    Removing stm32f1xx_hal_uart.o(.rrx_text), (6 bytes).
    Removing stm32f1xx_hal_uart.o(i.HAL_HalfDuplex_EnableReceiver), (50 bytes).
    Removing stm32f1xx_hal_uart.o(i.HAL_HalfDuplex_EnableTransmitter), (50 bytes).
    Removing stm32f1xx_hal_uart.o(i.HAL_HalfDuplex_Init), (108 bytes).
    Removing stm32f1xx_hal_uart.o(i.HAL_LIN_Init), (128 bytes).
    Removing stm32f1xx_hal_uart.o(i.HAL_LIN_SendBreak), (46 bytes).
    Removing stm32f1xx_hal_uart.o(i.HAL_MultiProcessor_EnterMuteMode), (46 bytes).
    Removing stm32f1xx_hal_uart.o(i.HAL_MultiProcessor_ExitMuteMode), (46 bytes).
    Removing stm32f1xx_hal_uart.o(i.HAL_MultiProcessor_Init), (142 bytes).
    Removing stm32f1xx_hal_uart.o(i.HAL_UART_Abort), (138 bytes).
    Removing stm32f1xx_hal_uart.o(i.HAL_UART_AbortCpltCallback), (2 bytes).
    Removing stm32f1xx_hal_uart.o(i.HAL_UART_AbortReceive), (88 bytes).
    Removing stm32f1xx_hal_uart.o(i.HAL_UART_AbortReceiveCpltCallback), (2 bytes).
    Removing stm32f1xx_hal_uart.o(i.HAL_UART_AbortReceive_IT), (92 bytes).
    Removing stm32f1xx_hal_uart.o(i.HAL_UART_AbortTransmit), (78 bytes).
    Removing stm32f1xx_hal_uart.o(i.HAL_UART_AbortTransmitCpltCallback), (2 bytes).
    Removing stm32f1xx_hal_uart.o(i.HAL_UART_AbortTransmit_IT), (84 bytes).
    Removing stm32f1xx_hal_uart.o(i.HAL_UART_Abort_IT), (172 bytes).
    Removing stm32f1xx_hal_uart.o(i.HAL_UART_DMAPause), (102 bytes).
    Removing stm32f1xx_hal_uart.o(i.HAL_UART_DMAResume), (94 bytes).
    Removing stm32f1xx_hal_uart.o(i.HAL_UART_DMAStop), (88 bytes).
    Removing stm32f1xx_hal_uart.o(i.HAL_UART_DeInit), (50 bytes).
    Removing stm32f1xx_hal_uart.o(i.HAL_UART_ErrorCallback), (2 bytes).
    Removing stm32f1xx_hal_uart.o(i.HAL_UART_GetError), (4 bytes).
    Removing stm32f1xx_hal_uart.o(i.HAL_UART_GetState), (10 bytes).
    Removing stm32f1xx_hal_uart.o(i.HAL_UART_IRQHandler), (348 bytes).
    Removing stm32f1xx_hal_uart.o(i.HAL_UART_MspDeInit), (2 bytes).
    Removing stm32f1xx_hal_uart.o(i.HAL_UART_MspInit), (2 bytes).
    Removing stm32f1xx_hal_uart.o(i.HAL_UART_Receive), (188 bytes).
    Removing stm32f1xx_hal_uart.o(i.HAL_UART_Receive_DMA), (152 bytes).
    Removing stm32f1xx_hal_uart.o(i.HAL_UART_Receive_IT), (82 bytes).
    Removing stm32f1xx_hal_uart.o(i.HAL_UART_RxCpltCallback), (2 bytes).
    Removing stm32f1xx_hal_uart.o(i.HAL_UART_RxHalfCpltCallback), (2 bytes).
    Removing stm32f1xx_hal_uart.o(i.HAL_UART_Transmit_DMA), (128 bytes).
    Removing stm32f1xx_hal_uart.o(i.HAL_UART_Transmit_IT), (62 bytes).
    Removing stm32f1xx_hal_uart.o(i.HAL_UART_TxCpltCallback), (2 bytes).
    Removing stm32f1xx_hal_uart.o(i.HAL_UART_TxHalfCpltCallback), (2 bytes).
    Removing stm32f1xx_hal_uart.o(i.UART_DMAAbortOnError), (16 bytes).
    Removing stm32f1xx_hal_uart.o(i.UART_DMAError), (74 bytes).
    Removing stm32f1xx_hal_uart.o(i.UART_DMAReceiveCplt), (60 bytes).
    Removing stm32f1xx_hal_uart.o(i.UART_DMARxAbortCallback), (42 bytes).
    Removing stm32f1xx_hal_uart.o(i.UART_DMARxHalfCplt), (10 bytes).
    Removing stm32f1xx_hal_uart.o(i.UART_DMARxOnlyAbortCallback), (20 bytes).
    Removing stm32f1xx_hal_uart.o(i.UART_DMATransmitCplt), (46 bytes).
    Removing stm32f1xx_hal_uart.o(i.UART_DMATxAbortCallback), (42 bytes).
    Removing stm32f1xx_hal_uart.o(i.UART_DMATxHalfCplt), (10 bytes).
    Removing stm32f1xx_hal_uart.o(i.UART_DMATxOnlyAbortCallback), (20 bytes).
    Removing stm32f1xx_hal_uart.o(i.UART_EndRxTransfer), (28 bytes).
    Removing stm32f1xx_hal_uart.o(i.UART_EndTxTransfer), (18 bytes).
    Removing stm32f1xx_hal_uart.o(i.UART_Receive_IT), (140 bytes).
    Removing system_stm32f1xx.o(.rev16_text), (4 bytes).
    Removing system_stm32f1xx.o(.revsh_text), (4 bytes).
    Removing system_stm32f1xx.o(.rrx_text), (6 bytes).
    Removing system_stm32f1xx.o(i.SystemCoreClockUpdate), (104 bytes).
    Removing bsp_driver_sd.o(.rev16_text), (4 bytes).
    Removing bsp_driver_sd.o(.revsh_text), (4 bytes).
    Removing bsp_driver_sd.o(.rrx_text), (6 bytes).
    Removing bsp_driver_sd.o(i.BSP_SD_DetectIT), (2 bytes).
    Removing bsp_driver_sd.o(i.BSP_SD_Erase), (28 bytes).
    Removing bsp_driver_sd.o(i.BSP_SD_ITConfig), (4 bytes).
    Removing bsp_driver_sd.o(i.BSP_SD_ReadBlocks), (32 bytes).
    Removing bsp_driver_sd.o(i.BSP_SD_WriteBlocks), (32 bytes).
    Removing fatfs.o(.rev16_text), (4 bytes).
    Removing fatfs.o(.revsh_text), (4 bytes).
    Removing fatfs.o(.rrx_text), (6 bytes).
    Removing fatfs.o(.bss), (560 bytes).
    Removing fatfs.o(.bss), (556 bytes).
    Removing diskio.o(.rev16_text), (4 bytes).
    Removing diskio.o(.revsh_text), (4 bytes).
    Removing diskio.o(.rrx_text), (6 bytes).
    Removing diskio.o(i.get_fattime), (4 bytes).
    Removing ff.o(.rev16_text), (4 bytes).
    Removing ff.o(.revsh_text), (4 bytes).
    Removing ff.o(.rrx_text), (6 bytes).
    Removing ff.o(i.dir_read), (102 bytes).
    Removing ff.o(i.dir_remove), (66 bytes).
    Removing ff.o(i.f_chmod), (82 bytes).
    Removing ff.o(i.f_closedir), (36 bytes).
    Removing ff.o(i.f_getfree), (200 bytes).
    Removing ff.o(i.f_gets), (72 bytes).
    Removing ff.o(i.f_lseek), (644 bytes).
    Removing ff.o(i.f_mkdir), (348 bytes).
    Removing ff.o(i.f_mkfs), (1332 bytes).
    Removing ff.o(i.f_opendir), (148 bytes).
    Removing ff.o(i.f_printf), (490 bytes).
    Removing ff.o(i.f_putc), (60 bytes).
    Removing ff.o(i.f_puts), (70 bytes).
    Removing ff.o(i.f_readdir), (82 bytes).
    Removing ff.o(i.f_rename), (298 bytes).
    Removing ff.o(i.f_stat), (64 bytes).
    Removing ff.o(i.f_truncate), (216 bytes).
    Removing ff.o(i.f_unlink), (170 bytes).
    Removing ff.o(i.f_utime), (86 bytes).
    Removing ff.o(i.get_fileinfo), (80 bytes).
    Removing ff.o(i.putc_bfd), (70 bytes).
    Removing ff.o(.constdata), (44 bytes).
    Removing ff_gen_drv.o(.rev16_text), (4 bytes).
    Removing ff_gen_drv.o(.revsh_text), (4 bytes).
    Removing ff_gen_drv.o(.rrx_text), (6 bytes).
    Removing ff_gen_drv.o(i.FATFS_GetAttachedDriversNbr), (12 bytes).
    Removing ff_gen_drv.o(i.FATFS_UnLinkDriver), (6 bytes).
    Removing ff_gen_drv.o(i.FATFS_UnLinkDriverEx), (52 bytes).
    Removing syscall.o(.rev16_text), (4 bytes).
    Removing syscall.o(.revsh_text), (4 bytes).
    Removing syscall.o(.rrx_text), (6 bytes).
    Removing sd_diskio.o(.rev16_text), (4 bytes).
    Removing sd_diskio.o(.revsh_text), (4 bytes).
    Removing sd_diskio.o(.rrx_text), (6 bytes).
    Removing dadd.o(.text), (334 bytes).
    Removing dmul.o(.text), (228 bytes).
    Removing ddiv.o(.text), (222 bytes).
    Removing dfixul.o(.text), (48 bytes).
    Removing cdrcmple.o(.text), (48 bytes).
    Removing depilogue.o(.text), (186 bytes).

325 unused section(s) (total 21662 bytes) removed from the image.

==============================================================================

Image Symbol Table

    Local Symbols

    Symbol Name                              Value     Ov Type        Size  Object(Section)

    ../Core/Src/main.c                       0x00000000   Number         0  main.o ABSOLUTE
    ../Core/Src/stm32f1xx_hal_msp.c          0x00000000   Number         0  stm32f1xx_hal_msp.o ABSOLUTE
    ../Core/Src/stm32f1xx_it.c               0x00000000   Number         0  stm32f1xx_it.o ABSOLUTE
    ../Core/Src/system_stm32f1xx.c           0x00000000   Number         0  system_stm32f1xx.o ABSOLUTE
    ../Drivers/STM32F1xx_HAL_Driver/Src/stm32f1xx_hal.c 0x00000000   Number         0  stm32f1xx_hal.o ABSOLUTE
    ../Drivers/STM32F1xx_HAL_Driver/Src/stm32f1xx_hal_cortex.c 0x00000000   Number         0  stm32f1xx_hal_cortex.o ABSOLUTE
    ../Drivers/STM32F1xx_HAL_Driver/Src/stm32f1xx_hal_dma.c 0x00000000   Number         0  stm32f1xx_hal_dma.o ABSOLUTE
    ../Drivers/STM32F1xx_HAL_Driver/Src/stm32f1xx_hal_exti.c 0x00000000   Number         0  stm32f1xx_hal_exti.o ABSOLUTE
    ../Drivers/STM32F1xx_HAL_Driver/Src/stm32f1xx_hal_flash.c 0x00000000   Number         0  stm32f1xx_hal_flash.o ABSOLUTE
    ../Drivers/STM32F1xx_HAL_Driver/Src/stm32f1xx_hal_flash_ex.c 0x00000000   Number         0  stm32f1xx_hal_flash_ex.o ABSOLUTE
    ../Drivers/STM32F1xx_HAL_Driver/Src/stm32f1xx_hal_gpio.c 0x00000000   Number         0  stm32f1xx_hal_gpio.o ABSOLUTE
    ../Drivers/STM32F1xx_HAL_Driver/Src/stm32f1xx_hal_gpio_ex.c 0x00000000   Number         0  stm32f1xx_hal_gpio_ex.o ABSOLUTE
    ../Drivers/STM32F1xx_HAL_Driver/Src/stm32f1xx_hal_pwr.c 0x00000000   Number         0  stm32f1xx_hal_pwr.o ABSOLUTE
    ../Drivers/STM32F1xx_HAL_Driver/Src/stm32f1xx_hal_rcc.c 0x00000000   Number         0  stm32f1xx_hal_rcc.o ABSOLUTE
    ../Drivers/STM32F1xx_HAL_Driver/Src/stm32f1xx_hal_rcc_ex.c 0x00000000   Number         0  stm32f1xx_hal_rcc_ex.o ABSOLUTE
    ../Drivers/STM32F1xx_HAL_Driver/Src/stm32f1xx_hal_sd.c 0x00000000   Number         0  stm32f1xx_hal_sd.o ABSOLUTE
    ../Drivers/STM32F1xx_HAL_Driver/Src/stm32f1xx_hal_tim.c 0x00000000   Number         0  stm32f1xx_hal_tim.o ABSOLUTE
    ../Drivers/STM32F1xx_HAL_Driver/Src/stm32f1xx_hal_tim_ex.c 0x00000000   Number         0  stm32f1xx_hal_tim_ex.o ABSOLUTE
    ../Drivers/STM32F1xx_HAL_Driver/Src/stm32f1xx_hal_uart.c 0x00000000   Number         0  stm32f1xx_hal_uart.o ABSOLUTE
    ../Drivers/STM32F1xx_HAL_Driver/Src/stm32f1xx_ll_sdmmc.c 0x00000000   Number         0  stm32f1xx_ll_sdmmc.o ABSOLUTE
    ../FATFS/App/fatfs.c                     0x00000000   Number         0  fatfs.o ABSOLUTE
    ../FATFS/Target/bsp_driver_sd.c          0x00000000   Number         0  bsp_driver_sd.o ABSOLUTE
    ../Middlewares/Third_Party/FatFs/src/diskio.c 0x00000000   Number         0  diskio.o ABSOLUTE
    ../Middlewares/Third_Party/FatFs/src/drivers/sd_diskio.c 0x00000000   Number         0  sd_diskio.o ABSOLUTE
    ../Middlewares/Third_Party/FatFs/src/ff.c 0x00000000   Number         0  ff.o ABSOLUTE
    ../Middlewares/Third_Party/FatFs/src/ff_gen_drv.c 0x00000000   Number         0  ff_gen_drv.o ABSOLUTE
    ../Middlewares/Third_Party/FatFs/src/option/syscall.c 0x00000000   Number         0  syscall.o ABSOLUTE
    ../clib/microlib/division.c              0x00000000   Number         0  uldiv.o ABSOLUTE
    ../clib/microlib/division.c              0x00000000   Number         0  uidiv.o ABSOLUTE
    ../clib/microlib/init/entry.s            0x00000000   Number         0  entry.o ABSOLUTE
    ../clib/microlib/init/entry.s            0x00000000   Number         0  entry5.o ABSOLUTE
    ../clib/microlib/init/entry.s            0x00000000   Number         0  entry11b.o ABSOLUTE
    ../clib/microlib/init/entry.s            0x00000000   Number         0  entry11a.o ABSOLUTE
    ../clib/microlib/init/entry.s            0x00000000   Number         0  entry10b.o ABSOLUTE
    ../clib/microlib/init/entry.s            0x00000000   Number         0  entry7a.o ABSOLUTE
    ../clib/microlib/init/entry.s            0x00000000   Number         0  entry9b.o ABSOLUTE
    ../clib/microlib/init/entry.s            0x00000000   Number         0  entry9a.o ABSOLUTE
    ../clib/microlib/init/entry.s            0x00000000   Number         0  entry8b.o ABSOLUTE
    ../clib/microlib/init/entry.s            0x00000000   Number         0  entry2.o ABSOLUTE
    ../clib/microlib/init/entry.s            0x00000000   Number         0  entry8a.o ABSOLUTE
    ../clib/microlib/init/entry.s            0x00000000   Number         0  entry7b.o ABSOLUTE
    ../clib/microlib/init/entry.s            0x00000000   Number         0  entry10a.o ABSOLUTE
    ../clib/microlib/longlong.c              0x00000000   Number         0  llushr.o ABSOLUTE
    ../clib/microlib/longlong.c              0x00000000   Number         0  llshl.o ABSOLUTE
    ../clib/microlib/longlong.c              0x00000000   Number         0  llsshr.o ABSOLUTE
    ../clib/microlib/printf/printf.c         0x00000000   Number         0  printf4.o ABSOLUTE
    ../clib/microlib/printf/printf.c         0x00000000   Number         0  printf5.o ABSOLUTE
    ../clib/microlib/printf/printf.c         0x00000000   Number         0  printf7.o ABSOLUTE
    ../clib/microlib/printf/printf.c         0x00000000   Number         0  printf8.o ABSOLUTE
    ../clib/microlib/printf/printf.c         0x00000000   Number         0  printfa.o ABSOLUTE
    ../clib/microlib/printf/printf.c         0x00000000   Number         0  printf6.o ABSOLUTE
    ../clib/microlib/printf/printf.c         0x00000000   Number         0  printfb.o ABSOLUTE
    ../clib/microlib/printf/printf.c         0x00000000   Number         0  printf0.o ABSOLUTE
    ../clib/microlib/printf/printf.c         0x00000000   Number         0  printf1.o ABSOLUTE
    ../clib/microlib/printf/printf.c         0x00000000   Number         0  printf2.o ABSOLUTE
    ../clib/microlib/printf/printf.c         0x00000000   Number         0  printf3.o ABSOLUTE
    ../clib/microlib/printf/stubs.s          0x00000000   Number         0  stubs.o ABSOLUTE
    ../clib/microlib/stdio/streams.c         0x00000000   Number         0  stdout.o ABSOLUTE
    ../clib/microlib/string/memset.c         0x00000000   Number         0  memseta.o ABSOLUTE
    ../clib/microlib/stubs.s                 0x00000000   Number         0  iusefp.o ABSOLUTE
    ../fplib/microlib/fpadd.c                0x00000000   Number         0  dadd.o ABSOLUTE
    ../fplib/microlib/fpdiv.c                0x00000000   Number         0  ddiv.o ABSOLUTE
    ../fplib/microlib/fpepilogue.c           0x00000000   Number         0  depilogue.o ABSOLUTE
    ../fplib/microlib/fpfix.c                0x00000000   Number         0  dfixul.o ABSOLUTE
    ../fplib/microlib/fpmul.c                0x00000000   Number         0  dmul.o ABSOLUTE
    ..\Core\Src\main.c                       0x00000000   Number         0  main.o ABSOLUTE
    ..\Core\Src\stm32f1xx_hal_msp.c          0x00000000   Number         0  stm32f1xx_hal_msp.o ABSOLUTE
    ..\Core\Src\stm32f1xx_it.c               0x00000000   Number         0  stm32f1xx_it.o ABSOLUTE
    ..\Core\Src\system_stm32f1xx.c           0x00000000   Number         0  system_stm32f1xx.o ABSOLUTE
    ..\Drivers\STM32F1xx_HAL_Driver\Src\stm32f1xx_hal.c 0x00000000   Number         0  stm32f1xx_hal.o ABSOLUTE
    ..\Drivers\STM32F1xx_HAL_Driver\Src\stm32f1xx_hal_cortex.c 0x00000000   Number         0  stm32f1xx_hal_cortex.o ABSOLUTE
    ..\Drivers\STM32F1xx_HAL_Driver\Src\stm32f1xx_hal_dma.c 0x00000000   Number         0  stm32f1xx_hal_dma.o ABSOLUTE
    ..\Drivers\STM32F1xx_HAL_Driver\Src\stm32f1xx_hal_exti.c 0x00000000   Number         0  stm32f1xx_hal_exti.o ABSOLUTE
    ..\Drivers\STM32F1xx_HAL_Driver\Src\stm32f1xx_hal_flash.c 0x00000000   Number         0  stm32f1xx_hal_flash.o ABSOLUTE
    ..\Drivers\STM32F1xx_HAL_Driver\Src\stm32f1xx_hal_flash_ex.c 0x00000000   Number         0  stm32f1xx_hal_flash_ex.o ABSOLUTE
    ..\Drivers\STM32F1xx_HAL_Driver\Src\stm32f1xx_hal_gpio.c 0x00000000   Number         0  stm32f1xx_hal_gpio.o ABSOLUTE
    ..\Drivers\STM32F1xx_HAL_Driver\Src\stm32f1xx_hal_gpio_ex.c 0x00000000   Number         0  stm32f1xx_hal_gpio_ex.o ABSOLUTE
    ..\Drivers\STM32F1xx_HAL_Driver\Src\stm32f1xx_hal_pwr.c 0x00000000   Number         0  stm32f1xx_hal_pwr.o ABSOLUTE
    ..\Drivers\STM32F1xx_HAL_Driver\Src\stm32f1xx_hal_rcc.c 0x00000000   Number         0  stm32f1xx_hal_rcc.o ABSOLUTE
    ..\Drivers\STM32F1xx_HAL_Driver\Src\stm32f1xx_hal_rcc_ex.c 0x00000000   Number         0  stm32f1xx_hal_rcc_ex.o ABSOLUTE
    ..\Drivers\STM32F1xx_HAL_Driver\Src\stm32f1xx_hal_sd.c 0x00000000   Number         0  stm32f1xx_hal_sd.o ABSOLUTE
    ..\Drivers\STM32F1xx_HAL_Driver\Src\stm32f1xx_hal_tim.c 0x00000000   Number         0  stm32f1xx_hal_tim.o ABSOLUTE
    ..\Drivers\STM32F1xx_HAL_Driver\Src\stm32f1xx_hal_tim_ex.c 0x00000000   Number         0  stm32f1xx_hal_tim_ex.o ABSOLUTE
    ..\Drivers\STM32F1xx_HAL_Driver\Src\stm32f1xx_hal_uart.c 0x00000000   Number         0  stm32f1xx_hal_uart.o ABSOLUTE
    ..\Drivers\STM32F1xx_HAL_Driver\Src\stm32f1xx_ll_sdmmc.c 0x00000000   Number         0  stm32f1xx_ll_sdmmc.o ABSOLUTE
    ..\FATFS\App\fatfs.c                     0x00000000   Number         0  fatfs.o ABSOLUTE
    ..\FATFS\Target\bsp_driver_sd.c          0x00000000   Number         0  bsp_driver_sd.o ABSOLUTE
    ..\Middlewares\Third_Party\FatFs\src\diskio.c 0x00000000   Number         0  diskio.o ABSOLUTE
    ..\Middlewares\Third_Party\FatFs\src\drivers\sd_diskio.c 0x00000000   Number         0  sd_diskio.o ABSOLUTE
    ..\Middlewares\Third_Party\FatFs\src\ff.c 0x00000000   Number         0  ff.o ABSOLUTE
    ..\Middlewares\Third_Party\FatFs\src\ff_gen_drv.c 0x00000000   Number         0  ff_gen_drv.o ABSOLUTE
    ..\Middlewares\Third_Party\FatFs\src\option\syscall.c 0x00000000   Number         0  syscall.o ABSOLUTE
    cdrcmple.s                               0x00000000   Number         0  cdrcmple.o ABSOLUTE
    dc.s                                     0x00000000   Number         0  dc.o ABSOLUTE
    handlers.s                               0x00000000   Number         0  handlers.o ABSOLUTE
    init.s                                   0x00000000   Number         0  init.o ABSOLUTE
    startup_stm32f103xe.s                    0x00000000   Number         0  startup_stm32f103xe.o ABSOLUTE
    RESET                                    0x08000000   Section      304  startup_stm32f103xe.o(RESET)
    .ARM.Collect$$$$00000000                 0x08000130   Section        0  entry.o(.ARM.Collect$$$$00000000)
    .ARM.Collect$$$$00000001                 0x08000130   Section        4  entry2.o(.ARM.Collect$$$$00000001)
    .ARM.Collect$$$$00000004                 0x08000134   Section        4  entry5.o(.ARM.Collect$$$$00000004)
    .ARM.Collect$$$$00000008                 0x08000138   Section        0  entry7b.o(.ARM.Collect$$$$00000008)
    .ARM.Collect$$$$0000000A                 0x08000138   Section        0  entry8b.o(.ARM.Collect$$$$0000000A)
    .ARM.Collect$$$$0000000B                 0x08000138   Section        8  entry9a.o(.ARM.Collect$$$$0000000B)
    .ARM.Collect$$$$0000000D                 0x08000140   Section        0  entry10a.o(.ARM.Collect$$$$0000000D)
    .ARM.Collect$$$$0000000F                 0x08000140   Section        0  entry11a.o(.ARM.Collect$$$$0000000F)
    .ARM.Collect$$$$00002712                 0x08000140   Section        4  entry2.o(.ARM.Collect$$$$00002712)
    __lit__00000000                          0x08000140   Data           4  entry2.o(.ARM.Collect$$$$00002712)
    .text                                    0x08000144   Section       36  startup_stm32f103xe.o(.text)
    .text                                    0x08000168   Section        0  memseta.o(.text)
    .text                                    0x0800018c   Section        0  uidiv.o(.text)
    .text                                    0x080001b8   Section       36  init.o(.text)
    i.BSP_SD_AbortCallback                   0x080001dc   Section        0  bsp_driver_sd.o(i.BSP_SD_AbortCallback)
    i.BSP_SD_GetCardInfo                     0x080001e0   Section        0  bsp_driver_sd.o(i.BSP_SD_GetCardInfo)
    i.BSP_SD_GetCardState                    0x080001ec   Section        0  bsp_driver_sd.o(i.BSP_SD_GetCardState)
    i.BSP_SD_Init                            0x08000204   Section        0  bsp_driver_sd.o(i.BSP_SD_Init)
    i.BSP_SD_IsDetected                      0x08000234   Section        0  bsp_driver_sd.o(i.BSP_SD_IsDetected)
    i.BSP_SD_ReadBlocks_DMA                  0x08000244   Section        0  bsp_driver_sd.o(i.BSP_SD_ReadBlocks_DMA)
    i.BSP_SD_ReadCpltCallback                0x08000270   Section        0  bsp_driver_sd.o(i.BSP_SD_ReadCpltCallback)
    i.BSP_SD_WriteBlocks_DMA                 0x08000274   Section        0  bsp_driver_sd.o(i.BSP_SD_WriteBlocks_DMA)
    i.BSP_SD_WriteCpltCallback               0x080002a0   Section        0  bsp_driver_sd.o(i.BSP_SD_WriteCpltCallback)
    i.BusFault_Handler                       0x080002a2   Section        0  stm32f1xx_it.o(i.BusFault_Handler)
    i.DMA2_Channel4_5_IRQHandler             0x080002a4   Section        0  stm32f1xx_it.o(i.DMA2_Channel4_5_IRQHandler)
    i.DMA_SetConfig                          0x080002b0   Section        0  stm32f1xx_hal_dma.o(i.DMA_SetConfig)
    DMA_SetConfig                            0x080002b1   Thumb Code    42  stm32f1xx_hal_dma.o(i.DMA_SetConfig)
    i.DebugMon_Handler                       0x080002da   Section        0  stm32f1xx_it.o(i.DebugMon_Handler)
    i.Error_Handler                          0x080002dc   Section        0  main.o(i.Error_Handler)
    i.FATFS_LinkDriver                       0x080002e0   Section        0  ff_gen_drv.o(i.FATFS_LinkDriver)
    i.FATFS_LinkDriverEx                     0x080002e8   Section        0  ff_gen_drv.o(i.FATFS_LinkDriverEx)
    i.Fatfs_RW_test                          0x08000328   Section        0  main.o(i.Fatfs_RW_test)
    i.HAL_DMA_Abort_IT                       0x080005c0   Section        0  stm32f1xx_hal_dma.o(i.HAL_DMA_Abort_IT)
    i.HAL_DMA_DeInit                         0x080006f0   Section        0  stm32f1xx_hal_dma.o(i.HAL_DMA_DeInit)
    i.HAL_DMA_IRQHandler                     0x08000770   Section        0  stm32f1xx_hal_dma.o(i.HAL_DMA_IRQHandler)
    i.HAL_DMA_Init                           0x080009b8   Section        0  stm32f1xx_hal_dma.o(i.HAL_DMA_Init)
    i.HAL_DMA_Start_IT                       0x08000a34   Section        0  stm32f1xx_hal_dma.o(i.HAL_DMA_Start_IT)
    i.HAL_Delay                              0x08000aa4   Section        0  stm32f1xx_hal.o(i.HAL_Delay)
    i.HAL_GPIO_Init                          0x08000ac8   Section        0  stm32f1xx_hal_gpio.o(i.HAL_GPIO_Init)
    i.HAL_GetTick                            0x08000cc0   Section        0  stm32f1xx_hal.o(i.HAL_GetTick)
    i.HAL_IncTick                            0x08000ccc   Section        0  stm32f1xx_hal.o(i.HAL_IncTick)
    i.HAL_Init                               0x08000cdc   Section        0  stm32f1xx_hal.o(i.HAL_Init)
    i.HAL_InitTick                           0x08000d00   Section        0  stm32f1xx_hal.o(i.HAL_InitTick)
    i.HAL_MspInit                            0x08000d40   Section        0  stm32f1xx_hal_msp.o(i.HAL_MspInit)
    i.HAL_NVIC_EnableIRQ                     0x08000d7c   Section        0  stm32f1xx_hal_cortex.o(i.HAL_NVIC_EnableIRQ)
    i.HAL_NVIC_SetPriority                   0x08000d98   Section        0  stm32f1xx_hal_cortex.o(i.HAL_NVIC_SetPriority)
    i.HAL_NVIC_SetPriorityGrouping           0x08000dd8   Section        0  stm32f1xx_hal_cortex.o(i.HAL_NVIC_SetPriorityGrouping)
    i.HAL_RCC_ClockConfig                    0x08000dfc   Section        0  stm32f1xx_hal_rcc.o(i.HAL_RCC_ClockConfig)
    i.HAL_RCC_GetPCLK1Freq                   0x08000f28   Section        0  stm32f1xx_hal_rcc.o(i.HAL_RCC_GetPCLK1Freq)
    i.HAL_RCC_GetPCLK2Freq                   0x08000f48   Section        0  stm32f1xx_hal_rcc.o(i.HAL_RCC_GetPCLK2Freq)
    i.HAL_RCC_GetSysClockFreq                0x08000f68   Section        0  stm32f1xx_hal_rcc.o(i.HAL_RCC_GetSysClockFreq)
    i.HAL_RCC_OscConfig                      0x08000fd4   Section        0  stm32f1xx_hal_rcc.o(i.HAL_RCC_OscConfig)
    i.HAL_SD_AbortCallback                   0x080012f4   Section        0  bsp_driver_sd.o(i.HAL_SD_AbortCallback)
    i.HAL_SD_ConfigWideBusOperation          0x080012fc   Section        0  stm32f1xx_hal_sd.o(i.HAL_SD_ConfigWideBusOperation)
    i.HAL_SD_ErrorCallback                   0x080013f0   Section        0  stm32f1xx_hal_sd.o(i.HAL_SD_ErrorCallback)
    i.HAL_SD_GetCardCSD                      0x080013f4   Section        0  stm32f1xx_hal_sd.o(i.HAL_SD_GetCardCSD)
    i.HAL_SD_GetCardInfo                     0x0800158c   Section        0  stm32f1xx_hal_sd.o(i.HAL_SD_GetCardInfo)
    i.HAL_SD_GetCardState                    0x080015b0   Section        0  stm32f1xx_hal_sd.o(i.HAL_SD_GetCardState)
    i.HAL_SD_IRQHandler                      0x080015dc   Section        0  stm32f1xx_hal_sd.o(i.HAL_SD_IRQHandler)
    i.HAL_SD_Init                            0x080017e4   Section        0  stm32f1xx_hal_sd.o(i.HAL_SD_Init)
    i.HAL_SD_InitCard                        0x0800181c   Section        0  stm32f1xx_hal_sd.o(i.HAL_SD_InitCard)
    i.HAL_SD_MspInit                         0x08001870   Section        0  stm32f1xx_hal_msp.o(i.HAL_SD_MspInit)
    i.HAL_SD_ReadBlocks_DMA                  0x08001938   Section        0  stm32f1xx_hal_sd.o(i.HAL_SD_ReadBlocks_DMA)
    i.HAL_SD_RxCpltCallback                  0x08001a68   Section        0  bsp_driver_sd.o(i.HAL_SD_RxCpltCallback)
    i.HAL_SD_TxCpltCallback                  0x08001a70   Section        0  bsp_driver_sd.o(i.HAL_SD_TxCpltCallback)
    i.HAL_SD_WriteBlocks_DMA                 0x08001a78   Section        0  stm32f1xx_hal_sd.o(i.HAL_SD_WriteBlocks_DMA)
    i.HAL_SYSTICK_Config                     0x08001bac   Section        0  stm32f1xx_hal_cortex.o(i.HAL_SYSTICK_Config)
    i.HAL_UART_Init                          0x08001bd4   Section        0  stm32f1xx_hal_uart.o(i.HAL_UART_Init)
    i.HAL_UART_MspInit                       0x08001c38   Section        0  stm32f1xx_hal_msp.o(i.HAL_UART_MspInit)
    i.HAL_UART_Transmit                      0x08001ca8   Section        0  stm32f1xx_hal_uart.o(i.HAL_UART_Transmit)
    i.HardFault_Handler                      0x08001d5a   Section        0  stm32f1xx_it.o(i.HardFault_Handler)
    i.MX_FATFS_Init                          0x08001d5c   Section        0  fatfs.o(i.MX_FATFS_Init)
    i.MemManage_Handler                      0x08001d78   Section        0  stm32f1xx_it.o(i.MemManage_Handler)
    i.NMI_Handler                            0x08001d7a   Section        0  stm32f1xx_it.o(i.NMI_Handler)
    i.PendSV_Handler                         0x08001d7c   Section        0  stm32f1xx_it.o(i.PendSV_Handler)
    i.SDIO_ConfigData                        0x08001d7e   Section        0  stm32f1xx_ll_sdmmc.o(i.SDIO_ConfigData)
    i.SDIO_GetPowerState                     0x08001da2   Section        0  stm32f1xx_ll_sdmmc.o(i.SDIO_GetPowerState)
    i.SDIO_GetResponse                       0x08001daa   Section        0  stm32f1xx_ll_sdmmc.o(i.SDIO_GetResponse)
    i.SDIO_IRQHandler                        0x08001db0   Section        0  stm32f1xx_it.o(i.SDIO_IRQHandler)
    i.SDIO_Init                              0x08001dbc   Section        0  stm32f1xx_ll_sdmmc.o(i.SDIO_Init)
    i.SDIO_PowerState_ON                     0x08001de0   Section        0  stm32f1xx_ll_sdmmc.o(i.SDIO_PowerState_ON)
    i.SDIO_ReadFIFO                          0x08001df0   Section        0  stm32f1xx_ll_sdmmc.o(i.SDIO_ReadFIFO)
    i.SDIO_SendCommand                       0x08001df6   Section        0  stm32f1xx_ll_sdmmc.o(i.SDIO_SendCommand)
    i.SDIO_WriteFIFO                         0x08001e16   Section        0  stm32f1xx_ll_sdmmc.o(i.SDIO_WriteFIFO)
    i.SDMMC_CmdAppCommand                    0x08001e20   Section        0  stm32f1xx_ll_sdmmc.o(i.SDMMC_CmdAppCommand)
    i.SDMMC_CmdAppOperCommand                0x08001e54   Section        0  stm32f1xx_ll_sdmmc.o(i.SDMMC_CmdAppOperCommand)
    i.SDMMC_CmdBlockLength                   0x08001e88   Section        0  stm32f1xx_ll_sdmmc.o(i.SDMMC_CmdBlockLength)
    i.SDMMC_CmdBusWidth                      0x08001eba   Section        0  stm32f1xx_ll_sdmmc.o(i.SDMMC_CmdBusWidth)
    i.SDMMC_CmdGoIdleState                   0x08001eec   Section        0  stm32f1xx_ll_sdmmc.o(i.SDMMC_CmdGoIdleState)
    i.SDMMC_CmdOperCond                      0x08001f3c   Section        0  stm32f1xx_ll_sdmmc.o(i.SDMMC_CmdOperCond)
    i.SDMMC_CmdReadMultiBlock                0x08001fb0   Section        0  stm32f1xx_ll_sdmmc.o(i.SDMMC_CmdReadMultiBlock)
    i.SDMMC_CmdReadSingleBlock               0x08001fe2   Section        0  stm32f1xx_ll_sdmmc.o(i.SDMMC_CmdReadSingleBlock)
    i.SDMMC_CmdSelDesel                      0x08002014   Section        0  stm32f1xx_ll_sdmmc.o(i.SDMMC_CmdSelDesel)
    i.SDMMC_CmdSendCID                       0x08002046   Section        0  stm32f1xx_ll_sdmmc.o(i.SDMMC_CmdSendCID)
    i.SDMMC_CmdSendCSD                       0x08002072   Section        0  stm32f1xx_ll_sdmmc.o(i.SDMMC_CmdSendCSD)
    i.SDMMC_CmdSendSCR                       0x0800209e   Section        0  stm32f1xx_ll_sdmmc.o(i.SDMMC_CmdSendSCR)
    i.SDMMC_CmdSendStatus                    0x080020ce   Section        0  stm32f1xx_ll_sdmmc.o(i.SDMMC_CmdSendStatus)
    i.SDMMC_CmdSetRelAdd                     0x08002100   Section        0  stm32f1xx_ll_sdmmc.o(i.SDMMC_CmdSetRelAdd)
    i.SDMMC_CmdStopTransfer                  0x08002130   Section        0  stm32f1xx_ll_sdmmc.o(i.SDMMC_CmdStopTransfer)
    i.SDMMC_CmdWriteMultiBlock               0x08002164   Section        0  stm32f1xx_ll_sdmmc.o(i.SDMMC_CmdWriteMultiBlock)
    i.SDMMC_CmdWriteSingleBlock              0x08002196   Section        0  stm32f1xx_ll_sdmmc.o(i.SDMMC_CmdWriteSingleBlock)
    i.SDMMC_GetCmdResp1                      0x080021c8   Section        0  stm32f1xx_ll_sdmmc.o(i.SDMMC_GetCmdResp1)
    SDMMC_GetCmdResp1                        0x080021c9   Thumb Code   278  stm32f1xx_ll_sdmmc.o(i.SDMMC_GetCmdResp1)
    i.SDMMC_GetCmdResp2                      0x080022e8   Section        0  stm32f1xx_ll_sdmmc.o(i.SDMMC_GetCmdResp2)
    SDMMC_GetCmdResp2                        0x080022e9   Thumb Code    76  stm32f1xx_ll_sdmmc.o(i.SDMMC_GetCmdResp2)
    i.SDMMC_GetCmdResp3                      0x08002338   Section        0  stm32f1xx_ll_sdmmc.o(i.SDMMC_GetCmdResp3)
    SDMMC_GetCmdResp3                        0x08002339   Thumb Code    62  stm32f1xx_ll_sdmmc.o(i.SDMMC_GetCmdResp3)
    i.SDMMC_GetCmdResp6                      0x0800237c   Section        0  stm32f1xx_ll_sdmmc.o(i.SDMMC_GetCmdResp6)
    SDMMC_GetCmdResp6                        0x0800237d   Thumb Code   130  stm32f1xx_ll_sdmmc.o(i.SDMMC_GetCmdResp6)
    i.SD_DMAError                            0x08002404   Section        0  stm32f1xx_hal_sd.o(i.SD_DMAError)
    SD_DMAError                              0x08002405   Thumb Code    88  stm32f1xx_hal_sd.o(i.SD_DMAError)
    i.SD_DMAReceiveCplt                      0x08002460   Section        0  stm32f1xx_hal_sd.o(i.SD_DMAReceiveCplt)
    SD_DMAReceiveCplt                        0x08002461   Thumb Code    66  stm32f1xx_hal_sd.o(i.SD_DMAReceiveCplt)
    i.SD_DMARxAbort                          0x080024a2   Section        0  stm32f1xx_hal_sd.o(i.SD_DMARxAbort)
    SD_DMARxAbort                            0x080024a3   Thumb Code    68  stm32f1xx_hal_sd.o(i.SD_DMARxAbort)
    i.SD_DMATransmitCplt                     0x080024e6   Section        0  stm32f1xx_hal_sd.o(i.SD_DMATransmitCplt)
    SD_DMATransmitCplt                       0x080024e7   Thumb Code    14  stm32f1xx_hal_sd.o(i.SD_DMATransmitCplt)
    i.SD_DMATxAbort                          0x080024f4   Section        0  stm32f1xx_hal_sd.o(i.SD_DMATxAbort)
    SD_DMATxAbort                            0x080024f5   Thumb Code    68  stm32f1xx_hal_sd.o(i.SD_DMATxAbort)
    i.SD_FindSCR                             0x08002538   Section        0  stm32f1xx_hal_sd.o(i.SD_FindSCR)
    SD_FindSCR                               0x08002539   Thumb Code   212  stm32f1xx_hal_sd.o(i.SD_FindSCR)
    i.SD_InitCard                            0x0800260c   Section        0  stm32f1xx_hal_sd.o(i.SD_InitCard)
    SD_InitCard                              0x0800260d   Thumb Code   238  stm32f1xx_hal_sd.o(i.SD_InitCard)
    i.SD_PowerON                             0x080026fc   Section        0  stm32f1xx_hal_sd.o(i.SD_PowerON)
    SD_PowerON                               0x080026fd   Thumb Code   174  stm32f1xx_hal_sd.o(i.SD_PowerON)
    i.SD_initialize                          0x080027b0   Section        0  sd_diskio.o(i.SD_initialize)
    i.SD_ioctl                               0x080027d0   Section        0  sd_diskio.o(i.SD_ioctl)
    i.SD_read                                0x08002820   Section        0  sd_diskio.o(i.SD_read)
    i.SD_status                              0x08002850   Section        0  sd_diskio.o(i.SD_status)
    i.SD_write                               0x08002870   Section        0  sd_diskio.o(i.SD_write)
    i.SVC_Handler                            0x080028a0   Section        0  stm32f1xx_it.o(i.SVC_Handler)
    i.SysTick_Handler                        0x080028a2   Section        0  stm32f1xx_it.o(i.SysTick_Handler)
    i.SystemClock_Config                     0x080028a6   Section        0  main.o(i.SystemClock_Config)
    i.SystemInit                             0x08002904   Section        0  system_stm32f1xx.o(i.SystemInit)
    i.UART_SetConfig                         0x08002908   Section        0  stm32f1xx_hal_uart.o(i.UART_SetConfig)
    UART_SetConfig                           0x08002909   Thumb Code   178  stm32f1xx_hal_uart.o(i.UART_SetConfig)
    i.UART_WaitOnFlagUntilTimeout            0x080029c0   Section        0  stm32f1xx_hal_uart.o(i.UART_WaitOnFlagUntilTimeout)
    UART_WaitOnFlagUntilTimeout              0x080029c1   Thumb Code   100  stm32f1xx_hal_uart.o(i.UART_WaitOnFlagUntilTimeout)
    i.UsageFault_Handler                     0x08002a24   Section        0  stm32f1xx_it.o(i.UsageFault_Handler)
    i.__0printf$3                            0x08002a28   Section        0  printf3.o(i.__0printf$3)
    i.__NVIC_SetPriority                     0x08002a48   Section        0  stm32f1xx_hal_cortex.o(i.__NVIC_SetPriority)
    __NVIC_SetPriority                       0x08002a49   Thumb Code    32  stm32f1xx_hal_cortex.o(i.__NVIC_SetPriority)
    i.__scatterload_copy                     0x08002a68   Section       14  handlers.o(i.__scatterload_copy)
    i.__scatterload_null                     0x08002a76   Section        2  handlers.o(i.__scatterload_null)
    i.__scatterload_zeroinit                 0x08002a78   Section       14  handlers.o(i.__scatterload_zeroinit)
    i._printf_core                           0x08002a88   Section        0  printf3.o(i._printf_core)
    _printf_core                             0x08002a89   Thumb Code   436  printf3.o(i._printf_core)
    i.check_fs                               0x08002c40   Section        0  ff.o(i.check_fs)
    check_fs                                 0x08002c41   Thumb Code    90  ff.o(i.check_fs)
    i.chk_lock                               0x08002ca0   Section        0  ff.o(i.chk_lock)
    chk_lock                                 0x08002ca1   Thumb Code   102  ff.o(i.chk_lock)
    i.clear_lock                             0x08002d0c   Section        0  ff.o(i.clear_lock)
    clear_lock                               0x08002d0d   Thumb Code    32  ff.o(i.clear_lock)
    i.clmt_clust                             0x08002d30   Section        0  ff.o(i.clmt_clust)
    clmt_clust                               0x08002d31   Thumb Code    42  ff.o(i.clmt_clust)
    i.clust2sect                             0x08002d5a   Section        0  ff.o(i.clust2sect)
    i.create_chain                           0x08002d78   Section        0  ff.o(i.create_chain)
    create_chain                             0x08002d79   Thumb Code   176  ff.o(i.create_chain)
    i.create_name                            0x08002e28   Section        0  ff.o(i.create_name)
    create_name                              0x08002e29   Thumb Code   274  ff.o(i.create_name)
    i.dec_lock                               0x08002f4c   Section        0  ff.o(i.dec_lock)
    dec_lock                                 0x08002f4d   Thumb Code    54  ff.o(i.dec_lock)
    i.dir_next                               0x08002f88   Section        0  ff.o(i.dir_next)
    dir_next                                 0x08002f89   Thumb Code   286  ff.o(i.dir_next)
    i.dir_register                           0x080030a6   Section        0  ff.o(i.dir_register)
    dir_register                             0x080030a7   Thumb Code   118  ff.o(i.dir_register)
    i.dir_sdi                                0x0800311c   Section        0  ff.o(i.dir_sdi)
    dir_sdi                                  0x0800311d   Thumb Code   152  ff.o(i.dir_sdi)
    i.disk_initialize                        0x080031b4   Section        0  diskio.o(i.disk_initialize)
    i.disk_ioctl                             0x080031dc   Section        0  diskio.o(i.disk_ioctl)
    i.disk_read                              0x080031f8   Section        0  diskio.o(i.disk_read)
    i.disk_status                            0x08003214   Section        0  diskio.o(i.disk_status)
    i.disk_write                             0x0800322c   Section        0  diskio.o(i.disk_write)
    i.f_close                                0x08003248   Section        0  ff.o(i.f_close)
    i.f_mount                                0x08003274   Section        0  ff.o(i.f_mount)
    i.f_open                                 0x080032d0   Section        0  ff.o(i.f_open)
    i.f_read                                 0x08003470   Section        0  ff.o(i.f_read)
    i.f_sync                                 0x080035fc   Section        0  ff.o(i.f_sync)
    i.f_write                                0x080036ae   Section        0  ff.o(i.f_write)
    i.find_volume                            0x08003884   Section        0  ff.o(i.find_volume)
    find_volume                              0x08003885   Thumb Code   588  ff.o(i.find_volume)
    i.follow_path                            0x08003adc   Section        0  ff.o(i.follow_path)
    follow_path                              0x08003add   Thumb Code   192  ff.o(i.follow_path)
    i.fputc                                  0x08003b9c   Section        0  main.o(i.fputc)
    i.get_fat                                0x08003bb4   Section        0  ff.o(i.get_fat)
    i.get_ldnumber                           0x08003c76   Section        0  ff.o(i.get_ldnumber)
    get_ldnumber                             0x08003c77   Thumb Code    60  ff.o(i.get_ldnumber)
    i.inc_lock                               0x08003cb4   Section        0  ff.o(i.inc_lock)
    inc_lock                                 0x08003cb5   Thumb Code   154  ff.o(i.inc_lock)
    i.ld_clust                               0x08003d54   Section        0  ff.o(i.ld_clust)
    ld_clust                                 0x08003d55   Thumb Code    20  ff.o(i.ld_clust)
    i.main                                   0x08003d68   Section        0  main.o(i.main)
    i.mem_cpy                                0x08003e1c   Section        0  ff.o(i.mem_cpy)
    mem_cpy                                  0x08003e1d   Thumb Code    18  ff.o(i.mem_cpy)
    i.mem_set                                0x08003e2e   Section        0  ff.o(i.mem_set)
    mem_set                                  0x08003e2f   Thumb Code    14  ff.o(i.mem_set)
    i.move_window                            0x08003e3c   Section        0  ff.o(i.move_window)
    move_window                              0x08003e3d   Thumb Code    54  ff.o(i.move_window)
    i.put_fat                                0x08003e72   Section        0  ff.o(i.put_fat)
    i.remove_chain                           0x08003f6a   Section        0  ff.o(i.remove_chain)
    remove_chain                             0x08003f6b   Thumb Code   110  ff.o(i.remove_chain)
    i.set_dma_read                           0x08003fd8   Section        0  main.o(i.set_dma_read)
    i.set_dma_write                          0x08004018   Section        0  main.o(i.set_dma_write)
    i.st_clust                               0x0800405c   Section        0  ff.o(i.st_clust)
    st_clust                                 0x0800405d   Thumb Code    16  ff.o(i.st_clust)
    i.sync_fs                                0x0800406c   Section        0  ff.o(i.sync_fs)
    sync_fs                                  0x0800406d   Thumb Code   182  ff.o(i.sync_fs)
    i.sync_window                            0x08004122   Section        0  ff.o(i.sync_window)
    sync_window                              0x08004123   Thumb Code    96  ff.o(i.sync_window)
    i.validate                               0x08004182   Section        0  ff.o(i.validate)
    validate                                 0x08004183   Thumb Code    44  ff.o(i.validate)
    .constdata                               0x080041ae   Section       16  system_stm32f1xx.o(.constdata)
    .constdata                               0x080041be   Section        8  system_stm32f1xx.o(.constdata)
    .constdata                               0x080041c8   Section       20  sd_diskio.o(.constdata)
    .data                                    0x20000000   Section       41  main.o(.data)
    .data                                    0x2000002c   Section       12  stm32f1xx_hal.o(.data)
    .data                                    0x20000038   Section        4  system_stm32f1xx.o(.data)
    .data                                    0x2000003c   Section        5  fatfs.o(.data)
    .data                                    0x20000044   Section        8  ff.o(.data)
    Fsid                                     0x20000044   Data           2  ff.o(.data)
    FatFs                                    0x20000048   Data           4  ff.o(.data)
    .data                                    0x2000004c   Section        1  sd_diskio.o(.data)
    Stat                                     0x2000004c   Data           1  sd_diskio.o(.data)
    .data                                    0x20000050   Section        4  stdout.o(.data)
    .bss                                     0x20000054   Section     9672  main.o(.bss)
    .bss                                     0x2000261c   Section       24  ff.o(.bss)
    Files                                    0x2000261c   Data          24  ff.o(.bss)
    .bss                                     0x20002634   Section       12  ff_gen_drv.o(.bss)
    STACK                                    0x20002640   Section     4096  startup_stm32f103xe.o(STACK)

    Global Symbols

    Symbol Name                              Value     Ov Type        Size  Object(Section)

    BuildAttributes$$THM_ISAv4$P$D$K$B$S$PE$A:L22UL41UL21$X:L11$S22US41US21$IEEE1$IW$USESV6$~STKCKD$USESV7$~SHL$OSPACE$ROPI$EBA8$MICROLIB$REQ8$PRES8$EABIv2 0x00000000   Number         0  anon$$obj.o ABSOLUTE
    __ARM_use_no_argv                        0x00000000   Number         0  main.o ABSOLUTE
    _printf_a                                0x00000000   Number         0  stubs.o ABSOLUTE
    _printf_c                                0x00000000   Number         0  stubs.o ABSOLUTE
    _printf_charcount                        0x00000000   Number         0  stubs.o ABSOLUTE
    _printf_d                                0x00000000   Number         0  stubs.o ABSOLUTE
    _printf_e                                0x00000000   Number         0  stubs.o ABSOLUTE
    _printf_f                                0x00000000   Number         0  stubs.o ABSOLUTE
    _printf_flags                            0x00000000   Number         0  stubs.o ABSOLUTE
    _printf_fp_dec                           0x00000000   Number         0  stubs.o ABSOLUTE
    _printf_fp_hex                           0x00000000   Number         0  stubs.o ABSOLUTE
    _printf_g                                0x00000000   Number         0  stubs.o ABSOLUTE
    _printf_i                                0x00000000   Number         0  stubs.o ABSOLUTE
    _printf_int_dec                          0x00000000   Number         0  stubs.o ABSOLUTE
    _printf_l                                0x00000000   Number         0  stubs.o ABSOLUTE
    _printf_lc                               0x00000000   Number         0  stubs.o ABSOLUTE
    _printf_ll                               0x00000000   Number         0  stubs.o ABSOLUTE
    _printf_lld                              0x00000000   Number         0  stubs.o ABSOLUTE
    _printf_lli                              0x00000000   Number         0  stubs.o ABSOLUTE
    _printf_llo                              0x00000000   Number         0  stubs.o ABSOLUTE
    _printf_llu                              0x00000000   Number         0  stubs.o ABSOLUTE
    _printf_llx                              0x00000000   Number         0  stubs.o ABSOLUTE
    _printf_longlong_dec                     0x00000000   Number         0  stubs.o ABSOLUTE
    _printf_longlong_hex                     0x00000000   Number         0  stubs.o ABSOLUTE
    _printf_longlong_oct                     0x00000000   Number         0  stubs.o ABSOLUTE
    _printf_ls                               0x00000000   Number         0  stubs.o ABSOLUTE
    _printf_mbtowc                           0x00000000   Number         0  stubs.o ABSOLUTE
    _printf_n                                0x00000000   Number         0  stubs.o ABSOLUTE
    _printf_o                                0x00000000   Number         0  stubs.o ABSOLUTE
    _printf_p                                0x00000000   Number         0  stubs.o ABSOLUTE
    _printf_percent                          0x00000000   Number         0  stubs.o ABSOLUTE
    _printf_pre_padding                      0x00000000   Number         0  stubs.o ABSOLUTE
    _printf_return_value                     0x00000000   Number         0  stubs.o ABSOLUTE
    _printf_s                                0x00000000   Number         0  stubs.o ABSOLUTE
    _printf_sizespec                         0x00000000   Number         0  stubs.o ABSOLUTE
    _printf_str                              0x00000000   Number         0  stubs.o ABSOLUTE
    _printf_truncate_signed                  0x00000000   Number         0  stubs.o ABSOLUTE
    _printf_truncate_unsigned                0x00000000   Number         0  stubs.o ABSOLUTE
    _printf_u                                0x00000000   Number         0  stubs.o ABSOLUTE
    _printf_wc                               0x00000000   Number         0  stubs.o ABSOLUTE
    _printf_wctomb                           0x00000000   Number         0  stubs.o ABSOLUTE
    _printf_widthprec                        0x00000000   Number         0  stubs.o ABSOLUTE
    _printf_x                                0x00000000   Number         0  stubs.o ABSOLUTE
    __cpp_initialize__aeabi_                  - Undefined Weak Reference
    __cxa_finalize                            - Undefined Weak Reference
    __decompress                              - Undefined Weak Reference
    _clock_init                               - Undefined Weak Reference
    _microlib_exit                            - Undefined Weak Reference
    __Vectors_Size                           0x00000130   Number         0  startup_stm32f103xe.o ABSOLUTE
    __Vectors                                0x08000000   Data           4  startup_stm32f103xe.o(RESET)
    __Vectors_End                            0x08000130   Data           0  startup_stm32f103xe.o(RESET)
    __main                                   0x08000131   Thumb Code     0  entry.o(.ARM.Collect$$$$00000000)
    _main_stk                                0x08000131   Thumb Code     0  entry2.o(.ARM.Collect$$$$00000001)
    _main_scatterload                        0x08000135   Thumb Code     0  entry5.o(.ARM.Collect$$$$00000004)
    __main_after_scatterload                 0x08000139   Thumb Code     0  entry5.o(.ARM.Collect$$$$00000004)
    _main_clock                              0x08000139   Thumb Code     0  entry7b.o(.ARM.Collect$$$$00000008)
    _main_cpp_init                           0x08000139   Thumb Code     0  entry8b.o(.ARM.Collect$$$$0000000A)
    _main_init                               0x08000139   Thumb Code     0  entry9a.o(.ARM.Collect$$$$0000000B)
    __rt_final_cpp                           0x08000141   Thumb Code     0  entry10a.o(.ARM.Collect$$$$0000000D)
    __rt_final_exit                          0x08000141   Thumb Code     0  entry11a.o(.ARM.Collect$$$$0000000F)
    Reset_Handler                            0x08000145   Thumb Code     8  startup_stm32f103xe.o(.text)
    ADC1_2_IRQHandler                        0x0800015f   Thumb Code     0  startup_stm32f103xe.o(.text)
    ADC3_IRQHandler                          0x0800015f   Thumb Code     0  startup_stm32f103xe.o(.text)
    CAN1_RX1_IRQHandler                      0x0800015f   Thumb Code     0  startup_stm32f103xe.o(.text)
    CAN1_SCE_IRQHandler                      0x0800015f   Thumb Code     0  startup_stm32f103xe.o(.text)
    DMA1_Channel1_IRQHandler                 0x0800015f   Thumb Code     0  startup_stm32f103xe.o(.text)
    DMA1_Channel2_IRQHandler                 0x0800015f   Thumb Code     0  startup_stm32f103xe.o(.text)
    DMA1_Channel3_IRQHandler                 0x0800015f   Thumb Code     0  startup_stm32f103xe.o(.text)
    DMA1_Channel4_IRQHandler                 0x0800015f   Thumb Code     0  startup_stm32f103xe.o(.text)
    DMA1_Channel5_IRQHandler                 0x0800015f   Thumb Code     0  startup_stm32f103xe.o(.text)
    DMA1_Channel6_IRQHandler                 0x0800015f   Thumb Code     0  startup_stm32f103xe.o(.text)
    DMA1_Channel7_IRQHandler                 0x0800015f   Thumb Code     0  startup_stm32f103xe.o(.text)
    DMA2_Channel1_IRQHandler                 0x0800015f   Thumb Code     0  startup_stm32f103xe.o(.text)
    DMA2_Channel2_IRQHandler                 0x0800015f   Thumb Code     0  startup_stm32f103xe.o(.text)
    DMA2_Channel3_IRQHandler                 0x0800015f   Thumb Code     0  startup_stm32f103xe.o(.text)
    EXTI0_IRQHandler                         0x0800015f   Thumb Code     0  startup_stm32f103xe.o(.text)
    EXTI15_10_IRQHandler                     0x0800015f   Thumb Code     0  startup_stm32f103xe.o(.text)
    EXTI1_IRQHandler                         0x0800015f   Thumb Code     0  startup_stm32f103xe.o(.text)
    EXTI2_IRQHandler                         0x0800015f   Thumb Code     0  startup_stm32f103xe.o(.text)
    EXTI3_IRQHandler                         0x0800015f   Thumb Code     0  startup_stm32f103xe.o(.text)
    EXTI4_IRQHandler                         0x0800015f   Thumb Code     0  startup_stm32f103xe.o(.text)
    EXTI9_5_IRQHandler                       0x0800015f   Thumb Code     0  startup_stm32f103xe.o(.text)
    FLASH_IRQHandler                         0x0800015f   Thumb Code     0  startup_stm32f103xe.o(.text)
    FSMC_IRQHandler                          0x0800015f   Thumb Code     0  startup_stm32f103xe.o(.text)
    I2C1_ER_IRQHandler                       0x0800015f   Thumb Code     0  startup_stm32f103xe.o(.text)
    I2C1_EV_IRQHandler                       0x0800015f   Thumb Code     0  startup_stm32f103xe.o(.text)
    I2C2_ER_IRQHandler                       0x0800015f   Thumb Code     0  startup_stm32f103xe.o(.text)
    I2C2_EV_IRQHandler                       0x0800015f   Thumb Code     0  startup_stm32f103xe.o(.text)
    PVD_IRQHandler                           0x0800015f   Thumb Code     0  startup_stm32f103xe.o(.text)
    RCC_IRQHandler                           0x0800015f   Thumb Code     0  startup_stm32f103xe.o(.text)
    RTC_Alarm_IRQHandler                     0x0800015f   Thumb Code     0  startup_stm32f103xe.o(.text)
    RTC_IRQHandler                           0x0800015f   Thumb Code     0  startup_stm32f103xe.o(.text)
    SPI1_IRQHandler                          0x0800015f   Thumb Code     0  startup_stm32f103xe.o(.text)
    SPI2_IRQHandler                          0x0800015f   Thumb Code     0  startup_stm32f103xe.o(.text)
    SPI3_IRQHandler                          0x0800015f   Thumb Code     0  startup_stm32f103xe.o(.text)
    TAMPER_IRQHandler                        0x0800015f   Thumb Code     0  startup_stm32f103xe.o(.text)
    TIM1_BRK_IRQHandler                      0x0800015f   Thumb Code     0  startup_stm32f103xe.o(.text)
    TIM1_CC_IRQHandler                       0x0800015f   Thumb Code     0  startup_stm32f103xe.o(.text)
    TIM1_TRG_COM_IRQHandler                  0x0800015f   Thumb Code     0  startup_stm32f103xe.o(.text)
    TIM1_UP_IRQHandler                       0x0800015f   Thumb Code     0  startup_stm32f103xe.o(.text)
    TIM2_IRQHandler                          0x0800015f   Thumb Code     0  startup_stm32f103xe.o(.text)
    TIM3_IRQHandler                          0x0800015f   Thumb Code     0  startup_stm32f103xe.o(.text)
    TIM4_IRQHandler                          0x0800015f   Thumb Code     0  startup_stm32f103xe.o(.text)
    TIM5_IRQHandler                          0x0800015f   Thumb Code     0  startup_stm32f103xe.o(.text)
    TIM6_IRQHandler                          0x0800015f   Thumb Code     0  startup_stm32f103xe.o(.text)
    TIM7_IRQHandler                          0x0800015f   Thumb Code     0  startup_stm32f103xe.o(.text)
    TIM8_BRK_IRQHandler                      0x0800015f   Thumb Code     0  startup_stm32f103xe.o(.text)
    TIM8_CC_IRQHandler                       0x0800015f   Thumb Code     0  startup_stm32f103xe.o(.text)
    TIM8_TRG_COM_IRQHandler                  0x0800015f   Thumb Code     0  startup_stm32f103xe.o(.text)
    TIM8_UP_IRQHandler                       0x0800015f   Thumb Code     0  startup_stm32f103xe.o(.text)
    UART4_IRQHandler                         0x0800015f   Thumb Code     0  startup_stm32f103xe.o(.text)
    UART5_IRQHandler                         0x0800015f   Thumb Code     0  startup_stm32f103xe.o(.text)
    USART1_IRQHandler                        0x0800015f   Thumb Code     0  startup_stm32f103xe.o(.text)
    USART2_IRQHandler                        0x0800015f   Thumb Code     0  startup_stm32f103xe.o(.text)
    USART3_IRQHandler                        0x0800015f   Thumb Code     0  startup_stm32f103xe.o(.text)
    USBWakeUp_IRQHandler                     0x0800015f   Thumb Code     0  startup_stm32f103xe.o(.text)
    USB_HP_CAN1_TX_IRQHandler                0x0800015f   Thumb Code     0  startup_stm32f103xe.o(.text)
    USB_LP_CAN1_RX0_IRQHandler               0x0800015f   Thumb Code     0  startup_stm32f103xe.o(.text)
    WWDG_IRQHandler                          0x0800015f   Thumb Code     0  startup_stm32f103xe.o(.text)
    __aeabi_memset                           0x08000169   Thumb Code    14  memseta.o(.text)
    __aeabi_memset4                          0x08000169   Thumb Code     0  memseta.o(.text)
    __aeabi_memset8                          0x08000169   Thumb Code     0  memseta.o(.text)
    __aeabi_memclr                           0x08000177   Thumb Code     4  memseta.o(.text)
    __aeabi_memclr4                          0x08000177   Thumb Code     0  memseta.o(.text)
    __aeabi_memclr8                          0x08000177   Thumb Code     0  memseta.o(.text)
    _memset$wrapper                          0x0800017b   Thumb Code    18  memseta.o(.text)
    __aeabi_uidiv                            0x0800018d   Thumb Code     0  uidiv.o(.text)
    __aeabi_uidivmod                         0x0800018d   Thumb Code    44  uidiv.o(.text)
    __scatterload                            0x080001b9   Thumb Code    28  init.o(.text)
    __scatterload_rt2                        0x080001b9   Thumb Code     0  init.o(.text)
    BSP_SD_AbortCallback                     0x080001dd   Thumb Code     2  bsp_driver_sd.o(i.BSP_SD_AbortCallback)
    BSP_SD_GetCardInfo                       0x080001e1   Thumb Code     8  bsp_driver_sd.o(i.BSP_SD_GetCardInfo)
    BSP_SD_GetCardState                      0x080001ed   Thumb Code    20  bsp_driver_sd.o(i.BSP_SD_GetCardState)
    BSP_SD_Init                              0x08000205   Thumb Code    42  bsp_driver_sd.o(i.BSP_SD_Init)
    BSP_SD_IsDetected                        0x08000235   Thumb Code    14  bsp_driver_sd.o(i.BSP_SD_IsDetected)
    BSP_SD_ReadBlocks_DMA                    0x08000245   Thumb Code    40  bsp_driver_sd.o(i.BSP_SD_ReadBlocks_DMA)
    BSP_SD_ReadCpltCallback                  0x08000271   Thumb Code     2  bsp_driver_sd.o(i.BSP_SD_ReadCpltCallback)
    BSP_SD_WriteBlocks_DMA                   0x08000275   Thumb Code    40  bsp_driver_sd.o(i.BSP_SD_WriteBlocks_DMA)
    BSP_SD_WriteCpltCallback                 0x080002a1   Thumb Code     2  bsp_driver_sd.o(i.BSP_SD_WriteCpltCallback)
    BusFault_Handler                         0x080002a3   Thumb Code     2  stm32f1xx_it.o(i.BusFault_Handler)
    DMA2_Channel4_5_IRQHandler               0x080002a5   Thumb Code     6  stm32f1xx_it.o(i.DMA2_Channel4_5_IRQHandler)
    DebugMon_Handler                         0x080002db   Thumb Code     2  stm32f1xx_it.o(i.DebugMon_Handler)
    Error_Handler                            0x080002dd   Thumb Code     4  main.o(i.Error_Handler)
    FATFS_LinkDriver                         0x080002e1   Thumb Code     6  ff_gen_drv.o(i.FATFS_LinkDriver)
    FATFS_LinkDriverEx                       0x080002e9   Thumb Code    60  ff_gen_drv.o(i.FATFS_LinkDriverEx)
    Fatfs_RW_test                            0x08000329   Thumb Code   250  main.o(i.Fatfs_RW_test)
    HAL_DMA_Abort_IT                         0x080005c1   Thumb Code   296  stm32f1xx_hal_dma.o(i.HAL_DMA_Abort_IT)
    HAL_DMA_DeInit                           0x080006f1   Thumb Code   116  stm32f1xx_hal_dma.o(i.HAL_DMA_DeInit)
    HAL_DMA_IRQHandler                       0x08000771   Thumb Code   552  stm32f1xx_hal_dma.o(i.HAL_DMA_IRQHandler)
    HAL_DMA_Init                             0x080009b9   Thumb Code   112  stm32f1xx_hal_dma.o(i.HAL_DMA_Init)
    HAL_DMA_Start_IT                         0x08000a35   Thumb Code   112  stm32f1xx_hal_dma.o(i.HAL_DMA_Start_IT)
    HAL_Delay                                0x08000aa5   Thumb Code    32  stm32f1xx_hal.o(i.HAL_Delay)
    HAL_GPIO_Init                            0x08000ac9   Thumb Code   462  stm32f1xx_hal_gpio.o(i.HAL_GPIO_Init)
    HAL_GetTick                              0x08000cc1   Thumb Code     6  stm32f1xx_hal.o(i.HAL_GetTick)
    HAL_IncTick                              0x08000ccd   Thumb Code    12  stm32f1xx_hal.o(i.HAL_IncTick)
    HAL_Init                                 0x08000cdd   Thumb Code    32  stm32f1xx_hal.o(i.HAL_Init)
    HAL_InitTick                             0x08000d01   Thumb Code    54  stm32f1xx_hal.o(i.HAL_InitTick)
    HAL_MspInit                              0x08000d41   Thumb Code    52  stm32f1xx_hal_msp.o(i.HAL_MspInit)
    HAL_NVIC_EnableIRQ                       0x08000d7d   Thumb Code    26  stm32f1xx_hal_cortex.o(i.HAL_NVIC_EnableIRQ)
    HAL_NVIC_SetPriority                     0x08000d99   Thumb Code    60  stm32f1xx_hal_cortex.o(i.HAL_NVIC_SetPriority)
    HAL_NVIC_SetPriorityGrouping             0x08000dd9   Thumb Code    26  stm32f1xx_hal_cortex.o(i.HAL_NVIC_SetPriorityGrouping)
    HAL_RCC_ClockConfig                      0x08000dfd   Thumb Code   280  stm32f1xx_hal_rcc.o(i.HAL_RCC_ClockConfig)
    HAL_RCC_GetPCLK1Freq                     0x08000f29   Thumb Code    20  stm32f1xx_hal_rcc.o(i.HAL_RCC_GetPCLK1Freq)
    HAL_RCC_GetPCLK2Freq                     0x08000f49   Thumb Code    20  stm32f1xx_hal_rcc.o(i.HAL_RCC_GetPCLK2Freq)
    HAL_RCC_GetSysClockFreq                  0x08000f69   Thumb Code    74  stm32f1xx_hal_rcc.o(i.HAL_RCC_GetSysClockFreq)
    HAL_RCC_OscConfig                        0x08000fd5   Thumb Code   778  stm32f1xx_hal_rcc.o(i.HAL_RCC_OscConfig)
    HAL_SD_AbortCallback                     0x080012f5   Thumb Code     8  bsp_driver_sd.o(i.HAL_SD_AbortCallback)
    HAL_SD_ConfigWideBusOperation            0x080012fd   Thumb Code   238  stm32f1xx_hal_sd.o(i.HAL_SD_ConfigWideBusOperation)
    HAL_SD_ErrorCallback                     0x080013f1   Thumb Code     2  stm32f1xx_hal_sd.o(i.HAL_SD_ErrorCallback)
    HAL_SD_GetCardCSD                        0x080013f5   Thumb Code   402  stm32f1xx_hal_sd.o(i.HAL_SD_GetCardCSD)
    HAL_SD_GetCardInfo                       0x0800158d   Thumb Code    36  stm32f1xx_hal_sd.o(i.HAL_SD_GetCardInfo)
    HAL_SD_GetCardState                      0x080015b1   Thumb Code    44  stm32f1xx_hal_sd.o(i.HAL_SD_GetCardState)
    HAL_SD_IRQHandler                        0x080015dd   Thumb Code   512  stm32f1xx_hal_sd.o(i.HAL_SD_IRQHandler)
    HAL_SD_Init                              0x080017e5   Thumb Code    54  stm32f1xx_hal_sd.o(i.HAL_SD_Init)
    HAL_SD_InitCard                          0x0800181d   Thumb Code    78  stm32f1xx_hal_sd.o(i.HAL_SD_InitCard)
    HAL_SD_MspInit                           0x08001871   Thumb Code   176  stm32f1xx_hal_msp.o(i.HAL_SD_MspInit)
    HAL_SD_ReadBlocks_DMA                    0x08001939   Thumb Code   288  stm32f1xx_hal_sd.o(i.HAL_SD_ReadBlocks_DMA)
    HAL_SD_RxCpltCallback                    0x08001a69   Thumb Code     8  bsp_driver_sd.o(i.HAL_SD_RxCpltCallback)
    HAL_SD_TxCpltCallback                    0x08001a71   Thumb Code     8  bsp_driver_sd.o(i.HAL_SD_TxCpltCallback)
    HAL_SD_WriteBlocks_DMA                   0x08001a79   Thumb Code   290  stm32f1xx_hal_sd.o(i.HAL_SD_WriteBlocks_DMA)
    HAL_SYSTICK_Config                       0x08001bad   Thumb Code    40  stm32f1xx_hal_cortex.o(i.HAL_SYSTICK_Config)
    HAL_UART_Init                            0x08001bd5   Thumb Code    98  stm32f1xx_hal_uart.o(i.HAL_UART_Init)
    HAL_UART_MspInit                         0x08001c39   Thumb Code   100  stm32f1xx_hal_msp.o(i.HAL_UART_MspInit)
    HAL_UART_Transmit                        0x08001ca9   Thumb Code   178  stm32f1xx_hal_uart.o(i.HAL_UART_Transmit)
    HardFault_Handler                        0x08001d5b   Thumb Code     2  stm32f1xx_it.o(i.HardFault_Handler)
    MX_FATFS_Init                            0x08001d5d   Thumb Code    18  fatfs.o(i.MX_FATFS_Init)
    MemManage_Handler                        0x08001d79   Thumb Code     2  stm32f1xx_it.o(i.MemManage_Handler)
    NMI_Handler                              0x08001d7b   Thumb Code     2  stm32f1xx_it.o(i.NMI_Handler)
    PendSV_Handler                           0x08001d7d   Thumb Code     2  stm32f1xx_it.o(i.PendSV_Handler)
    SDIO_ConfigData                          0x08001d7f   Thumb Code    36  stm32f1xx_ll_sdmmc.o(i.SDIO_ConfigData)
    SDIO_GetPowerState                       0x08001da3   Thumb Code     8  stm32f1xx_ll_sdmmc.o(i.SDIO_GetPowerState)
    SDIO_GetResponse                         0x08001dab   Thumb Code     6  stm32f1xx_ll_sdmmc.o(i.SDIO_GetResponse)
    SDIO_IRQHandler                          0x08001db1   Thumb Code     6  stm32f1xx_it.o(i.SDIO_IRQHandler)
    SDIO_Init                                0x08001dbd   Thumb Code    36  stm32f1xx_ll_sdmmc.o(i.SDIO_Init)
    SDIO_PowerState_ON                       0x08001de1   Thumb Code    16  stm32f1xx_ll_sdmmc.o(i.SDIO_PowerState_ON)
    SDIO_ReadFIFO                            0x08001df1   Thumb Code     6  stm32f1xx_ll_sdmmc.o(i.SDIO_ReadFIFO)
    SDIO_SendCommand                         0x08001df7   Thumb Code    32  stm32f1xx_ll_sdmmc.o(i.SDIO_SendCommand)
    SDIO_WriteFIFO                           0x08001e17   Thumb Code    10  stm32f1xx_ll_sdmmc.o(i.SDIO_WriteFIFO)
    SDMMC_CmdAppCommand                      0x08001e21   Thumb Code    50  stm32f1xx_ll_sdmmc.o(i.SDMMC_CmdAppCommand)
    SDMMC_CmdAppOperCommand                  0x08001e55   Thumb Code    48  stm32f1xx_ll_sdmmc.o(i.SDMMC_CmdAppOperCommand)
    SDMMC_CmdBlockLength                     0x08001e89   Thumb Code    50  stm32f1xx_ll_sdmmc.o(i.SDMMC_CmdBlockLength)
    SDMMC_CmdBusWidth                        0x08001ebb   Thumb Code    50  stm32f1xx_ll_sdmmc.o(i.SDMMC_CmdBusWidth)
    SDMMC_CmdGoIdleState                     0x08001eed   Thumb Code    74  stm32f1xx_ll_sdmmc.o(i.SDMMC_CmdGoIdleState)
    SDMMC_CmdOperCond                        0x08001f3d   Thumb Code   112  stm32f1xx_ll_sdmmc.o(i.SDMMC_CmdOperCond)
    SDMMC_CmdReadMultiBlock                  0x08001fb1   Thumb Code    50  stm32f1xx_ll_sdmmc.o(i.SDMMC_CmdReadMultiBlock)
    SDMMC_CmdReadSingleBlock                 0x08001fe3   Thumb Code    50  stm32f1xx_ll_sdmmc.o(i.SDMMC_CmdReadSingleBlock)
    SDMMC_CmdSelDesel                        0x08002015   Thumb Code    50  stm32f1xx_ll_sdmmc.o(i.SDMMC_CmdSelDesel)
    SDMMC_CmdSendCID                         0x08002047   Thumb Code    44  stm32f1xx_ll_sdmmc.o(i.SDMMC_CmdSendCID)
    SDMMC_CmdSendCSD                         0x08002073   Thumb Code    44  stm32f1xx_ll_sdmmc.o(i.SDMMC_CmdSendCSD)
    SDMMC_CmdSendSCR                         0x0800209f   Thumb Code    48  stm32f1xx_ll_sdmmc.o(i.SDMMC_CmdSendSCR)
    SDMMC_CmdSendStatus                      0x080020cf   Thumb Code    50  stm32f1xx_ll_sdmmc.o(i.SDMMC_CmdSendStatus)
    SDMMC_CmdSetRelAdd                       0x08002101   Thumb Code    48  stm32f1xx_ll_sdmmc.o(i.SDMMC_CmdSetRelAdd)
    SDMMC_CmdStopTransfer                    0x08002131   Thumb Code    46  stm32f1xx_ll_sdmmc.o(i.SDMMC_CmdStopTransfer)
    SDMMC_CmdWriteMultiBlock                 0x08002165   Thumb Code    50  stm32f1xx_ll_sdmmc.o(i.SDMMC_CmdWriteMultiBlock)
    SDMMC_CmdWriteSingleBlock                0x08002197   Thumb Code    50  stm32f1xx_ll_sdmmc.o(i.SDMMC_CmdWriteSingleBlock)
    SD_initialize                            0x080027b1   Thumb Code    26  sd_diskio.o(i.SD_initialize)
    SD_ioctl                                 0x080027d1   Thumb Code    74  sd_diskio.o(i.SD_ioctl)
    SD_read                                  0x08002821   Thumb Code    44  sd_diskio.o(i.SD_read)
    SD_status                                0x08002851   Thumb Code    26  sd_diskio.o(i.SD_status)
    SD_write                                 0x08002871   Thumb Code    44  sd_diskio.o(i.SD_write)
    SVC_Handler                              0x080028a1   Thumb Code     2  stm32f1xx_it.o(i.SVC_Handler)
    SysTick_Handler                          0x080028a3   Thumb Code     4  stm32f1xx_it.o(i.SysTick_Handler)
    SystemClock_Config                       0x080028a7   Thumb Code    94  main.o(i.SystemClock_Config)
    SystemInit                               0x08002905   Thumb Code     2  system_stm32f1xx.o(i.SystemInit)
    UsageFault_Handler                       0x08002a25   Thumb Code     2  stm32f1xx_it.o(i.UsageFault_Handler)
    __0printf$3                              0x08002a29   Thumb Code    22  printf3.o(i.__0printf$3)
    __1printf$3                              0x08002a29   Thumb Code     0  printf3.o(i.__0printf$3)
    __2printf                                0x08002a29   Thumb Code     0  printf3.o(i.__0printf$3)
    __scatterload_copy                       0x08002a69   Thumb Code    14  handlers.o(i.__scatterload_copy)
    __scatterload_null                       0x08002a77   Thumb Code     2  handlers.o(i.__scatterload_null)
    __scatterload_zeroinit                   0x08002a79   Thumb Code    14  handlers.o(i.__scatterload_zeroinit)
    clust2sect                               0x08002d5b   Thumb Code    30  ff.o(i.clust2sect)
    disk_initialize                          0x080031b5   Thumb Code    36  diskio.o(i.disk_initialize)
    disk_ioctl                               0x080031dd   Thumb Code    24  diskio.o(i.disk_ioctl)
    disk_read                                0x080031f9   Thumb Code    24  diskio.o(i.disk_read)
    disk_status                              0x08003215   Thumb Code    18  diskio.o(i.disk_status)
    disk_write                               0x0800322d   Thumb Code    24  diskio.o(i.disk_write)
    f_close                                  0x08003249   Thumb Code    42  ff.o(i.f_close)
    f_mount                                  0x08003275   Thumb Code    88  ff.o(i.f_mount)
    f_open                                   0x080032d1   Thumb Code   410  ff.o(i.f_open)
    f_read                                   0x08003471   Thumb Code   396  ff.o(i.f_read)
    f_sync                                   0x080035fd   Thumb Code   178  ff.o(i.f_sync)
    f_write                                  0x080036af   Thumb Code   470  ff.o(i.f_write)
    fputc                                    0x08003b9d   Thumb Code    20  main.o(i.fputc)
    get_fat                                  0x08003bb5   Thumb Code   194  ff.o(i.get_fat)
    main                                     0x08003d69   Thumb Code   162  main.o(i.main)
    put_fat                                  0x08003e73   Thumb Code   248  ff.o(i.put_fat)
    set_dma_read                             0x08003fd9   Thumb Code    56  main.o(i.set_dma_read)
    set_dma_write                            0x08004019   Thumb Code    58  main.o(i.set_dma_write)
    AHBPrescTable                            0x080041ae   Data          16  system_stm32f1xx.o(.constdata)
    APBPrescTable                            0x080041be   Data           8  system_stm32f1xx.o(.constdata)
    SD_Driver                                0x080041c8   Data          20  sd_diskio.o(.constdata)
    Region$$Table$$Base                      0x080041dc   Number         0  anon$$obj.o(Region$$Table)
    Region$$Table$$Limit                     0x080041fc   Number         0  anon$$obj.o(Region$$Table)
    byteswritten                             0x20000000   Data           4  main.o(.data)
    bytesread                                0x20000004   Data           4  main.o(.data)
    wtext                                    0x20000008   Data          33  main.o(.data)
    uwTickFreq                               0x2000002c   Data           1  stm32f1xx_hal.o(.data)
    uwTickPrio                               0x20000030   Data           4  stm32f1xx_hal.o(.data)
    uwTick                                   0x20000034   Data           4  stm32f1xx_hal.o(.data)
    SystemCoreClock                          0x20000038   Data           4  system_stm32f1xx.o(.data)
    retSD                                    0x2000003c   Data           1  fatfs.o(.data)
    SDPath                                   0x2000003d   Data           4  fatfs.o(.data)
    __stdout                                 0x20000050   Data           4  stdout.o(.data)
    hsd                                      0x20000054   Data         132  main.o(.bss)
    hdma_sdio                                0x200000d8   Data          68  main.o(.bss)
    huart1                                   0x2000011c   Data          64  main.o(.bss)
    BufferRx                                 0x2000015c   Data        4096  main.o(.bss)
    BufferTx                                 0x2000115c   Data        4096  main.o(.bss)
    fs                                       0x2000215c   Data         560  main.o(.bss)
    fil                                      0x2000238c   Data         556  main.o(.bss)
    rtext                                    0x200025b8   Data         100  main.o(.bss)
    disk                                     0x20002634   Data          12  ff_gen_drv.o(.bss)
    __initial_sp                             0x20003640   Data           0  startup_stm32f103xe.o(STACK)



==============================================================================

Memory Map of the image

  Image Entry point : 0x08000131

  Load Region LR_IROM1 (Base: 0x08000000, Size: 0x00004250, Max: 0x00080000, ABSOLUTE)

    Execution Region ER_IROM1 (Base: 0x08000000, Size: 0x000041fc, Max: 0x00080000, ABSOLUTE)

    Base Addr    Size         Type   Attr      Idx    E Section Name        Object

    0x08000000   0x00000130   Data   RO            3    RESET               startup_stm32f103xe.o
    0x08000130   0x00000000   Code   RO         2919  * .ARM.Collect$$$$00000000  mc_w.l(entry.o)
    0x08000130   0x00000004   Code   RO         3187    .ARM.Collect$$$$00000001  mc_w.l(entry2.o)
    0x08000134   0x00000004   Code   RO         3190    .ARM.Collect$$$$00000004  mc_w.l(entry5.o)
    0x08000138   0x00000000   Code   RO         3192    .ARM.Collect$$$$00000008  mc_w.l(entry7b.o)
    0x08000138   0x00000000   Code   RO         3194    .ARM.Collect$$$$0000000A  mc_w.l(entry8b.o)
    0x08000138   0x00000008   Code   RO         3195    .ARM.Collect$$$$0000000B  mc_w.l(entry9a.o)
    0x08000140   0x00000000   Code   RO         3197    .ARM.Collect$$$$0000000D  mc_w.l(entry10a.o)
    0x08000140   0x00000000   Code   RO         3199    .ARM.Collect$$$$0000000F  mc_w.l(entry11a.o)
    0x08000140   0x00000004   Code   RO         3188    .ARM.Collect$$$$00002712  mc_w.l(entry2.o)
    0x08000144   0x00000024   Code   RO            4    .text               startup_stm32f103xe.o
    0x08000168   0x00000024   Code   RO         2924    .text               mc_w.l(memseta.o)
    0x0800018c   0x0000002c   Code   RO         3202    .text               mc_w.l(uidiv.o)
    0x080001b8   0x00000024   Code   RO         3217    .text               mc_w.l(init.o)
    0x080001dc   0x00000002   Code   RO         2259    i.BSP_SD_AbortCallback  bsp_driver_sd.o
    0x080001de   0x00000002   PAD
    0x080001e0   0x0000000c   Code   RO         2262    i.BSP_SD_GetCardInfo  bsp_driver_sd.o
    0x080001ec   0x00000018   Code   RO         2263    i.BSP_SD_GetCardState  bsp_driver_sd.o
    0x08000204   0x00000030   Code   RO         2265    i.BSP_SD_Init       bsp_driver_sd.o
    0x08000234   0x0000000e   Code   RO         2266    i.BSP_SD_IsDetected  bsp_driver_sd.o
    0x08000242   0x00000002   PAD
    0x08000244   0x0000002c   Code   RO         2268    i.BSP_SD_ReadBlocks_DMA  bsp_driver_sd.o
    0x08000270   0x00000002   Code   RO         2269    i.BSP_SD_ReadCpltCallback  bsp_driver_sd.o
    0x08000272   0x00000002   PAD
    0x08000274   0x0000002c   Code   RO         2271    i.BSP_SD_WriteBlocks_DMA  bsp_driver_sd.o
    0x080002a0   0x00000002   Code   RO         2272    i.BSP_SD_WriteCpltCallback  bsp_driver_sd.o
    0x080002a2   0x00000002   Code   RO          227    i.BusFault_Handler  stm32f1xx_it.o
    0x080002a4   0x0000000c   Code   RO          228    i.DMA2_Channel4_5_IRQHandler  stm32f1xx_it.o
    0x080002b0   0x0000002a   Code   RO          778    i.DMA_SetConfig     stm32f1xx_hal_dma.o
    0x080002da   0x00000002   Code   RO          229    i.DebugMon_Handler  stm32f1xx_it.o
    0x080002dc   0x00000004   Code   RO           14    i.Error_Handler     main.o
    0x080002e0   0x00000006   Code   RO         2784    i.FATFS_LinkDriver  ff_gen_drv.o
    0x080002e6   0x00000002   PAD
    0x080002e8   0x00000040   Code   RO         2785    i.FATFS_LinkDriverEx  ff_gen_drv.o
    0x08000328   0x00000298   Code   RO           15    i.Fatfs_RW_test     main.o
    0x080005c0   0x00000130   Code   RO          780    i.HAL_DMA_Abort_IT  stm32f1xx_hal_dma.o
    0x080006f0   0x00000080   Code   RO          781    i.HAL_DMA_DeInit    stm32f1xx_hal_dma.o
    0x08000770   0x00000248   Code   RO          784    i.HAL_DMA_IRQHandler  stm32f1xx_hal_dma.o
    0x080009b8   0x0000007c   Code   RO          785    i.HAL_DMA_Init      stm32f1xx_hal_dma.o
    0x08000a34   0x00000070   Code   RO          789    i.HAL_DMA_Start_IT  stm32f1xx_hal_dma.o
    0x08000aa4   0x00000024   Code   RO          407    i.HAL_Delay         stm32f1xx_hal.o
    0x08000ac8   0x000001f8   Code   RO          715    i.HAL_GPIO_Init     stm32f1xx_hal_gpio.o
    0x08000cc0   0x0000000c   Code   RO          411    i.HAL_GetTick       stm32f1xx_hal.o
    0x08000ccc   0x00000010   Code   RO          417    i.HAL_IncTick       stm32f1xx_hal.o
    0x08000cdc   0x00000024   Code   RO          418    i.HAL_Init          stm32f1xx_hal.o
    0x08000d00   0x00000040   Code   RO          419    i.HAL_InitTick      stm32f1xx_hal.o
    0x08000d40   0x0000003c   Code   RO          315    i.HAL_MspInit       stm32f1xx_hal_msp.o
    0x08000d7c   0x0000001a   Code   RO          875    i.HAL_NVIC_EnableIRQ  stm32f1xx_hal_cortex.o
    0x08000d96   0x00000002   PAD
    0x08000d98   0x00000040   Code   RO          881    i.HAL_NVIC_SetPriority  stm32f1xx_hal_cortex.o
    0x08000dd8   0x00000024   Code   RO          882    i.HAL_NVIC_SetPriorityGrouping  stm32f1xx_hal_cortex.o
    0x08000dfc   0x0000012c   Code   RO          575    i.HAL_RCC_ClockConfig  stm32f1xx_hal_rcc.o
    0x08000f28   0x00000020   Code   RO          582    i.HAL_RCC_GetPCLK1Freq  stm32f1xx_hal_rcc.o
    0x08000f48   0x00000020   Code   RO          583    i.HAL_RCC_GetPCLK2Freq  stm32f1xx_hal_rcc.o
    0x08000f68   0x0000006c   Code   RO          584    i.HAL_RCC_GetSysClockFreq  stm32f1xx_hal_rcc.o
    0x08000fd4   0x00000320   Code   RO          587    i.HAL_RCC_OscConfig  stm32f1xx_hal_rcc.o
    0x080012f4   0x00000008   Code   RO         2273    i.HAL_SD_AbortCallback  bsp_driver_sd.o
    0x080012fc   0x000000f4   Code   RO         1642    i.HAL_SD_ConfigWideBusOperation  stm32f1xx_hal_sd.o
    0x080013f0   0x00000002   Code   RO         1645    i.HAL_SD_ErrorCallback  stm32f1xx_hal_sd.o
    0x080013f2   0x00000002   PAD
    0x080013f4   0x00000198   Code   RO         1647    i.HAL_SD_GetCardCSD  stm32f1xx_hal_sd.o
    0x0800158c   0x00000024   Code   RO         1648    i.HAL_SD_GetCardInfo  stm32f1xx_hal_sd.o
    0x080015b0   0x0000002c   Code   RO         1649    i.HAL_SD_GetCardState  stm32f1xx_hal_sd.o
    0x080015dc   0x00000208   Code   RO         1653    i.HAL_SD_IRQHandler  stm32f1xx_hal_sd.o
    0x080017e4   0x00000036   Code   RO         1654    i.HAL_SD_Init       stm32f1xx_hal_sd.o
    0x0800181a   0x00000002   PAD
    0x0800181c   0x00000054   Code   RO         1655    i.HAL_SD_InitCard   stm32f1xx_hal_sd.o
    0x08001870   0x000000c8   Code   RO          317    i.HAL_SD_MspInit    stm32f1xx_hal_msp.o
    0x08001938   0x00000130   Code   RO         1659    i.HAL_SD_ReadBlocks_DMA  stm32f1xx_hal_sd.o
    0x08001a68   0x00000008   Code   RO         2274    i.HAL_SD_RxCpltCallback  bsp_driver_sd.o
    0x08001a70   0x00000008   Code   RO         2275    i.HAL_SD_TxCpltCallback  bsp_driver_sd.o
    0x08001a78   0x00000134   Code   RO         1664    i.HAL_SD_WriteBlocks_DMA  stm32f1xx_hal_sd.o
    0x08001bac   0x00000028   Code   RO          886    i.HAL_SYSTICK_Config  stm32f1xx_hal_cortex.o
    0x08001bd4   0x00000062   Code   RO         1925    i.HAL_UART_Init     stm32f1xx_hal_uart.o
    0x08001c36   0x00000002   PAD
    0x08001c38   0x00000070   Code   RO          319    i.HAL_UART_MspInit  stm32f1xx_hal_msp.o
    0x08001ca8   0x000000b2   Code   RO         1933    i.HAL_UART_Transmit  stm32f1xx_hal_uart.o
    0x08001d5a   0x00000002   Code   RO          230    i.HardFault_Handler  stm32f1xx_it.o
    0x08001d5c   0x0000001c   Code   RO         2380    i.MX_FATFS_Init     fatfs.o
    0x08001d78   0x00000002   Code   RO          231    i.MemManage_Handler  stm32f1xx_it.o
    0x08001d7a   0x00000002   Code   RO          232    i.NMI_Handler       stm32f1xx_it.o
    0x08001d7c   0x00000002   Code   RO          233    i.PendSV_Handler    stm32f1xx_it.o
    0x08001d7e   0x00000024   Code   RO         1375    i.SDIO_ConfigData   stm32f1xx_ll_sdmmc.o
    0x08001da2   0x00000008   Code   RO         1379    i.SDIO_GetPowerState  stm32f1xx_ll_sdmmc.o
    0x08001daa   0x00000006   Code   RO         1380    i.SDIO_GetResponse  stm32f1xx_ll_sdmmc.o
    0x08001db0   0x0000000c   Code   RO          234    i.SDIO_IRQHandler   stm32f1xx_it.o
    0x08001dbc   0x00000024   Code   RO         1381    i.SDIO_Init         stm32f1xx_ll_sdmmc.o
    0x08001de0   0x00000010   Code   RO         1383    i.SDIO_PowerState_ON  stm32f1xx_ll_sdmmc.o
    0x08001df0   0x00000006   Code   RO         1384    i.SDIO_ReadFIFO     stm32f1xx_ll_sdmmc.o
    0x08001df6   0x00000020   Code   RO         1385    i.SDIO_SendCommand  stm32f1xx_ll_sdmmc.o
    0x08001e16   0x0000000a   Code   RO         1387    i.SDIO_WriteFIFO    stm32f1xx_ll_sdmmc.o
    0x08001e20   0x00000032   Code   RO         1388    i.SDMMC_CmdAppCommand  stm32f1xx_ll_sdmmc.o
    0x08001e52   0x00000002   PAD
    0x08001e54   0x00000034   Code   RO         1389    i.SDMMC_CmdAppOperCommand  stm32f1xx_ll_sdmmc.o
    0x08001e88   0x00000032   Code   RO         1390    i.SDMMC_CmdBlockLength  stm32f1xx_ll_sdmmc.o
    0x08001eba   0x00000032   Code   RO         1391    i.SDMMC_CmdBusWidth  stm32f1xx_ll_sdmmc.o
    0x08001eec   0x00000050   Code   RO         1395    i.SDMMC_CmdGoIdleState  stm32f1xx_ll_sdmmc.o
    0x08001f3c   0x00000074   Code   RO         1397    i.SDMMC_CmdOperCond  stm32f1xx_ll_sdmmc.o
    0x08001fb0   0x00000032   Code   RO         1398    i.SDMMC_CmdReadMultiBlock  stm32f1xx_ll_sdmmc.o
    0x08001fe2   0x00000032   Code   RO         1399    i.SDMMC_CmdReadSingleBlock  stm32f1xx_ll_sdmmc.o
    0x08002014   0x00000032   Code   RO         1402    i.SDMMC_CmdSelDesel  stm32f1xx_ll_sdmmc.o
    0x08002046   0x0000002c   Code   RO         1403    i.SDMMC_CmdSendCID  stm32f1xx_ll_sdmmc.o
    0x08002072   0x0000002c   Code   RO         1404    i.SDMMC_CmdSendCSD  stm32f1xx_ll_sdmmc.o
    0x0800209e   0x00000030   Code   RO         1405    i.SDMMC_CmdSendSCR  stm32f1xx_ll_sdmmc.o
    0x080020ce   0x00000032   Code   RO         1406    i.SDMMC_CmdSendStatus  stm32f1xx_ll_sdmmc.o
    0x08002100   0x00000030   Code   RO         1407    i.SDMMC_CmdSetRelAdd  stm32f1xx_ll_sdmmc.o
    0x08002130   0x00000034   Code   RO         1409    i.SDMMC_CmdStopTransfer  stm32f1xx_ll_sdmmc.o
    0x08002164   0x00000032   Code   RO         1411    i.SDMMC_CmdWriteMultiBlock  stm32f1xx_ll_sdmmc.o
    0x08002196   0x00000032   Code   RO         1412    i.SDMMC_CmdWriteSingleBlock  stm32f1xx_ll_sdmmc.o
    0x080021c8   0x00000120   Code   RO         1413    i.SDMMC_GetCmdResp1  stm32f1xx_ll_sdmmc.o
    0x080022e8   0x00000050   Code   RO         1414    i.SDMMC_GetCmdResp2  stm32f1xx_ll_sdmmc.o
    0x08002338   0x00000044   Code   RO         1415    i.SDMMC_GetCmdResp3  stm32f1xx_ll_sdmmc.o
    0x0800237c   0x00000088   Code   RO         1416    i.SDMMC_GetCmdResp6  stm32f1xx_ll_sdmmc.o
    0x08002404   0x0000005c   Code   RO         1666    i.SD_DMAError       stm32f1xx_hal_sd.o
    0x08002460   0x00000042   Code   RO         1667    i.SD_DMAReceiveCplt  stm32f1xx_hal_sd.o
    0x080024a2   0x00000044   Code   RO         1668    i.SD_DMARxAbort     stm32f1xx_hal_sd.o
    0x080024e6   0x0000000e   Code   RO         1669    i.SD_DMATransmitCplt  stm32f1xx_hal_sd.o
    0x080024f4   0x00000044   Code   RO         1670    i.SD_DMATxAbort     stm32f1xx_hal_sd.o
    0x08002538   0x000000d4   Code   RO         1671    i.SD_FindSCR        stm32f1xx_hal_sd.o
    0x0800260c   0x000000ee   Code   RO         1672    i.SD_InitCard       stm32f1xx_hal_sd.o
    0x080026fa   0x00000002   PAD
    0x080026fc   0x000000b4   Code   RO         1673    i.SD_PowerON        stm32f1xx_hal_sd.o
    0x080027b0   0x00000020   Code   RO         2864    i.SD_initialize     sd_diskio.o
    0x080027d0   0x00000050   Code   RO         2865    i.SD_ioctl          sd_diskio.o
    0x08002820   0x00000030   Code   RO         2866    i.SD_read           sd_diskio.o
    0x08002850   0x00000020   Code   RO         2867    i.SD_status         sd_diskio.o
    0x08002870   0x00000030   Code   RO         2868    i.SD_write          sd_diskio.o
    0x080028a0   0x00000002   Code   RO          235    i.SVC_Handler       stm32f1xx_it.o
    0x080028a2   0x00000004   Code   RO          236    i.SysTick_Handler   stm32f1xx_it.o
    0x080028a6   0x0000005e   Code   RO           19    i.SystemClock_Config  main.o
    0x08002904   0x00000002   Code   RO         2222    i.SystemInit        system_stm32f1xx.o
    0x08002906   0x00000002   PAD
    0x08002908   0x000000b8   Code   RO         1951    i.UART_SetConfig    stm32f1xx_hal_uart.o
    0x080029c0   0x00000064   Code   RO         1952    i.UART_WaitOnFlagUntilTimeout  stm32f1xx_hal_uart.o
    0x08002a24   0x00000002   Code   RO          237    i.UsageFault_Handler  stm32f1xx_it.o
    0x08002a26   0x00000002   PAD
    0x08002a28   0x00000020   Code   RO         3015    i.__0printf$3       mc_w.l(printf3.o)
    0x08002a48   0x00000020   Code   RO          888    i.__NVIC_SetPriority  stm32f1xx_hal_cortex.o
    0x08002a68   0x0000000e   Code   RO         3227    i.__scatterload_copy  mc_w.l(handlers.o)
    0x08002a76   0x00000002   Code   RO         3228    i.__scatterload_null  mc_w.l(handlers.o)
    0x08002a78   0x0000000e   Code   RO         3229    i.__scatterload_zeroinit  mc_w.l(handlers.o)
    0x08002a86   0x00000002   PAD
    0x08002a88   0x000001b8   Code   RO         3022    i._printf_core      mc_w.l(printf3.o)
    0x08002c40   0x00000060   Code   RO         2467    i.check_fs          ff.o
    0x08002ca0   0x0000006c   Code   RO         2468    i.chk_lock          ff.o
    0x08002d0c   0x00000024   Code   RO         2469    i.clear_lock        ff.o
    0x08002d30   0x0000002a   Code   RO         2470    i.clmt_clust        ff.o
    0x08002d5a   0x0000001e   Code   RO         2471    i.clust2sect        ff.o
    0x08002d78   0x000000b0   Code   RO         2472    i.create_chain      ff.o
    0x08002e28   0x00000124   Code   RO         2473    i.create_name       ff.o
    0x08002f4c   0x0000003c   Code   RO         2474    i.dec_lock          ff.o
    0x08002f88   0x0000011e   Code   RO         2475    i.dir_next          ff.o
    0x080030a6   0x00000076   Code   RO         2477    i.dir_register      ff.o
    0x0800311c   0x00000098   Code   RO         2479    i.dir_sdi           ff.o
    0x080031b4   0x00000028   Code   RO         2412    i.disk_initialize   diskio.o
    0x080031dc   0x0000001c   Code   RO         2413    i.disk_ioctl        diskio.o
    0x080031f8   0x0000001c   Code   RO         2414    i.disk_read         diskio.o
    0x08003214   0x00000018   Code   RO         2415    i.disk_status       diskio.o
    0x0800322c   0x0000001c   Code   RO         2416    i.disk_write        diskio.o
    0x08003248   0x0000002a   Code   RO         2481    i.f_close           ff.o
    0x08003272   0x00000002   PAD
    0x08003274   0x0000005c   Code   RO         2488    i.f_mount           ff.o
    0x080032d0   0x000001a0   Code   RO         2489    i.f_open            ff.o
    0x08003470   0x0000018c   Code   RO         2494    i.f_read            ff.o
    0x080035fc   0x000000b2   Code   RO         2498    i.f_sync            ff.o
    0x080036ae   0x000001d6   Code   RO         2502    i.f_write           ff.o
    0x08003884   0x00000258   Code   RO         2503    i.find_volume       ff.o
    0x08003adc   0x000000c0   Code   RO         2504    i.follow_path       ff.o
    0x08003b9c   0x00000018   Code   RO           21    i.fputc             main.o
    0x08003bb4   0x000000c2   Code   RO         2505    i.get_fat           ff.o
    0x08003c76   0x0000003c   Code   RO         2507    i.get_ldnumber      ff.o
    0x08003cb2   0x00000002   PAD
    0x08003cb4   0x000000a0   Code   RO         2508    i.inc_lock          ff.o
    0x08003d54   0x00000014   Code   RO         2509    i.ld_clust          ff.o
    0x08003d68   0x000000b4   Code   RO           22    i.main              main.o
    0x08003e1c   0x00000012   Code   RO         2510    i.mem_cpy           ff.o
    0x08003e2e   0x0000000e   Code   RO         2511    i.mem_set           ff.o
    0x08003e3c   0x00000036   Code   RO         2512    i.move_window       ff.o
    0x08003e72   0x000000f8   Code   RO         2513    i.put_fat           ff.o
    0x08003f6a   0x0000006e   Code   RO         2515    i.remove_chain      ff.o
    0x08003fd8   0x00000040   Code   RO           23    i.set_dma_read      main.o
    0x08004018   0x00000044   Code   RO           24    i.set_dma_write     main.o
    0x0800405c   0x00000010   Code   RO         2516    i.st_clust          ff.o
    0x0800406c   0x000000b6   Code   RO         2517    i.sync_fs           ff.o
    0x08004122   0x00000060   Code   RO         2518    i.sync_window       ff.o
    0x08004182   0x0000002c   Code   RO         2519    i.validate          ff.o
    0x080041ae   0x00000010   Data   RO         2223    .constdata          system_stm32f1xx.o
    0x080041be   0x00000008   Data   RO         2224    .constdata          system_stm32f1xx.o
    0x080041c6   0x00000002   PAD
    0x080041c8   0x00000014   Data   RO         2869    .constdata          sd_diskio.o
    0x080041dc   0x00000020   Data   RO         3225    Region$$Table       anon$$obj.o


    Execution Region RW_IRAM1 (Base: 0x20000000, Size: 0x00003640, Max: 0x00010000, ABSOLUTE)

    Base Addr    Size         Type   Attr      Idx    E Section Name        Object

    0x20000000   0x00000029   Data   RW           26    .data               main.o
    0x20000029   0x00000003   PAD
    0x2000002c   0x0000000c   Data   RW          425    .data               stm32f1xx_hal.o
    0x20000038   0x00000004   Data   RW         2225    .data               system_stm32f1xx.o
    0x2000003c   0x00000005   Data   RW         2383    .data               fatfs.o
    0x20000041   0x00000003   PAD
    0x20000044   0x00000008   Data   RW         2522    .data               ff.o
    0x2000004c   0x00000001   Data   RW         2870    .data               sd_diskio.o
    0x2000004d   0x00000003   PAD
    0x20000050   0x00000004   Data   RW         3201    .data               mc_w.l(stdout.o)
    0x20000054   0x000025c8   Zero   RW           25    .bss                main.o
    0x2000261c   0x00000018   Zero   RW         2520    .bss                ff.o
    0x20002634   0x0000000c   Zero   RW         2788    .bss                ff_gen_drv.o
    0x20002640   0x00001000   Zero   RW            1    STACK               startup_stm32f103xe.o


==============================================================================

Image component sizes


      Code (inc. data)   RO Data    RW Data    ZI Data      Debug   Object Name

       216         22          0          0          0       6807   bsp_driver_sd.o
       148         22          0          0          0       3397   diskio.o
        28         10          0          5          0       1118   fatfs.o
      4998         68          0          8         24      26402   ff.o
        70          4          0          0         12       1507   ff_gen_drv.o
      1098        454          0         41       9672     488874   main.o
       240         26         20          1          0       4156   sd_diskio.o
        36          8        304          0       4096        828   startup_stm32f103xe.o
       164         28          0         12          0       6629   stm32f1xx_hal.o
       198         14          0          0          0      28731   stm32f1xx_hal_cortex.o
      1294         64          0          0          0       4839   stm32f1xx_hal_dma.o
       504         42          0          0          0       2064   stm32f1xx_hal_gpio.o
       372         44          0          0          0       2430   stm32f1xx_hal_msp.o
      1272        100          0          0          0       5080   stm32f1xx_hal_rcc.o
      2942         70          0          0          0      14935   stm32f1xx_hal_sd.o
       560          6          0          0          0       3576   stm32f1xx_hal_uart.o
        44         12          0          0          0       5013   stm32f1xx_it.o
      1656         46          0          0          0      21279   stm32f1xx_ll_sdmmc.o
         2          0         24          4          0       1191   system_stm32f1xx.o

    ----------------------------------------------------------------------
     15870       1040        382         80      13804     628856   Object Totals
         0          0         32          0          0          0   (incl. Generated)
        28          0          2          9          0          0   (incl. Padding)

    ----------------------------------------------------------------------

      Code (inc. data)   RO Data    RW Data    ZI Data      Debug   Library Member Name

         0          0          0          0          0          0   entry.o
         0          0          0          0          0          0   entry10a.o
         0          0          0          0          0          0   entry11a.o
         8          4          0          0          0          0   entry2.o
         4          0          0          0          0          0   entry5.o
         0          0          0          0          0          0   entry7b.o
         0          0          0          0          0          0   entry8b.o
         8          4          0          0          0          0   entry9a.o
        30          0          0          0          0          0   handlers.o
        36          8          0          0          0         68   init.o
        36          0          0          0          0        108   memseta.o
       472         14          0          0          0        184   printf3.o
         0          0          0          4          0          0   stdout.o
        44          0          0          0          0         80   uidiv.o

    ----------------------------------------------------------------------
       640         30          0          4          0        440   Library Totals
         2          0          0          0          0          0   (incl. Padding)

    ----------------------------------------------------------------------

      Code (inc. data)   RO Data    RW Data    ZI Data      Debug   Library Name

       638         30          0          4          0        440   mc_w.l

    ----------------------------------------------------------------------
       640         30          0          4          0        440   Library Totals

    ----------------------------------------------------------------------

==============================================================================


      Code (inc. data)   RO Data    RW Data    ZI Data      Debug   

     16510       1070        382         84      13804     621700   Grand Totals
     16510       1070        382         84      13804     621700   ELF Image Totals
     16510       1070        382         84          0          0   ROM Totals

==============================================================================

    Total RO  Size (Code + RO Data)                16892 (  16.50kB)
    Total RW  Size (RW Data + ZI Data)             13888 (  13.56kB)
    Total ROM Size (Code + RO Data + RW Data)      16976 (  16.58kB)

==============================================================================

