<html>
<body>
<pre>
<h1>µVision Build Log</h1>
<h2>Tool Versions:</h2>
IDE-Version: ¦ÌVision V5.14.0.0
Copyright (C) 2015 ARM Ltd and ARM Germany GmbH. All rights reserved.
License Information: sasd sadasd, sadasda, LIC=X1EQD-8PPHV-66GQS-LRCUC-1AVND-SDDKF
 
Tool Versions:
Toolchain:       MDK-ARM Professional  Version: 5.14.0.0
Toolchain Path:  D:\Keil5_APP\APP\ARM\ARMCC\Bin
C Compiler:      Armcc.exe V5.05 update 1 (build 106)
Assembler:       Armasm.exe V5.05 update 1 (build 106)
Linker/Locator:  ArmLink.exe V5.05 update 1 (build 106)
Library Manager: ArmAr.exe V5.05 update 1 (build 106)
Hex Converter:   FromElf.exe V5.05 update 1 (build 106)
CPU DLL:         SARMCM3.DLL V5.14.0.0
Dialog DLL:      DCM.DLL V1.13.1.0
Target DLL:      STLink\ST-LINKIII-KEIL_SWO.dll V2.0.6.0_KEIL
Dialog DLL:      TCM.DLL V1.14.4.0
 
<h2>Project:</h2>
C:\Users\asus\Desktop\IPS\SPI_IPS\IPS_test2\ST7789V\MDK-ARM\ST7789V.uvprojx
Project File Date:  03/29/2021

<h2>Output:</h2>
Build target 'ST7789V'
compiling main.c...
../Core/Src/main.c(209): warning:  #177-D: function "MX_USART1_UART_Init" was declared but never referenced
  static void MX_USART1_UART_Init(void)
../Core/Src/main.c: 1 warning, 0 errors
compiling tftlcd.c...
linking...
Program Size: Code=6364 RO-data=352 RW-data=16 ZI-data=2400  
FromELF: creating hex file...
"ST7789V\ST7789V.axf" - 0 Error(s), 1 Warning(s).

<h2>Software Packages used:</h2>

Package Vendor: ARM
                http://www.keil.com/pack/ARM.CMSIS.4.2.0.pack
                ARM::CMSIS:CORE:3.40.0
                CMSIS (Cortex Microcontroller Software Interface Standard)
   * Component: CORE Version: 3.40.0

<h2>Collection of Component include folders:</h2>
  C:\Users\asus\Desktop\IPS\SPI_IPS\IPS_test2\ST7789V\MDK-ARM\RTE
  D:\Keil5_APP\APP\ARM\CMSIS\4.2.0\CMSIS\Include
  D:\Keil5_APP\APP\Keil\STM32F1xx_DFP\1.0.5\Device\Include

<h2>Collection of Component Files used:</h2>

   * Component: ARM::CMSIS:CORE:3.40.0
      Source file:   CMSIS\UserCodeTemplates\ARM\ITM_Retarget.c
</pre>
</body>
</html>
